[2026-07-26 20:24:57.019 +0300] [32mINFO[39m:
    [35mservice[39m: "impactloop-api"
    [35menvironment[39m: "development"
    [35mrequestId[39m: "8fb1ec89-6248-4950-b643-1d8ea3e8df35"
    [35mmethod[39m: "POST"
    [35mpath[39m: "/api/ai/v1/conversations"
    [35muserId[39m: "cms22j1c00005ikvgp3noslwf"
    [35moperation[39m: "http.request.complete"
    [35mevent[39m: "finished"
    [35mroute[39m: "/api/ai/v1/conversations"
    [35mstatusCode[39m: 201
    [35mdurationMs[39m: 61
    [35mresponseSize[39m: 278
    [35mmessage[39m: "HTTP request completed"
[2026-07-26 20:24:57.230 +0300] [32mINFO[39m:
    [35mservice[39m: "impactloop-api"
    [35menvironment[39m: "development"
    [35mrequestId[39m: "6600da93-20c5-46f0-9d01-611ba9dcddaf"
    [35mmethod[39m: "POST"
    [35mpath[39m: "/api/ai/v1/conversations/cms22j2nb000jikvgttnv7gtm/messages"
    [35muserId[39m: "cms22j1c00005ikvgp3noslwf"
    [35mmessage[39m: "learner agent understanding diagnostics"
[2026-07-26 20:24:57.291 +0300] [32mINFO[39m:
    [35mservice[39m: "impactloop-api"
    [35menvironment[39m: "development"
    [35mrequestId[39m: null
    [35mmethod[39m: "POST"
    [35mpath[39m: "/api/ai/v1/conversations/cms22j2nb000jikvgttnv7gtm/messages"
    [35muserId[39m: "cms22j1c00005ikvgp3noslwf"
    [35mdurationMs[39m: 60
    [35mmessage[39m: "AI learner agent tool executed"
[2026-07-26 20:24:57.292 +0300] [32mINFO[39m:
    [35mservice[39m: "impactloop-api"
    [35menvironment[39m: "development"
    [35mrequestId[39m: "6600da93-20c5-46f0-9d01-611ba9dcddaf"
    [35mmethod[39m: "POST"
    [35mpath[39m: "/api/ai/v1/conversations/cms22j2nb000jikvgttnv7gtm/messages"
    [35muserId[39m: "cms22j1c00005ikvgp3noslwf"
    [35mroute[39m: "MATERIAL_SEARCH"
    [35mmessage[39m: "learner agent platform turn completed"
[2026-07-26 20:24:57.313 +0300] [32mINFO[39m:
    [35mservice[39m: "impactloop-api"
    [35menvironment[39m: "development"
    [35mrequestId[39m: "6600da93-20c5-46f0-9d01-611ba9dcddaf"
    [35mmethod[39m: "POST"
    [35mpath[39m: "/api/ai/v1/conversations/cms22j2nb000jikvgttnv7gtm/messages"
    [35muserId[39m: "cms22j1c00005ikvgp3noslwf"
    [35mprovider[39m: "system"
    [35mmodel[39m: null
    [35mmessage[39m: "general learning turn completed"
[2026-07-26 20:24:57.318 +0300] [32mINFO[39m:
    [35mservice[39m: "impactloop-api"
    [35menvironment[39m: "development"
    [35mrequestId[39m: "6600da93-20c5-46f0-9d01-611ba9dcddaf"
    [35mmethod[39m: "POST"
    [35mpath[39m: "/api/ai/v1/conversations/cms22j2nb000jikvgttnv7gtm/messages"
    [35muserId[39m: "cms22j1c00005ikvgp3noslwf"
    [35moperation[39m: "http.request.complete"
    [35mevent[39m: "finished"
    [35mroute[39m: "/api/ai/v1/conversations/:conversationId/messages"
    [35mstatusCode[39m: 201
    [35mdurationMs[39m: 276
    [35mresponseSize[39m: 1642
    [35mmessage[39m: "HTTP request completed"
[2026-07-26 20:24:57.376 +0300] [32mINFO[39m:
    [35mservice[39m: "impactloop-api"
    [35menvironment[39m: "development"
    [35mrequestId[39m: "aa8fdac6-aa48-49ff-8442-09d9d548da6c"
    [35mmethod[39m: "POST"
    [35mpath[39m: "/api/ai/v1/conversations/cms22j2nb000jikvgttnv7gtm/messages"
    [35muserId[39m: "cms22j1c00005ikvgp3noslwf"
    [35mmessage[39m: "learner agent understanding diagnostics"
[2026-07-26 20:24:57.519 +0300] [32mINFO[39m:
    [35mservice[39m: "impactloop-api"
    [35menvironment[39m: "development"
    [35mrequestId[39m: "aa8fdac6-aa48-49ff-8442-09d9d548da6c"
    [35mmethod[39m: "POST"
    [35mpath[39m: "/api/ai/v1/conversations/cms22j2nb000jikvgttnv7gtm/messages"
    [35muserId[39m: "cms22j1c00005ikvgp3noslwf"
    [35mprovider[39m: "system"
    [35mmodel[39m: null
    [35mmessage[39m: "general learning turn completed"
[2026-07-26 20:24:57.523 +0300] [32mINFO[39m:
    [35mservice[39m: "impactloop-api"
    [35menvironment[39m: "development"
    [35mrequestId[39m: "aa8fdac6-aa48-49ff-8442-09d9d548da6c"
    [35mmethod[39m: "POST"
    [35mpath[39m: "/api/ai/v1/conversations/cms22j2nb000jikvgttnv7gtm/messages"
    [35muserId[39m: "cms22j1c00005ikvgp3noslwf"
    [35moperation[39m: "http.request.complete"
    [35mevent[39m: "finished"
    [35mroute[39m: "/api/ai/v1/conversations/:conversationId/messages"
    [35mstatusCode[39m: 201
    [35mdurationMs[39m: 197
    [35mresponseSize[39m: 934
    [35mmessage[39m: "HTTP request completed"
Γû╢ ai actions http closure
  Γ£ö prepare SAVE_MATERIAL returns confirmation without write (667.9964ms)
[2026-07-26 20:24:57.550 +0300] [32mINFO[39m:
    [35mservice[39m: "impactloop-api"
    [35menvironment[39m: "development"
    [35mrequestId[39m: "4f7bb30c-bdd4-4725-b4cd-2d74f1a6fdf9"
    [35mmethod[39m: "POST"
    [35mpath[39m: "/api/ai/v1/conversations"
    [35muserId[39m: "cms22j1c00005ikvgp3noslwf"
    [35moperation[39m: "http.request.complete"
    [35mevent[39m: "finished"
    [35mroute[39m: "/api/ai/v1/conversations"
    [35mstatusCode[39m: 201
    [35mdurationMs[39m: 10
    [35mresponseSize[39m: 278
    [35mmessage[39m: "HTTP request completed"
[2026-07-26 20:24:57.599 +0300] [32mINFO[39m:
    [35mservice[39m: "impactloop-api"
    [35menvironment[39m: "development"
    [35mrequestId[39m: "3e10f2dc-4c75-428d-8679-79f07f81133b"
    [35mmethod[39m: "POST"
    [35mpath[39m: "/api/ai/v1/conversations/cms22j32i000qikvgezk3jz0e/messages"
    [35muserId[39m: "cms22j1c00005ikvgp3noslwf"
    [35mmessage[39m: "learner agent understanding diagnostics"
[2026-07-26 20:24:57.641 +0300] [32mINFO[39m:
    [35mservice[39m: "impactloop-api"
    [35menvironment[39m: "development"
    [35mrequestId[39m: null
    [35mmethod[39m: "POST"
    [35mpath[39m: "/api/ai/v1/conversations/cms22j32i000qikvgezk3jz0e/messages"
    [35muserId[39m: "cms22j1c00005ikvgp3noslwf"
    [35mdurationMs[39m: 42
    [35mmessage[39m: "AI learner agent tool executed"
[2026-07-26 20:24:57.642 +0300] [32mINFO[39m:
    [35mservice[39m: "impactloop-api"
    [35menvironment[39m: "development"
    [35mrequestId[39m: "3e10f2dc-4c75-428d-8679-79f07f81133b"
    [35mmethod[39m: "POST"
    [35mpath[39m: "/api/ai/v1/conversations/cms22j32i000qikvgezk3jz0e/messages"
    [35muserId[39m: "cms22j1c00005ikvgp3noslwf"
    [35mroute[39m: "MATERIAL_SEARCH"
    [35mmessage[39m: "learner agent platform turn completed"
[2026-07-26 20:24:57.656 +0300] [32mINFO[39m:
    [35mservice[39m: "impactloop-api"
    [35menvironment[39m: "development"
    [35mrequestId[39m: "3e10f2dc-4c75-428d-8679-79f07f81133b"
    [35mmethod[39m: "POST"
    [35mpath[39m: "/api/ai/v1/conversations/cms22j32i000qikvgezk3jz0e/messages"
    [35muserId[39m: "cms22j1c00005ikvgp3noslwf"
    [35mprovider[39m: "system"
    [35mmodel[39m: null
    [35mmessage[39m: "general learning turn completed"
[2026-07-26 20:24:57.660 +0300] [32mINFO[39m:
    [35mservice[39m: "impactloop-api"
    [35menvironment[39m: "development"
    [35mrequestId[39m: "3e10f2dc-4c75-428d-8679-79f07f81133b"
    [35mmethod[39m: "POST"
    [35mpath[39m: "/api/ai/v1/conversations/cms22j32i000qikvgezk3jz0e/messages"
    [35muserId[39m: "cms22j1c00005ikvgp3noslwf"
    [35moperation[39m: "http.request.complete"
    [35mevent[39m: "finished"
    [35mroute[39m: "/api/ai/v1/conversations/:conversationId/messages"
    [35mstatusCode[39m: 201
    [35mdurationMs[39m: 105
    [35mresponseSize[39m: 1642
    [35mmessage[39m: "HTTP request completed"
[2026-07-26 20:24:57.703 +0300] [32mINFO[39m:
    [35mservice[39m: "impactloop-api"
    [35menvironment[39m: "development"
    [35mrequestId[39m: "969ec57c-5db8-4329-85d1-1d8785894519"
    [35mmethod[39m: "POST"
    [35mpath[39m: "/api/ai/v1/conversations/cms22j32i000qikvgezk3jz0e/messages"
    [35muserId[39m: "cms22j1c00005ikvgp3noslwf"
    [35mmessage[39m: "learner agent understanding diagnostics"
[2026-07-26 20:24:57.806 +0300] [32mINFO[39m:
    [35mservice[39m: "impactloop-api"
    [35menvironment[39m: "development"
    [35mrequestId[39m: "969ec57c-5db8-4329-85d1-1d8785894519"
    [35mmethod[39m: "POST"
    [35mpath[39m: "/api/ai/v1/conversations/cms22j32i000qikvgezk3jz0e/messages"
    [35muserId[39m: "cms22j1c00005ikvgp3noslwf"
    [35mprovider[39m: "system"
    [35mmodel[39m: null
    [35mmessage[39m: "general learning turn completed"
[2026-07-26 20:24:57.811 +0300] [32mINFO[39m:
    [35mservice[39m: "impactloop-api"
    [35menvironment[39m: "development"
    [35mrequestId[39m: "969ec57c-5db8-4329-85d1-1d8785894519"
    [35mmethod[39m: "POST"
    [35mpath[39m: "/api/ai/v1/conversations/cms22j32i000qikvgezk3jz0e/messages"
    [35muserId[39m: "cms22j1c00005ikvgp3noslwf"
    [35moperation[39m: "http.request.complete"
    [35mevent[39m: "finished"
    [35mroute[39m: "/api/ai/v1/conversations/:conversationId/messages"
    [35mstatusCode[39m: 201
    [35mdurationMs[39m: 144
    [35mresponseSize[39m: 934
    [35mmessage[39m: "HTTP request completed"
[2026-07-26 20:24:57.871 +0300] [32mINFO[39m:
    [35mservice[39m: "impactloop-api"
    [35menvironment[39m: "development"
    [35mrequestId[39m: "2dad1516-1d4b-4bae-ae18-3e218d8060b6"
    [35mmethod[39m: "POST"
    [35mpath[39m: "/api/ai/v1/actions/cms22j39e000uikvg4ajeys47/confirm"
    [35muserId[39m: "cms22j1c00005ikvgp3noslwf"
    [35moperation[39m: "http.request.complete"
    [35mevent[39m: "finished"
    [35mroute[39m: "/api/ai/v1/actions/:pendingActionId/confirm"
    [35mstatusCode[39m: 201
    [35mdurationMs[39m: 54
    [35mresponseSize[39m: 382
    [35mmessage[39m: "HTTP request completed"
  Γ£ö confirm SAVE_MATERIAL writes once and returns action_result (342.9002ms)
[2026-07-26 20:24:57.890 +0300] [32mINFO[39m:
    [35mservice[39m: "impactloop-api"
    [35menvironment[39m: "development"
    [35mrequestId[39m: "e2dfe562-d5aa-403f-ab98-0486f47257bb"
    [35mmethod[39m: "POST"
    [35mpath[39m: "/api/ai/v1/conversations"
    [35muserId[39m: "cms22j1c00005ikvgp3noslwf"
    [35moperation[39m: "http.request.complete"
    [35mevent[39m: "finished"
    [35mroute[39m: "/api/ai/v1/conversations"
    [35mstatusCode[39m: 201
    [35mdurationMs[39m: 7
    [35mresponseSize[39m: 278
    [35mmessage[39m: "HTTP request completed"
[2026-07-26 20:24:57.935 +0300] [32mINFO[39m:
    [35mservice[39m: "impactloop-api"
    [35menvironment[39m: "development"
    [35mrequestId[39m: "e826b8d6-61e6-412f-a898-b4fdbedda996"
    [35mmethod[39m: "POST"
    [35mpath[39m: "/api/ai/v1/conversations/cms22j3by000xikvgo2ga2i82/messages"
    [35muserId[39m: "cms22j1c00005ikvgp3noslwf"
    [35mmessage[39m: "learner agent understanding diagnostics"
[2026-07-26 20:24:57.960 +0300] [32mINFO[39m:
    [35mservice[39m: "impactloop-api"
    [35menvironment[39m: "development"
    [35mrequestId[39m: null
    [35mmethod[39m: "POST"
    [35mpath[39m: "/api/ai/v1/conversations/cms22j3by000xikvgo2ga2i82/messages"
    [35muserId[39m: "cms22j1c00005ikvgp3noslwf"
    [35mdurationMs[39m: 24
    [35mmessage[39m: "AI learner agent tool executed"
[2026-07-26 20:24:57.960 +0300] [32mINFO[39m:
    [35mservice[39m: "impactloop-api"
    [35menvironment[39m: "development"
    [35mrequestId[39m: "e826b8d6-61e6-412f-a898-b4fdbedda996"
    [35mmethod[39m: "POST"
    [35mpath[39m: "/api/ai/v1/conversations/cms22j3by000xikvgo2ga2i82/messages"
    [35muserId[39m: "cms22j1c00005ikvgp3noslwf"
    [35mroute[39m: "MATERIAL_SEARCH"
    [35mmessage[39m: "learner agent platform turn completed"
[2026-07-26 20:24:57.967 +0300] [32mINFO[39m:
    [35mservice[39m: "impactloop-api"
    [35menvironment[39m: "development"
    [35mrequestId[39m: "e826b8d6-61e6-412f-a898-b4fdbedda996"
    [35mmethod[39m: "POST"
    [35mpath[39m: "/api/ai/v1/conversations/cms22j3by000xikvgo2ga2i82/messages"
    [35muserId[39m: "cms22j1c00005ikvgp3noslwf"
    [35mprovider[39m: "system"
    [35mmodel[39m: null
    [35mmessage[39m: "general learning turn completed"
[2026-07-26 20:24:57.971 +0300] [32mINFO[39m:
    [35mservice[39m: "impactloop-api"
    [35menvironment[39m: "development"
    [35mrequestId[39m: "e826b8d6-61e6-412f-a898-b4fdbedda996"
    [35mmethod[39m: "POST"
    [35mpath[39m: "/api/ai/v1/conversations/cms22j3by000xikvgo2ga2i82/messages"
    [35muserId[39m: "cms22j1c00005ikvgp3noslwf"
    [35moperation[39m: "http.request.complete"
    [35mevent[39m: "finished"
    [35mroute[39m: "/api/ai/v1/conversations/:conversationId/messages"
    [35mstatusCode[39m: 201
    [35mdurationMs[39m: 76
    [35mresponseSize[39m: 1642
    [35mmessage[39m: "HTTP request completed"
[2026-07-26 20:24:58.021 +0300] [32mINFO[39m:
    [35mservice[39m: "impactloop-api"
    [35menvironment[39m: "development"
    [35mrequestId[39m: "f67cfe72-36e8-4454-abfb-def170201f88"
    [35mmethod[39m: "POST"
    [35mpath[39m: "/api/ai/v1/conversations/cms22j3by000xikvgo2ga2i82/messages"
    [35muserId[39m: "cms22j1c00005ikvgp3noslwf"
    [35mmessage[39m: "learner agent understanding diagnostics"
[2026-07-26 20:24:58.097 +0300] [32mINFO[39m:
    [35mservice[39m: "impactloop-api"
    [35menvironment[39m: "development"
    [35mrequestId[39m: "f67cfe72-36e8-4454-abfb-def170201f88"
    [35mmethod[39m: "POST"
    [35mpath[39m: "/api/ai/v1/conversations/cms22j3by000xikvgo2ga2i82/messages"
    [35muserId[39m: "cms22j1c00005ikvgp3noslwf"
    [35mprovider[39m: "system"
    [35mmodel[39m: null
    [35mmessage[39m: "general learning turn completed"
[2026-07-26 20:24:58.103 +0300] [32mINFO[39m:
    [35mservice[39m: "impactloop-api"
    [35menvironment[39m: "development"
    [35mrequestId[39m: "f67cfe72-36e8-4454-abfb-def170201f88"
    [35mmethod[39m: "POST"
    [35mpath[39m: "/api/ai/v1/conversations/cms22j3by000xikvgo2ga2i82/messages"
    [35muserId[39m: "cms22j1c00005ikvgp3noslwf"
    [35moperation[39m: "http.request.complete"
    [35mevent[39m: "finished"
    [35mroute[39m: "/api/ai/v1/conversations/:conversationId/messages"
    [35mstatusCode[39m: 201
    [35mdurationMs[39m: 123
    [35mresponseSize[39m: 934
    [35mmessage[39m: "HTTP request completed"
[2026-07-26 20:24:58.137 +0300] [32mINFO[39m:
    [35mservice[39m: "impactloop-api"
    [35menvironment[39m: "development"
    [35mrequestId[39m: "9bfef743-c486-4465-92a2-aaec46f82208"
    [35mmethod[39m: "POST"
    [35mpath[39m: "/api/ai/v1/actions/cms22j3hh0011ikvgqjongqzb/confirm"
    [35muserId[39m: "cms22j1c00005ikvgp3noslwf"
    [35moperation[39m: "http.request.complete"
    [35mevent[39m: "finished"
    [35mroute[39m: "/api/ai/v1/actions/:pendingActionId/confirm"
    [35mstatusCode[39m: 201
    [35mdurationMs[39m: 29
    [35mresponseSize[39m: 382
    [35mmessage[39m: "HTTP request completed"
[2026-07-26 20:24:58.146 +0300] [32mINFO[39m:
    [35mservice[39m: "impactloop-api"
    [35menvironment[39m: "development"
    [35mrequestId[39m: "6c335c1e-78ee-4fdd-85ec-c51fdd0850ba"
    [35mmethod[39m: "POST"
    [35mpath[39m: "/api/ai/v1/actions/cms22j3hh0011ikvgqjongqzb/confirm"
    [35muserId[39m: "cms22j1c00005ikvgp3noslwf"
    [35moperation[39m: "http.request.complete"
    [35mevent[39m: "finished"
    [35mroute[39m: "/api/ai/v1/actions/:pendingActionId/confirm"
    [35mstatusCode[39m: 201
    [35mdurationMs[39m: 5
    [35mresponseSize[39m: 382
    [35mmessage[39m: "HTTP request completed"
  Γ£ö reconfirm executed SAVE_MATERIAL is idempotent (272.0618ms)
[2026-07-26 20:24:58.162 +0300] [32mINFO[39m:
    [35mservice[39m: "impactloop-api"
    [35menvironment[39m: "development"
    [35mrequestId[39m: "5235c5e6-7c37-431f-ba48-dc4698ea9df9"
    [35mmethod[39m: "POST"
    [35mpath[39m: "/api/ai/v1/conversations"
    [35muserId[39m: "cms22j1c00005ikvgp3noslwf"
    [35moperation[39m: "http.request.complete"
    [35mevent[39m: "finished"
    [35mroute[39m: "/api/ai/v1/conversations"
    [35mstatusCode[39m: 201
    [35mdurationMs[39m: 7
    [35mresponseSize[39m: 278
    [35mmessage[39m: "HTTP request completed"
[2026-07-26 20:24:58.206 +0300] [32mINFO[39m:
    [35mservice[39m: "impactloop-api"
    [35menvironment[39m: "development"
    [35mrequestId[39m: "0f753731-2d08-418a-9890-08cdee9938e1"
    [35mmethod[39m: "POST"
    [35mpath[39m: "/api/ai/v1/conversations/cms22j3jj0013ikvgbsyp0qhb/messages"
    [35muserId[39m: "cms22j1c00005ikvgp3noslwf"
    [35mmessage[39m: "learner agent understanding diagnostics"
[2026-07-26 20:24:58.241 +0300] [32mINFO[39m:
    [35mservice[39m: "impactloop-api"
    [35menvironment[39m: "development"
    [35mrequestId[39m: null
    [35mmethod[39m: "POST"
    [35mpath[39m: "/api/ai/v1/conversations/cms22j3jj0013ikvgbsyp0qhb/messages"
    [35muserId[39m: "cms22j1c00005ikvgp3noslwf"
    [35mdurationMs[39m: 35
    [35mmessage[39m: "AI learner agent tool executed"
[2026-07-26 20:24:58.241 +0300] [32mINFO[39m:
    [35mservice[39m: "impactloop-api"
    [35menvironment[39m: "development"
    [35mrequestId[39m: "0f753731-2d08-418a-9890-08cdee9938e1"
    [35mmethod[39m: "POST"
    [35mpath[39m: "/api/ai/v1/conversations/cms22j3jj0013ikvgbsyp0qhb/messages"
    [35muserId[39m: "cms22j1c00005ikvgp3noslwf"
    [35mroute[39m: "MATERIAL_SEARCH"
    [35mmessage[39m: "learner agent platform turn completed"
[2026-07-26 20:24:58.249 +0300] [32mINFO[39m:
    [35mservice[39m: "impactloop-api"
    [35menvironment[39m: "development"
    [35mrequestId[39m: "0f753731-2d08-418a-9890-08cdee9938e1"
    [35mmethod[39m: "POST"
    [35mpath[39m: "/api/ai/v1/conversations/cms22j3jj0013ikvgbsyp0qhb/messages"
    [35muserId[39m: "cms22j1c00005ikvgp3noslwf"
    [35mprovider[39m: "system"
    [35mmodel[39m: null
    [35mmessage[39m: "general learning turn completed"
[2026-07-26 20:24:58.254 +0300] [32mINFO[39m:
    [35mservice[39m: "impactloop-api"
    [35menvironment[39m: "development"
    [35mrequestId[39m: "0f753731-2d08-418a-9890-08cdee9938e1"
    [35mmethod[39m: "POST"
    [35mpath[39m: "/api/ai/v1/conversations/cms22j3jj0013ikvgbsyp0qhb/messages"
    [35muserId[39m: "cms22j1c00005ikvgp3noslwf"
    [35moperation[39m: "http.request.complete"
    [35mevent[39m: "finished"
    [35mroute[39m: "/api/ai/v1/conversations/:conversationId/messages"
    [35mstatusCode[39m: 201
    [35mdurationMs[39m: 89
    [35mresponseSize[39m: 1642
    [35mmessage[39m: "HTTP request completed"
[2026-07-26 20:24:58.294 +0300] [32mINFO[39m:
    [35mservice[39m: "impactloop-api"
    [35menvironment[39m: "development"
    [35mrequestId[39m: "6e1b7748-2b3f-47c1-990c-0fc2e98e772a"
    [35mmethod[39m: "POST"
    [35mpath[39m: "/api/ai/v1/conversations/cms22j3jj0013ikvgbsyp0qhb/messages"
    [35muserId[39m: "cms22j1c00005ikvgp3noslwf"
    [35mmessage[39m: "learner agent understanding diagnostics"
[2026-07-26 20:24:58.386 +0300] [32mINFO[39m:
    [35mservice[39m: "impactloop-api"
    [35menvironment[39m: "development"
    [35mrequestId[39m: "6e1b7748-2b3f-47c1-990c-0fc2e98e772a"
    [35mmethod[39m: "POST"
    [35mpath[39m: "/api/ai/v1/conversations/cms22j3jj0013ikvgbsyp0qhb/messages"
    [35muserId[39m: "cms22j1c00005ikvgp3noslwf"
    [35mprovider[39m: "system"
    [35mmodel[39m: null
    [35mmessage[39m: "general learning turn completed"
[2026-07-26 20:24:58.390 +0300] [32mINFO[39m:
    [35mservice[39m: "impactloop-api"
    [35menvironment[39m: "development"
    [35mrequestId[39m: "6e1b7748-2b3f-47c1-990c-0fc2e98e772a"
    [35mmethod[39m: "POST"
    [35mpath[39m: "/api/ai/v1/conversations/cms22j3jj0013ikvgbsyp0qhb/messages"
    [35muserId[39m: "cms22j1c00005ikvgp3noslwf"
    [35moperation[39m: "http.request.complete"
    [35mevent[39m: "finished"
    [35mroute[39m: "/api/ai/v1/conversations/:conversationId/messages"
    [35mstatusCode[39m: 201
    [35mdurationMs[39m: 131
    [35mresponseSize[39m: 934
    [35mmessage[39m: "HTTP request completed"
[2026-07-26 20:24:58.413 +0300] [32mINFO[39m:
    [35mservice[39m: "impactloop-api"
    [35menvironment[39m: "development"
    [35mrequestId[39m: "ed99b534-c490-4e19-8ef5-f6da1a1dbf56"
    [35mmethod[39m: "POST"
    [35mpath[39m: "/api/ai/v1/actions/cms22j3pb0017ikvgccryfrwp/cancel"
    [35muserId[39m: "cms22j1c00005ikvgp3noslwf"
    [35moperation[39m: "http.request.complete"
    [35mevent[39m: "finished"
    [35mroute[39m: "/api/ai/v1/actions/:pendingActionId/cancel"
    [35mstatusCode[39m: 200
    [35mdurationMs[39m: 18
    [35mresponseSize[39m: 330
    [35mmessage[39m: "HTTP request completed"
[2026-07-26 20:24:58.427 +0300] [32mINFO[39m:
    [35mservice[39m: "impactloop-api"
    [35menvironment[39m: "development"
    [35mrequestId[39m: "fb10f70c-11b5-4b6a-9a5e-bac19df74de5"
    [35mmethod[39m: "POST"
    [35mpath[39m: "/api/ai/v1/actions/cms22j3pb0017ikvgccryfrwp/confirm"
    [35muserId[39m: "cms22j1c00005ikvgp3noslwf"
    [35moperation[39m: "http.request.complete"
    [35mevent[39m: "finished"
    [35mroute[39m: "/actions/:pendingActionId/confirm"
    [35mstatusCode[39m: 409
    [35mdurationMs[39m: 9
    [35mresponseSize[39m: 141
    [35mmessage[39m: "HTTP request completed"
  Γ£ö cancel pending action prevents execution (280.7053ms)
[2026-07-26 20:24:58.442 +0300] [32mINFO[39m:
    [35mservice[39m: "impactloop-api"
    [35menvironment[39m: "development"
    [35mrequestId[39m: "b741837d-5242-46f8-9f2d-e621f9f0b8ff"
    [35mmethod[39m: "POST"
    [35mpath[39m: "/api/ai/v1/conversations"
    [35muserId[39m: "cms22j0pe0002ikvgba22evva"
    [35moperation[39m: "http.request.complete"
    [35mevent[39m: "finished"
    [35mroute[39m: "/api/ai/v1/conversations"
    [35mstatusCode[39m: 201
    [35mdurationMs[39m: 8
    [35mresponseSize[39m: 278
    [35mmessage[39m: "HTTP request completed"
[2026-07-26 20:24:58.507 +0300] [32mINFO[39m:
    [35mservice[39m: "impactloop-api"
    [35menvironment[39m: "development"
    [35mrequestId[39m: "3df1e114-8e12-45af-a025-1eda3d0ac218"
    [35mmethod[39m: "POST"
    [35mpath[39m: "/api/ai/v1/conversations/cms22j3ra0019ikvg86wfcllu/messages"
    [35muserId[39m: "cms22j0pe0002ikvgba22evva"
    [35mmessage[39m: "learner agent understanding diagnostics"
[2026-07-26 20:24:58.541 +0300] [32mINFO[39m:
    [35mservice[39m: "impactloop-api"
    [35menvironment[39m: "development"
    [35mrequestId[39m: null
    [35mmethod[39m: "POST"
    [35mpath[39m: "/api/ai/v1/conversations/cms22j3ra0019ikvg86wfcllu/messages"
    [35muserId[39m: "cms22j0pe0002ikvgba22evva"
    [35mdurationMs[39m: 34
    [35mmessage[39m: "AI learner agent tool executed"
[2026-07-26 20:24:58.541 +0300] [32mINFO[39m:
    [35mservice[39m: "impactloop-api"
    [35menvironment[39m: "development"
    [35mrequestId[39m: "3df1e114-8e12-45af-a025-1eda3d0ac218"
    [35mmethod[39m: "POST"
    [35mpath[39m: "/api/ai/v1/conversations/cms22j3ra0019ikvg86wfcllu/messages"
    [35muserId[39m: "cms22j0pe0002ikvgba22evva"
    [35mroute[39m: "MATERIAL_SEARCH"
    [35mmessage[39m: "learner agent platform turn completed"
[2026-07-26 20:24:58.549 +0300] [32mINFO[39m:
    [35mservice[39m: "impactloop-api"
    [35menvironment[39m: "development"
    [35mrequestId[39m: "3df1e114-8e12-45af-a025-1eda3d0ac218"
    [35mmethod[39m: "POST"
    [35mpath[39m: "/api/ai/v1/conversations/cms22j3ra0019ikvg86wfcllu/messages"
    [35muserId[39m: "cms22j0pe0002ikvgba22evva"
    [35mprovider[39m: "system"
    [35mmodel[39m: null
    [35mmessage[39m: "general learning turn completed"
[2026-07-26 20:24:58.553 +0300] [32mINFO[39m:
    [35mservice[39m: "impactloop-api"
    [35menvironment[39m: "development"
    [35mrequestId[39m: "3df1e114-8e12-45af-a025-1eda3d0ac218"
    [35mmethod[39m: "POST"
    [35mpath[39m: "/api/ai/v1/conversations/cms22j3ra0019ikvg86wfcllu/messages"
    [35muserId[39m: "cms22j0pe0002ikvgba22evva"
    [35moperation[39m: "http.request.complete"
    [35mevent[39m: "finished"
    [35mroute[39m: "/api/ai/v1/conversations/:conversationId/messages"
    [35mstatusCode[39m: 201
    [35mdurationMs[39m: 107
    [35mresponseSize[39m: 1642
    [35mmessage[39m: "HTTP request completed"
[2026-07-26 20:24:58.588 +0300] [32mINFO[39m:
    [35mservice[39m: "impactloop-api"
    [35menvironment[39m: "development"
    [35mrequestId[39m: "cb1cebe9-f98e-4779-91b6-025a3fa958f8"
    [35mmethod[39m: "POST"
    [35mpath[39m: "/api/ai/v1/conversations/cms22j3ra0019ikvg86wfcllu/messages"
    [35muserId[39m: "cms22j0pe0002ikvgba22evva"
    [35mmessage[39m: "learner agent understanding diagnostics"
[2026-07-26 20:24:58.648 +0300] [32mINFO[39m:
    [35mservice[39m: "impactloop-api"
    [35menvironment[39m: "development"
    [35mrequestId[39m: "cb1cebe9-f98e-4779-91b6-025a3fa958f8"
    [35mmethod[39m: "POST"
    [35mpath[39m: "/api/ai/v1/conversations/cms22j3ra0019ikvg86wfcllu/messages"
    [35muserId[39m: "cms22j0pe0002ikvgba22evva"
    [35mprovider[39m: "system"
    [35mmodel[39m: null
    [35mmessage[39m: "general learning turn completed"
[2026-07-26 20:24:58.651 +0300] [32mINFO[39m:
    [35mservice[39m: "impactloop-api"
    [35menvironment[39m: "development"
    [35mrequestId[39m: "cb1cebe9-f98e-4779-91b6-025a3fa958f8"
    [35mmethod[39m: "POST"
    [35mpath[39m: "/api/ai/v1/conversations/cms22j3ra0019ikvg86wfcllu/messages"
    [35muserId[39m: "cms22j0pe0002ikvgba22evva"
    [35moperation[39m: "http.request.complete"
    [35mevent[39m: "finished"
    [35mroute[39m: "/api/ai/v1/conversations/:conversationId/messages"
    [35mstatusCode[39m: 201
    [35mdurationMs[39m: 94
    [35mresponseSize[39m: 934
    [35mmessage[39m: "HTTP request completed"
[2026-07-26 20:24:58.660 +0300] [32mINFO[39m:
    [35mservice[39m: "impactloop-api"
    [35menvironment[39m: "development"
    [35mrequestId[39m: "4c58499b-9b57-4576-89dd-d9d40cf41d81"
    [35mmethod[39m: "POST"
    [35mpath[39m: "/api/ai/v1/actions/cms22j3wx001eikvgohwq3x6b/confirm"
    [35muserId[39m: "cms22j1c00005ikvgp3noslwf"
    [35moperation[39m: "http.request.complete"
    [35mevent[39m: "finished"
    [35mroute[39m: "/actions/:pendingActionId/confirm"
    [35mstatusCode[39m: 404
    [35mdurationMs[39m: 4
    [35mresponseSize[39m: 145
    [35mmessage[39m: "HTTP request completed"
  Γ£ö cross-user confirm is blocked (231.2655ms)
[2026-07-26 20:24:58.672 +0300] [32mINFO[39m:
    [35mservice[39m: "impactloop-api"
    [35menvironment[39m: "development"
    [35mrequestId[39m: "0f4baa06-5d6d-40b7-bdfd-2e07d99a1178"
    [35mmethod[39m: "POST"
    [35mpath[39m: "/api/ai/v1/conversations"
    [35muserId[39m: "cms22j1c00005ikvgp3noslwf"
    [35moperation[39m: "http.request.complete"
    [35mevent[39m: "finished"
    [35mroute[39m: "/api/ai/v1/conversations"
    [35mstatusCode[39m: 201
    [35mdurationMs[39m: 5
    [35mresponseSize[39m: 278
    [35mmessage[39m: "HTTP request completed"
[2026-07-26 20:24:58.702 +0300] [32mINFO[39m:
    [35mservice[39m: "impactloop-api"
    [35menvironment[39m: "development"
    [35mrequestId[39m: "27d7ca67-67f0-4d98-8b0c-59fe2ed4ae0d"
    [35mmethod[39m: "POST"
    [35mpath[39m: "/api/ai/v1/conversations/cms22j3xq001gikvg7gcugaqb/messages"
    [35muserId[39m: "cms22j1c00005ikvgp3noslwf"
    [35mmessage[39m: "learner agent understanding diagnostics"
[2026-07-26 20:24:58.729 +0300] [32mINFO[39m:
    [35mservice[39m: "impactloop-api"
    [35menvironment[39m: "development"
    [35mrequestId[39m: null
    [35mmethod[39m: "POST"
    [35mpath[39m: "/api/ai/v1/conversations/cms22j3xq001gikvg7gcugaqb/messages"
    [35muserId[39m: "cms22j1c00005ikvgp3noslwf"
    [35mdurationMs[39m: 27
    [35mmessage[39m: "AI learner agent tool executed"
[2026-07-26 20:24:58.729 +0300] [32mINFO[39m:
    [35mservice[39m: "impactloop-api"
    [35menvironment[39m: "development"
    [35mrequestId[39m: "27d7ca67-67f0-4d98-8b0c-59fe2ed4ae0d"
    [35mmethod[39m: "POST"
    [35mpath[39m: "/api/ai/v1/conversations/cms22j3xq001gikvg7gcugaqb/messages"
    [35muserId[39m: "cms22j1c00005ikvgp3noslwf"
    [35mroute[39m: "MATERIAL_SEARCH"
    [35mmessage[39m: "learner agent platform turn completed"
[2026-07-26 20:24:58.737 +0300] [32mINFO[39m:
    [35mservice[39m: "impactloop-api"
    [35menvironment[39m: "development"
    [35mrequestId[39m: "27d7ca67-67f0-4d98-8b0c-59fe2ed4ae0d"
    [35mmethod[39m: "POST"
    [35mpath[39m: "/api/ai/v1/conversations/cms22j3xq001gikvg7gcugaqb/messages"
    [35muserId[39m: "cms22j1c00005ikvgp3noslwf"
    [35mprovider[39m: "system"
    [35mmodel[39m: null
    [35mmessage[39m: "general learning turn completed"
[2026-07-26 20:24:58.741 +0300] [32mINFO[39m:
    [35mservice[39m: "impactloop-api"
    [35menvironment[39m: "development"
    [35mrequestId[39m: "27d7ca67-67f0-4d98-8b0c-59fe2ed4ae0d"
    [35mmethod[39m: "POST"
    [35mpath[39m: "/api/ai/v1/conversations/cms22j3xq001gikvg7gcugaqb/messages"
    [35muserId[39m: "cms22j1c00005ikvgp3noslwf"
    [35moperation[39m: "http.request.complete"
    [35mevent[39m: "finished"
    [35mroute[39m: "/api/ai/v1/conversations/:conversationId/messages"
    [35mstatusCode[39m: 201
    [35mdurationMs[39m: 66
    [35mresponseSize[39m: 1642
    [35mmessage[39m: "HTTP request completed"
[2026-07-26 20:24:58.779 +0300] [32mINFO[39m:
    [35mservice[39m: "impactloop-api"
    [35menvironment[39m: "development"
    [35mrequestId[39m: "f3b377e3-f24f-44e1-b7f6-965936cf00a7"
    [35mmethod[39m: "POST"
    [35mpath[39m: "/api/ai/v1/conversations/cms22j3xq001gikvg7gcugaqb/messages"
    [35muserId[39m: "cms22j1c00005ikvgp3noslwf"
    [35mmessage[39m: "learner agent understanding diagnostics"
[2026-07-26 20:24:58.847 +0300] [32mINFO[39m:
    [35mservice[39m: "impactloop-api"
    [35menvironment[39m: "development"
    [35mrequestId[39m: "f3b377e3-f24f-44e1-b7f6-965936cf00a7"
    [35mmethod[39m: "POST"
    [35mpath[39m: "/api/ai/v1/conversations/cms22j3xq001gikvg7gcugaqb/messages"
    [35muserId[39m: "cms22j1c00005ikvgp3noslwf"
    [35mprovider[39m: "system"
    [35mmodel[39m: null
    [35mmessage[39m: "general learning turn completed"
[2026-07-26 20:24:58.850 +0300] [32mINFO[39m:
    [35mservice[39m: "impactloop-api"
    [35menvironment[39m: "development"
    [35mrequestId[39m: "f3b377e3-f24f-44e1-b7f6-965936cf00a7"
    [35mmethod[39m: "POST"
    [35mpath[39m: "/api/ai/v1/conversations/cms22j3xq001gikvg7gcugaqb/messages"
    [35muserId[39m: "cms22j1c00005ikvgp3noslwf"
    [35moperation[39m: "http.request.complete"
    [35mevent[39m: "finished"
    [35mroute[39m: "/api/ai/v1/conversations/:conversationId/messages"
    [35mstatusCode[39m: 201
    [35mdurationMs[39m: 103
    [35mresponseSize[39m: 934
    [35mmessage[39m: "HTTP request completed"
[2026-07-26 20:24:58.868 +0300] [32mINFO[39m:
    [35mservice[39m: "impactloop-api"
    [35menvironment[39m: "development"
    [35mrequestId[39m: "ca761b9b-58db-41a0-9381-39b96a6a713f"
    [35mmethod[39m: "POST"
    [35mpath[39m: "/api/ai/v1/actions/cms22j429001kikvgdgr90bx3/confirm"
    [35muserId[39m: "cms22j1c00005ikvgp3noslwf"
    [35moperation[39m: "http.request.complete"
    [35mevent[39m: "finished"
    [35mroute[39m: "/actions/:pendingActionId/confirm"
    [35mstatusCode[39m: 409
    [35mdurationMs[39m: 10
    [35mresponseSize[39m: 133
    [35mmessage[39m: "HTTP request completed"
  Γ£ö expired action cannot execute (207.7662ms)
[2026-07-26 20:24:58.880 +0300] [32mINFO[39m:
    [35mservice[39m: "impactloop-api"
    [35menvironment[39m: "development"
    [35mrequestId[39m: "b4e51734-4b96-4db1-a9e0-1cc721088070"
    [35mmethod[39m: "POST"
    [35mpath[39m: "/api/ai/v1/conversations"
    [35muserId[39m: "cms22j0pe0002ikvgba22evva"
    [35moperation[39m: "http.request.complete"
    [35mevent[39m: "finished"
    [35mroute[39m: "/api/ai/v1/conversations"
    [35mstatusCode[39m: 201
    [35mdurationMs[39m: 6
    [35mresponseSize[39m: 278
    [35mmessage[39m: "HTTP request completed"
[2026-07-26 20:24:58.915 +0300] [32mINFO[39m:
    [35mservice[39m: "impactloop-api"
    [35menvironment[39m: "development"
    [35mrequestId[39m: "d148c20f-8fa7-43c0-aed4-1070684696fa"
    [35mmethod[39m: "POST"
    [35mpath[39m: "/api/ai/v1/conversations/cms22j43h001mikvg8xzrvffd/messages"
    [35muserId[39m: "cms22j0pe0002ikvgba22evva"
    [35mmessage[39m: "learner agent understanding diagnostics"
[2026-07-26 20:24:58.942 +0300] [32mINFO[39m:
    [35mservice[39m: "impactloop-api"
    [35menvironment[39m: "development"
    [35mrequestId[39m: null
    [35mmethod[39m: "POST"
    [35mpath[39m: "/api/ai/v1/conversations/cms22j43h001mikvg8xzrvffd/messages"
    [35muserId[39m: "cms22j0pe0002ikvgba22evva"
    [35mdurationMs[39m: 27
    [35mmessage[39m: "AI learner agent tool executed"
[2026-07-26 20:24:58.942 +0300] [32mINFO[39m:
    [35mservice[39m: "impactloop-api"
    [35menvironment[39m: "development"
    [35mrequestId[39m: "d148c20f-8fa7-43c0-aed4-1070684696fa"
    [35mmethod[39m: "POST"
    [35mpath[39m: "/api/ai/v1/conversations/cms22j43h001mikvg8xzrvffd/messages"
    [35muserId[39m: "cms22j0pe0002ikvgba22evva"
    [35mroute[39m: "MATERIAL_SEARCH"
    [35mmessage[39m: "learner agent platform turn completed"
[2026-07-26 20:24:58.949 +0300] [32mINFO[39m:
    [35mservice[39m: "impactloop-api"
    [35menvironment[39m: "development"
    [35mrequestId[39m: "d148c20f-8fa7-43c0-aed4-1070684696fa"
    [35mmethod[39m: "POST"
    [35mpath[39m: "/api/ai/v1/conversations/cms22j43h001mikvg8xzrvffd/messages"
    [35muserId[39m: "cms22j0pe0002ikvgba22evva"
    [35mprovider[39m: "system"
    [35mmodel[39m: null
    [35mmessage[39m: "general learning turn completed"
[2026-07-26 20:24:58.953 +0300] [32mINFO[39m:
    [35mservice[39m: "impactloop-api"
    [35menvironment[39m: "development"
    [35mrequestId[39m: "d148c20f-8fa7-43c0-aed4-1070684696fa"
    [35mmethod[39m: "POST"
    [35mpath[39m: "/api/ai/v1/conversations/cms22j43h001mikvg8xzrvffd/messages"
    [35muserId[39m: "cms22j0pe0002ikvgba22evva"
    [35moperation[39m: "http.request.complete"
    [35mevent[39m: "finished"
    [35mroute[39m: "/api/ai/v1/conversations/:conversationId/messages"
    [35mstatusCode[39m: 201
    [35mdurationMs[39m: 71
    [35mresponseSize[39m: 1642
    [35mmessage[39m: "HTTP request completed"
[2026-07-26 20:24:58.986 +0300] [32mINFO[39m:
    [35mservice[39m: "impactloop-api"
    [35menvironment[39m: "development"
    [35mrequestId[39m: "bc34325e-7f17-4d06-a99d-9ddfe81aff13"
    [35mmethod[39m: "POST"
    [35mpath[39m: "/api/ai/v1/conversations/cms22j43h001mikvg8xzrvffd/messages"
    [35muserId[39m: "cms22j0pe0002ikvgba22evva"
    [35mmessage[39m: "learner agent understanding diagnostics"
[2026-07-26 20:24:59.047 +0300] [32mINFO[39m:
    [35mservice[39m: "impactloop-api"
    [35menvironment[39m: "development"
    [35mrequestId[39m: "bc34325e-7f17-4d06-a99d-9ddfe81aff13"
    [35mmethod[39m: "POST"
    [35mpath[39m: "/api/ai/v1/conversations/cms22j43h001mikvg8xzrvffd/messages"
    [35muserId[39m: "cms22j0pe0002ikvgba22evva"
    [35mprovider[39m: "system"
    [35mmodel[39m: null
    [35mmessage[39m: "general learning turn completed"
[2026-07-26 20:24:59.050 +0300] [32mINFO[39m:
    [35mservice[39m: "impactloop-api"
    [35menvironment[39m: "development"
    [35mrequestId[39m: "bc34325e-7f17-4d06-a99d-9ddfe81aff13"
    [35mmethod[39m: "POST"
    [35mpath[39m: "/api/ai/v1/conversations/cms22j43h001mikvg8xzrvffd/messages"
    [35muserId[39m: "cms22j0pe0002ikvgba22evva"
    [35moperation[39m: "http.request.complete"
    [35mevent[39m: "finished"
    [35mroute[39m: "/api/ai/v1/conversations/:conversationId/messages"
    [35mstatusCode[39m: 201
    [35mdurationMs[39m: 94
    [35mresponseSize[39m: 934
    [35mmessage[39m: "HTTP request completed"
[2026-07-26 20:24:59.084 +0300] [32mINFO[39m:
    [35mservice[39m: "impactloop-api"
    [35menvironment[39m: "development"
    [35mrequestId[39m: "e846c7ac-75a9-4e4f-8c22-fb28ad74cfbb"
    [35mmethod[39m: "POST"
    [35mpath[39m: "/api/ai/v1/actions/cms22j47t001qikvgpaj11rkt/confirm"
    [35muserId[39m: "cms22j0pe0002ikvgba22evva"
    [35moperation[39m: "http.request.complete"
    [35mevent[39m: "finished"
    [35mroute[39m: "/api/ai/v1/actions/:pendingActionId/confirm"
    [35mstatusCode[39m: 201
    [35mdurationMs[39m: 31
    [35mresponseSize[39m: 382
    [35mmessage[39m: "HTTP request completed"
[2026-07-26 20:24:59.119 +0300] [32mINFO[39m:
    [35mservice[39m: "impactloop-api"
    [35menvironment[39m: "development"
    [35mrequestId[39m: "9985f931-e7c6-44af-8b81-ac1634133220"
    [35mmethod[39m: "POST"
    [35mpath[39m: "/api/ai/v1/conversations/cms22j43h001mikvg8xzrvffd/messages"
    [35muserId[39m: "cms22j0pe0002ikvgba22evva"
    [35mmessage[39m: "learner agent understanding diagnostics"
[2026-07-26 20:24:59.188 +0300] [32mINFO[39m:
    [35mservice[39m: "impactloop-api"
    [35menvironment[39m: "development"
    [35mrequestId[39m: "9985f931-e7c6-44af-8b81-ac1634133220"
    [35mmethod[39m: "POST"
    [35mpath[39m: "/api/ai/v1/conversations/cms22j43h001mikvg8xzrvffd/messages"
    [35muserId[39m: "cms22j0pe0002ikvgba22evva"
    [35mprovider[39m: "system"
    [35mmodel[39m: null
    [35mmessage[39m: "general learning turn completed"
[2026-07-26 20:24:59.192 +0300] [32mINFO[39m:
    [35mservice[39m: "impactloop-api"
    [35menvironment[39m: "development"
    [35mrequestId[39m: "9985f931-e7c6-44af-8b81-ac1634133220"
    [35mmethod[39m: "POST"
    [35mpath[39m: "/api/ai/v1/conversations/cms22j43h001mikvg8xzrvffd/messages"
    [35muserId[39m: "cms22j0pe0002ikvgba22evva"
    [35moperation[39m: "http.request.complete"
    [35mevent[39m: "finished"
    [35mroute[39m: "/api/ai/v1/conversations/:conversationId/messages"
    [35mstatusCode[39m: 201
    [35mdurationMs[39m: 105
    [35mresponseSize[39m: 940
    [35mmessage[39m: "HTTP request completed"
[2026-07-26 20:24:59.223 +0300] [32mINFO[39m:
    [35mservice[39m: "impactloop-api"
    [35menvironment[39m: "development"
    [35mrequestId[39m: "42761f37-6573-4917-ad15-76b8ef1c0c7d"
    [35mmethod[39m: "POST"
    [35mpath[39m: "/api/ai/v1/actions/cms22j4bu001uikvgxn3odo7g/confirm"
    [35muserId[39m: "cms22j0pe0002ikvgba22evva"
    [35moperation[39m: "http.request.complete"
    [35mevent[39m: "finished"
    [35mroute[39m: "/api/ai/v1/actions/:pendingActionId/confirm"
    [35mstatusCode[39m: 201
    [35mdurationMs[39m: 29
    [35mresponseSize[39m: 375
    [35mmessage[39m: "HTTP request completed"
  Γ£ö UNSAVE_MATERIAL executes after confirmation (356.213ms)
[2026-07-26 20:24:59.237 +0300] [32mINFO[39m:
    [35mservice[39m: "impactloop-api"
    [35menvironment[39m: "development"
    [35mrequestId[39m: "3f429b7a-2b9d-472a-91d4-51cb827a186b"
    [35mmethod[39m: "POST"
    [35mpath[39m: "/api/ai/v1/conversations"
    [35muserId[39m: "cms22j1c00005ikvgp3noslwf"
    [35moperation[39m: "http.request.complete"
    [35mevent[39m: "finished"
    [35mroute[39m: "/api/ai/v1/conversations"
    [35mstatusCode[39m: 201
    [35mdurationMs[39m: 7
    [35mresponseSize[39m: 278
    [35mmessage[39m: "HTTP request completed"
[2026-07-26 20:24:59.276 +0300] [32mINFO[39m:
    [35mservice[39m: "impactloop-api"
    [35menvironment[39m: "development"
    [35mrequestId[39m: "62971c53-fe65-408c-8071-22465aabddb8"
    [35mmethod[39m: "POST"
    [35mpath[39m: "/api/ai/v1/conversations/cms22j4de001wikvgw4x2bb2h/messages"
    [35muserId[39m: "cms22j1c00005ikvgp3noslwf"
    [35mmessage[39m: "learner agent understanding diagnostics"
[2026-07-26 20:24:59.359 +0300] [32mINFO[39m:
    [35mservice[39m: "impactloop-api"
    [35menvironment[39m: "development"
    [35mrequestId[39m: null
    [35mmethod[39m: "POST"
    [35mpath[39m: "/api/ai/v1/conversations/cms22j4de001wikvgw4x2bb2h/messages"
    [35muserId[39m: "cms22j1c00005ikvgp3noslwf"
    [35mdurationMs[39m: 83
    [35mmessage[39m: "AI learner agent tool executed"
[2026-07-26 20:24:59.360 +0300] [32mINFO[39m:
    [35mservice[39m: "impactloop-api"
    [35menvironment[39m: "development"
    [35mrequestId[39m: "62971c53-fe65-408c-8071-22465aabddb8"
    [35mmethod[39m: "POST"
    [35mpath[39m: "/api/ai/v1/conversations/cms22j4de001wikvgw4x2bb2h/messages"
    [35muserId[39m: "cms22j1c00005ikvgp3noslwf"
    [35mroute[39m: "PROJECT_SEARCH"
    [35mmessage[39m: "learner agent platform turn completed"
[2026-07-26 20:24:59.369 +0300] [32mINFO[39m:
    [35mservice[39m: "impactloop-api"
    [35menvironment[39m: "development"
    [35mrequestId[39m: "62971c53-fe65-408c-8071-22465aabddb8"
    [35mmethod[39m: "POST"
    [35mpath[39m: "/api/ai/v1/conversations/cms22j4de001wikvgw4x2bb2h/messages"
    [35muserId[39m: "cms22j1c00005ikvgp3noslwf"
    [35mprovider[39m: "system"
    [35mmodel[39m: null
    [35mmessage[39m: "general learning turn completed"
[2026-07-26 20:24:59.373 +0300] [32mINFO[39m:
    [35mservice[39m: "impactloop-api"
    [35menvironment[39m: "development"
    [35mrequestId[39m: "62971c53-fe65-408c-8071-22465aabddb8"
    [35mmethod[39m: "POST"
    [35mpath[39m: "/api/ai/v1/conversations/cms22j4de001wikvgw4x2bb2h/messages"
    [35muserId[39m: "cms22j1c00005ikvgp3noslwf"
    [35moperation[39m: "http.request.complete"
    [35mevent[39m: "finished"
    [35mroute[39m: "/api/ai/v1/conversations/:conversationId/messages"
    [35mstatusCode[39m: 201
    [35mdurationMs[39m: 132
    [35mresponseSize[39m: 2197
    [35mmessage[39m: "HTTP request completed"
[2026-07-26 20:24:59.409 +0300] [32mINFO[39m:
    [35mservice[39m: "impactloop-api"
    [35menvironment[39m: "development"
    [35mrequestId[39m: "3a02421b-47c7-456e-b840-a4e347c70268"
    [35mmethod[39m: "POST"
    [35mpath[39m: "/api/ai/v1/conversations/cms22j4de001wikvgw4x2bb2h/messages"
    [35muserId[39m: "cms22j1c00005ikvgp3noslwf"
    [35mmessage[39m: "learner agent understanding diagnostics"
[2026-07-26 20:24:59.522 +0300] [32mINFO[39m:
    [35mservice[39m: "impactloop-api"
    [35menvironment[39m: "development"
    [35mrequestId[39m: "3a02421b-47c7-456e-b840-a4e347c70268"
    [35mmethod[39m: "POST"
    [35mpath[39m: "/api/ai/v1/conversations/cms22j4de001wikvgw4x2bb2h/messages"
    [35muserId[39m: "cms22j1c00005ikvgp3noslwf"
    [35mprovider[39m: "system"
    [35mmodel[39m: null
    [35mmessage[39m: "general learning turn completed"
[2026-07-26 20:24:59.525 +0300] [32mINFO[39m:
    [35mservice[39m: "impactloop-api"
    [35menvironment[39m: "development"
    [35mrequestId[39m: "3a02421b-47c7-456e-b840-a4e347c70268"
    [35mmethod[39m: "POST"
    [35mpath[39m: "/api/ai/v1/conversations/cms22j4de001wikvgw4x2bb2h/messages"
    [35muserId[39m: "cms22j1c00005ikvgp3noslwf"
    [35moperation[39m: "http.request.complete"
    [35mevent[39m: "finished"
    [35mroute[39m: "/api/ai/v1/conversations/:conversationId/messages"
    [35mstatusCode[39m: 201
    [35mdurationMs[39m: 150
    [35mresponseSize[39m: 939
    [35mmessage[39m: "HTTP request completed"
[2026-07-26 20:24:59.555 +0300] [32mINFO[39m:
    [35mservice[39m: "impactloop-api"
    [35menvironment[39m: "development"
    [35mrequestId[39m: "4db08b9b-d6a1-49c7-b517-9d5fe4d2a122"
    [35mmethod[39m: "POST"
    [35mpath[39m: "/api/ai/v1/actions/cms22j4ky0020ikvg1qbwj29j/confirm"
    [35muserId[39m: "cms22j1c00005ikvgp3noslwf"
    [35moperation[39m: "http.request.complete"
    [35mevent[39m: "finished"
    [35mroute[39m: "/api/ai/v1/actions/:pendingActionId/confirm"
    [35mstatusCode[39m: 201
    [35mdurationMs[39m: 26
    [35mresponseSize[39m: 388
    [35mmessage[39m: "HTTP request completed"
[2026-07-26 20:24:59.587 +0300] [32mINFO[39m:
    [35mservice[39m: "impactloop-api"
    [35menvironment[39m: "development"
    [35mrequestId[39m: "00369c87-914a-4eb6-a14d-8eecd045a4b6"
    [35mmethod[39m: "POST"
    [35mpath[39m: "/api/ai/v1/conversations/cms22j4de001wikvgw4x2bb2h/messages"
    [35muserId[39m: "cms22j1c00005ikvgp3noslwf"
    [35mmessage[39m: "learner agent understanding diagnostics"
[2026-07-26 20:24:59.696 +0300] [32mINFO[39m:
    [35mservice[39m: "impactloop-api"
    [35menvironment[39m: "development"
    [35mrequestId[39m: "00369c87-914a-4eb6-a14d-8eecd045a4b6"
    [35mmethod[39m: "POST"
    [35mpath[39m: "/api/ai/v1/conversations/cms22j4de001wikvgw4x2bb2h/messages"
    [35muserId[39m: "cms22j1c00005ikvgp3noslwf"
    [35mprovider[39m: "system"
    [35mmodel[39m: null
    [35mmessage[39m: "general learning turn completed"
[2026-07-26 20:24:59.699 +0300] [32mINFO[39m:
    [35mservice[39m: "impactloop-api"
    [35menvironment[39m: "development"
    [35mrequestId[39m: "00369c87-914a-4eb6-a14d-8eecd045a4b6"
    [35mmethod[39m: "POST"
    [35mpath[39m: "/api/ai/v1/conversations/cms22j4de001wikvgw4x2bb2h/messages"
    [35muserId[39m: "cms22j1c00005ikvgp3noslwf"
    [35moperation[39m: "http.request.complete"
    [35mevent[39m: "finished"
    [35mroute[39m: "/api/ai/v1/conversations/:conversationId/messages"
    [35mstatusCode[39m: 201
    [35mdurationMs[39m: 139
    [35mresponseSize[39m: 945
    [35mmessage[39m: "HTTP request completed"
[2026-07-26 20:24:59.733 +0300] [32mINFO[39m:
    [35mservice[39m: "impactloop-api"
    [35menvironment[39m: "development"
    [35mrequestId[39m: "78042517-46ee-4963-b16a-fa829fe05700"
    [35mmethod[39m: "POST"
    [35mpath[39m: "/api/ai/v1/conversations/cms22j4de001wikvgw4x2bb2h/messages"
    [35muserId[39m: "cms22j1c00005ikvgp3noslwf"
    [35mmessage[39m: "learner agent understanding diagnostics"
[2026-07-26 20:24:59.809 +0300] [32mINFO[39m:
    [35mservice[39m: "impactloop-api"
    [35menvironment[39m: "development"
    [35mrequestId[39m: "78042517-46ee-4963-b16a-fa829fe05700"
    [35mmethod[39m: "POST"
    [35mpath[39m: "/api/ai/v1/conversations/cms22j4de001wikvgw4x2bb2h/messages"
    [35muserId[39m: "cms22j1c00005ikvgp3noslwf"
    [35mprovider[39m: "system"
    [35mmodel[39m: null
    [35mmessage[39m: "general learning turn completed"
[2026-07-26 20:24:59.812 +0300] [32mINFO[39m:
    [35mservice[39m: "impactloop-api"
    [35menvironment[39m: "development"
    [35mrequestId[39m: "78042517-46ee-4963-b16a-fa829fe05700"
    [35mmethod[39m: "POST"
    [35mpath[39m: "/api/ai/v1/conversations/cms22j4de001wikvgw4x2bb2h/messages"
    [35muserId[39m: "cms22j1c00005ikvgp3noslwf"
    [35moperation[39m: "http.request.complete"
    [35mevent[39m: "finished"
    [35mroute[39m: "/api/ai/v1/conversations/:conversationId/messages"
    [35mstatusCode[39m: 201
    [35mdurationMs[39m: 110
    [35mresponseSize[39m: 945
    [35mmessage[39m: "HTTP request completed"
[2026-07-26 20:24:59.837 +0300] [32mINFO[39m:
    [35mservice[39m: "impactloop-api"
    [35menvironment[39m: "development"
    [35mrequestId[39m: "4b402dad-131b-430b-b5ef-a3b39c6de1a4"
    [35mmethod[39m: "POST"
    [35mpath[39m: "/api/ai/v1/actions/cms22j4t40027ikvg033tmh2a/confirm"
    [35muserId[39m: "cms22j1c00005ikvgp3noslwf"
    [35moperation[39m: "http.request.complete"
    [35mevent[39m: "finished"
    [35mroute[39m: "/api/ai/v1/actions/:pendingActionId/confirm"
    [35mstatusCode[39m: 201
    [35mdurationMs[39m: 21
    [35mresponseSize[39m: 394
    [35mmessage[39m: "HTTP request completed"
  Γ£ö SAVE_PROJECT and UNSAVE_PROJECT (612.9136ms)
[2026-07-26 20:24:59.851 +0300] [32mINFO[39m:
    [35mservice[39m: "impactloop-api"
    [35menvironment[39m: "development"
    [35mrequestId[39m: "ab86fc2d-339a-445f-9eb3-41280d01f05f"
    [35mmethod[39m: "POST"
    [35mpath[39m: "/api/ai/v1/conversations"
    [35muserId[39m: "cms22j1c00005ikvgp3noslwf"
    [35moperation[39m: "http.request.complete"
    [35mevent[39m: "finished"
    [35mroute[39m: "/api/ai/v1/conversations"
    [35mstatusCode[39m: 201
    [35mdurationMs[39m: 8
    [35mresponseSize[39m: 278
    [35mmessage[39m: "HTTP request completed"
[2026-07-26 20:24:59.884 +0300] [32mINFO[39m:
    [35mservice[39m: "impactloop-api"
    [35menvironment[39m: "development"
    [35mrequestId[39m: "b2cbca10-4ccd-40ec-9c1f-ffd800ebf1d7"
    [35mmethod[39m: "POST"
    [35mpath[39m: "/api/ai/v1/conversations/cms22j4uf0029ikvgoxlpf7z6/messages"
    [35muserId[39m: "cms22j1c00005ikvgp3noslwf"
    [35mmessage[39m: "learner agent understanding diagnostics"
[2026-07-26 20:24:59.908 +0300] [32mINFO[39m:
    [35mservice[39m: "impactloop-api"
    [35menvironment[39m: "development"
    [35mrequestId[39m: null
    [35mmethod[39m: "POST"
    [35mpath[39m: "/api/ai/v1/conversations/cms22j4uf0029ikvgoxlpf7z6/messages"
    [35muserId[39m: "cms22j1c00005ikvgp3noslwf"
    [35mdurationMs[39m: 23
    [35mmessage[39m: "AI learner agent tool executed"
[2026-07-26 20:24:59.909 +0300] [32mINFO[39m:
    [35mservice[39m: "impactloop-api"
    [35menvironment[39m: "development"
    [35mrequestId[39m: "b2cbca10-4ccd-40ec-9c1f-ffd800ebf1d7"
    [35mmethod[39m: "POST"
    [35mpath[39m: "/api/ai/v1/conversations/cms22j4uf0029ikvgoxlpf7z6/messages"
    [35muserId[39m: "cms22j1c00005ikvgp3noslwf"
    [35mroute[39m: "PROJECT_SEARCH"
    [35mmessage[39m: "learner agent platform turn completed"
[2026-07-26 20:24:59.923 +0300] [32mINFO[39m:
    [35mservice[39m: "impactloop-api"
    [35menvironment[39m: "development"
    [35mrequestId[39m: "b2cbca10-4ccd-40ec-9c1f-ffd800ebf1d7"
    [35mmethod[39m: "POST"
    [35mpath[39m: "/api/ai/v1/conversations/cms22j4uf0029ikvgoxlpf7z6/messages"
    [35muserId[39m: "cms22j1c00005ikvgp3noslwf"
    [35mprovider[39m: "system"
    [35mmodel[39m: null
    [35mmessage[39m: "general learning turn completed"
[2026-07-26 20:24:59.927 +0300] [32mINFO[39m:
    [35mservice[39m: "impactloop-api"
    [35menvironment[39m: "development"
    [35mrequestId[39m: "b2cbca10-4ccd-40ec-9c1f-ffd800ebf1d7"
    [35mmethod[39m: "POST"
    [35mpath[39m: "/api/ai/v1/conversations/cms22j4uf0029ikvgoxlpf7z6/messages"
    [35muserId[39m: "cms22j1c00005ikvgp3noslwf"
    [35moperation[39m: "http.request.complete"
    [35mevent[39m: "finished"
    [35mroute[39m: "/api/ai/v1/conversations/:conversationId/messages"
    [35mstatusCode[39m: 201
    [35mdurationMs[39m: 73
    [35mresponseSize[39m: 4002
    [35mmessage[39m: "HTTP request completed"
[2026-07-26 20:24:59.965 +0300] [32mINFO[39m:
    [35mservice[39m: "impactloop-api"
    [35menvironment[39m: "development"
    [35mrequestId[39m: "f316fffb-d404-4f7e-a2f5-26f4733afd21"
    [35mmethod[39m: "POST"
    [35mpath[39m: "/api/ai/v1/conversations/cms22j4uf0029ikvgoxlpf7z6/messages"
    [35muserId[39m: "cms22j1c00005ikvgp3noslwf"
    [35mmessage[39m: "learner agent understanding diagnostics"
[2026-07-26 20:25:00.022 +0300] [32mINFO[39m:
    [35mservice[39m: "impactloop-api"
    [35menvironment[39m: "development"
    [35mrequestId[39m: "f316fffb-d404-4f7e-a2f5-26f4733afd21"
    [35mmethod[39m: "POST"
    [35mpath[39m: "/api/ai/v1/conversations/cms22j4uf0029ikvgoxlpf7z6/messages"
    [35muserId[39m: "cms22j1c00005ikvgp3noslwf"
    [35mprovider[39m: "system"
    [35mmodel[39m: null
    [35mmessage[39m: "general learning turn completed"
[2026-07-26 20:25:00.026 +0300] [32mINFO[39m:
    [35mservice[39m: "impactloop-api"
    [35menvironment[39m: "development"
    [35mrequestId[39m: "f316fffb-d404-4f7e-a2f5-26f4733afd21"
    [35mmethod[39m: "POST"
    [35mpath[39m: "/api/ai/v1/conversations/cms22j4uf0029ikvgoxlpf7z6/messages"
    [35muserId[39m: "cms22j1c00005ikvgp3noslwf"
    [35moperation[39m: "http.request.complete"
    [35mevent[39m: "finished"
    [35mroute[39m: "/api/ai/v1/conversations/:conversationId/messages"
    [35mstatusCode[39m: 201
    [35mdurationMs[39m: 89
    [35mresponseSize[39m: 948
    [35mmessage[39m: "HTTP request completed"
[2026-07-26 20:25:00.087 +0300] [32mINFO[39m:
    [35mservice[39m: "impactloop-api"
    [35menvironment[39m: "development"
    [35mrequestId[39m: "a31ec0a7-87cc-414e-bbf0-af1a72bf0f19"
    [35mmethod[39m: "POST"
    [35mpath[39m: "/api/ai/v1/actions/cms22j4z1002dikvgcg32aotv/confirm"
    [35muserId[39m: "cms22j1c00005ikvgp3noslwf"
    [35moperation[39m: "http.request.complete"
    [35mevent[39m: "finished"
    [35mroute[39m: "/api/ai/v1/actions/:pendingActionId/confirm"
    [35mstatusCode[39m: 201
    [35mdurationMs[39m: 58
    [35mresponseSize[39m: 438
    [35mmessage[39m: "HTTP request completed"
[2026-07-26 20:25:00.095 +0300] [32mINFO[39m:
    [35mservice[39m: "impactloop-api"
    [35menvironment[39m: "development"
    [35mrequestId[39m: "a6536b89-b272-482f-8faa-97f595d2a4c8"
    [35mmethod[39m: "POST"
    [35mpath[39m: "/api/ai/v1/actions/cms22j4z1002dikvgcg32aotv/confirm"
    [35muserId[39m: "cms22j1c00005ikvgp3noslwf"
    [35moperation[39m: "http.request.complete"
    [35mevent[39m: "finished"
    [35mroute[39m: "/api/ai/v1/actions/:pendingActionId/confirm"
    [35mstatusCode[39m: 201
    [35mdurationMs[39m: 4
    [35mresponseSize[39m: 438
    [35mmessage[39m: "HTTP request completed"
  Γ£ö START_PROJECT_BUILD creates exactly one build (258.5155ms)
[2026-07-26 20:25:00.106 +0300] [32mINFO[39m:
    [35mservice[39m: "impactloop-api"
    [35menvironment[39m: "development"
    [35mrequestId[39m: "788bf1a6-82ae-4bfa-99b0-ae53800bed79"
    [35mmethod[39m: "POST"
    [35mpath[39m: "/api/ai/v1/conversations"
    [35muserId[39m: "cms22j0pe0002ikvgba22evva"
    [35moperation[39m: "http.request.complete"
    [35mevent[39m: "finished"
    [35mroute[39m: "/api/ai/v1/conversations"
    [35mstatusCode[39m: 201
    [35mdurationMs[39m: 5
    [35mresponseSize[39m: 278
    [35mmessage[39m: "HTTP request completed"
[2026-07-26 20:25:00.129 +0300] [32mINFO[39m:
    [35mservice[39m: "impactloop-api"
    [35menvironment[39m: "development"
    [35mrequestId[39m: "b4ef5878-235f-47e6-afcc-a673a4655c14"
    [35mmethod[39m: "POST"
    [35mpath[39m: "/api/ai/v1/conversations/cms22j51k002gikvg064o8djx/messages"
    [35muserId[39m: "cms22j0pe0002ikvgba22evva"
    [35mmessage[39m: "learner agent understanding diagnostics"
[2026-07-26 20:25:00.146 +0300] [32mINFO[39m:
    [35mservice[39m: "impactloop-api"
    [35menvironment[39m: "development"
    [35mrequestId[39m: null
    [35mmethod[39m: "POST"
    [35mpath[39m: "/api/ai/v1/conversations/cms22j51k002gikvg064o8djx/messages"
    [35muserId[39m: "cms22j0pe0002ikvgba22evva"
    [35mdurationMs[39m: 17
    [35mmessage[39m: "AI learner agent tool executed"
[2026-07-26 20:25:00.146 +0300] [32mINFO[39m:
    [35mservice[39m: "impactloop-api"
    [35menvironment[39m: "development"
    [35mrequestId[39m: "b4ef5878-235f-47e6-afcc-a673a4655c14"
    [35mmethod[39m: "POST"
    [35mpath[39m: "/api/ai/v1/conversations/cms22j51k002gikvg064o8djx/messages"
    [35muserId[39m: "cms22j0pe0002ikvgba22evva"
    [35mroute[39m: "MATERIAL_SEARCH"
    [35mmessage[39m: "learner agent platform turn completed"
[2026-07-26 20:25:00.150 +0300] [32mINFO[39m:
    [35mservice[39m: "impactloop-api"
    [35menvironment[39m: "development"
    [35mrequestId[39m: "b4ef5878-235f-47e6-afcc-a673a4655c14"
    [35mmethod[39m: "POST"
    [35mpath[39m: "/api/ai/v1/conversations/cms22j51k002gikvg064o8djx/messages"
    [35muserId[39m: "cms22j0pe0002ikvgba22evva"
    [35mprovider[39m: "system"
    [35mmodel[39m: null
    [35mmessage[39m: "general learning turn completed"
[2026-07-26 20:25:00.153 +0300] [32mINFO[39m:
    [35mservice[39m: "impactloop-api"
    [35menvironment[39m: "development"
    [35mrequestId[39m: "b4ef5878-235f-47e6-afcc-a673a4655c14"
    [35mmethod[39m: "POST"
    [35mpath[39m: "/api/ai/v1/conversations/cms22j51k002gikvg064o8djx/messages"
    [35muserId[39m: "cms22j0pe0002ikvgba22evva"
    [35moperation[39m: "http.request.complete"
    [35mevent[39m: "finished"
    [35mroute[39m: "/api/ai/v1/conversations/:conversationId/messages"
    [35mstatusCode[39m: 201
    [35mdurationMs[39m: 45
    [35mresponseSize[39m: 1546
    [35mmessage[39m: "HTTP request completed"
[2026-07-26 20:25:00.179 +0300] [32mINFO[39m:
    [35mservice[39m: "impactloop-api"
    [35menvironment[39m: "development"
    [35mrequestId[39m: "20260a23-1b6f-490c-99b9-7421f7262583"
    [35mmethod[39m: "POST"
    [35mpath[39m: "/api/ai/v1/conversations/cms22j51k002gikvg064o8djx/messages"
    [35muserId[39m: "cms22j0pe0002ikvgba22evva"
    [35mmessage[39m: "learner agent understanding diagnostics"
[2026-07-26 20:25:00.189 +0300] [32mINFO[39m:
    [35mservice[39m: "impactloop-api"
    [35menvironment[39m: "development"
    [35mrequestId[39m: "20260a23-1b6f-490c-99b9-7421f7262583"
    [35mmethod[39m: "POST"
    [35mpath[39m: "/api/ai/v1/conversations/cms22j51k002gikvg064o8djx/messages"
    [35muserId[39m: "cms22j0pe0002ikvgba22evva"
    [35mprovider[39m: "system"
    [35mmodel[39m: null
    [35mmessage[39m: "general learning turn completed"
[2026-07-26 20:25:00.191 +0300] [32mINFO[39m:
    [35mservice[39m: "impactloop-api"
    [35menvironment[39m: "development"
    [35mrequestId[39m: "20260a23-1b6f-490c-99b9-7421f7262583"
    [35mmethod[39m: "POST"
    [35mpath[39m: "/api/ai/v1/conversations/cms22j51k002gikvg064o8djx/messages"
    [35muserId[39m: "cms22j0pe0002ikvgba22evva"
    [35moperation[39m: "http.request.complete"
    [35mevent[39m: "finished"
    [35mroute[39m: "/api/ai/v1/conversations/:conversationId/messages"
    [35mstatusCode[39m: 201
    [35mdurationMs[39m: 35
    [35mresponseSize[39m: 607
    [35mmessage[39m: "HTTP request completed"
  Γ£û LINK_MATERIAL_TO_BUILD_COMPONENT links once after confirm (108.4621ms)
[2026-07-26 20:25:00.223 +0300] [32mINFO[39m:
    [35mservice[39m: "impactloop-api"
    [35menvironment[39m: "development"
    [35mrequestId[39m: "ba868cc7-5608-417b-96f9-8ac6ef58e247"
    [35mmethod[39m: "POST"
    [35mpath[39m: "/api/ai/v1/conversations"
    [35muserId[39m: "cms22j0pe0002ikvgba22evva"
    [35moperation[39m: "http.request.complete"
    [35mevent[39m: "finished"
    [35mroute[39m: "/api/ai/v1/conversations"
    [35mstatusCode[39m: 201
    [35mdurationMs[39m: 5
    [35mresponseSize[39m: 278
    [35mmessage[39m: "HTTP request completed"
[2026-07-26 20:25:00.251 +0300] [32mINFO[39m:
    [35mservice[39m: "impactloop-api"
    [35menvironment[39m: "development"
    [35mrequestId[39m: "7b1006b8-3fcd-48d0-8cdc-d1c5ac71304e"
    [35mmethod[39m: "POST"
    [35mpath[39m: "/api/ai/v1/conversations/cms22j54u002likvgwezsc1dz/messages"
    [35muserId[39m: "cms22j0pe0002ikvgba22evva"
    [35mmessage[39m: "learner agent understanding diagnostics"
[2026-07-26 20:25:00.268 +0300] [32mINFO[39m:
    [35mservice[39m: "impactloop-api"
    [35menvironment[39m: "development"
    [35mrequestId[39m: null
    [35mmethod[39m: "POST"
    [35mpath[39m: "/api/ai/v1/conversations/cms22j54u002likvgwezsc1dz/messages"
    [35muserId[39m: "cms22j0pe0002ikvgba22evva"
    [35mdurationMs[39m: 17
    [35mmessage[39m: "AI learner agent tool executed"
[2026-07-26 20:25:00.268 +0300] [32mINFO[39m:
    [35mservice[39m: "impactloop-api"
    [35menvironment[39m: "development"
    [35mrequestId[39m: "7b1006b8-3fcd-48d0-8cdc-d1c5ac71304e"
    [35mmethod[39m: "POST"
    [35mpath[39m: "/api/ai/v1/conversations/cms22j54u002likvgwezsc1dz/messages"
    [35muserId[39m: "cms22j0pe0002ikvgba22evva"
    [35mroute[39m: "MATERIAL_SEARCH"
    [35mmessage[39m: "learner agent platform turn completed"
[2026-07-26 20:25:00.273 +0300] [32mINFO[39m:
    [35mservice[39m: "impactloop-api"
    [35menvironment[39m: "development"
    [35mrequestId[39m: "7b1006b8-3fcd-48d0-8cdc-d1c5ac71304e"
    [35mmethod[39m: "POST"
    [35mpath[39m: "/api/ai/v1/conversations/cms22j54u002likvgwezsc1dz/messages"
    [35muserId[39m: "cms22j0pe0002ikvgba22evva"
    [35mprovider[39m: "system"
    [35mmodel[39m: null
    [35mmessage[39m: "general learning turn completed"
[2026-07-26 20:25:00.276 +0300] [32mINFO[39m:
    [35mservice[39m: "impactloop-api"
    [35menvironment[39m: "development"
    [35mrequestId[39m: "7b1006b8-3fcd-48d0-8cdc-d1c5ac71304e"
    [35mmethod[39m: "POST"
    [35mpath[39m: "/api/ai/v1/conversations/cms22j54u002likvgwezsc1dz/messages"
    [35muserId[39m: "cms22j0pe0002ikvgba22evva"
    [35moperation[39m: "http.request.complete"
    [35mevent[39m: "finished"
    [35mroute[39m: "/api/ai/v1/conversations/:conversationId/messages"
    [35mstatusCode[39m: 201
    [35mdurationMs[39m: 47
    [35mresponseSize[39m: 1546
    [35mmessage[39m: "HTTP request completed"
[2026-07-26 20:25:00.300 +0300] [32mINFO[39m:
    [35mservice[39m: "impactloop-api"
    [35menvironment[39m: "development"
    [35mrequestId[39m: "0e6a4ba6-6979-4561-836f-4264990b1713"
    [35mmethod[39m: "POST"
    [35mpath[39m: "/api/ai/v1/conversations/cms22j54u002likvgwezsc1dz/messages"
    [35muserId[39m: "cms22j0pe0002ikvgba22evva"
    [35mmessage[39m: "learner agent understanding diagnostics"
[2026-07-26 20:25:00.307 +0300] [32mINFO[39m:
    [35mservice[39m: "impactloop-api"
    [35menvironment[39m: "development"
    [35mrequestId[39m: "0e6a4ba6-6979-4561-836f-4264990b1713"
    [35mmethod[39m: "POST"
    [35mpath[39m: "/api/ai/v1/conversations/cms22j54u002likvgwezsc1dz/messages"
    [35muserId[39m: "cms22j0pe0002ikvgba22evva"
    [35mprovider[39m: "system"
    [35mmodel[39m: null
    [35mmessage[39m: "general learning turn completed"
[2026-07-26 20:25:00.309 +0300] [32mINFO[39m:
    [35mservice[39m: "impactloop-api"
    [35menvironment[39m: "development"
    [35mrequestId[39m: "0e6a4ba6-6979-4561-836f-4264990b1713"
    [35mmethod[39m: "POST"
    [35mpath[39m: "/api/ai/v1/conversations/cms22j54u002likvgwezsc1dz/messages"
    [35muserId[39m: "cms22j0pe0002ikvgba22evva"
    [35moperation[39m: "http.request.complete"
    [35mevent[39m: "finished"
    [35mroute[39m: "/api/ai/v1/conversations/:conversationId/messages"
    [35mstatusCode[39m: 201
    [35mdurationMs[39m: 30
    [35mresponseSize[39m: 607
    [35mmessage[39m: "HTTP request completed"
  Γ£û incompatible link returns typed failure without link write (102.5159ms)
[2026-07-26 20:25:00.414 +0300] [32mINFO[39m:
    [35mservice[39m: "impactloop-api"
    [35menvironment[39m: "development"
    [35mrequestId[39m: "60d55551-3be7-41df-9ae1-51e398893643"
    [35mmethod[39m: "POST"
    [35mpath[39m: "/api/ai/v1/conversations"
    [35muserId[39m: "cms22j0pe0002ikvgba22evva"
    [35moperation[39m: "http.request.complete"
    [35mevent[39m: "finished"
    [35mroute[39m: "/api/ai/v1/conversations"
    [35mstatusCode[39m: 201
    [35mdurationMs[39m: 6
    [35mresponseSize[39m: 278
    [35mmessage[39m: "HTTP request completed"
[2026-07-26 20:25:00.448 +0300] [32mINFO[39m:
    [35mservice[39m: "impactloop-api"
    [35menvironment[39m: "development"
    [35mrequestId[39m: "bf4150f8-56a6-43dd-9187-dc039edfcfaa"
    [35mmethod[39m: "POST"
    [35mpath[39m: "/api/ai/v1/conversations/cms22j5a3002qikvgnpbd8p21/messages"
    [35muserId[39m: "cms22j0pe0002ikvgba22evva"
    [35mmessage[39m: "learner agent understanding diagnostics"
[2026-07-26 20:25:00.504 +0300] [32mINFO[39m:
    [35mservice[39m: "impactloop-api"
    [35menvironment[39m: "development"
    [35mrequestId[39m: null
    [35mmethod[39m: "POST"
    [35mpath[39m: "/api/ai/v1/conversations/cms22j5a3002qikvgnpbd8p21/messages"
    [35muserId[39m: "cms22j0pe0002ikvgba22evva"
    [35mdurationMs[39m: 20
    [35mmessage[39m: "AI learner agent tool executed"
[2026-07-26 20:25:00.506 +0300] [32mINFO[39m:
    [35mservice[39m: "impactloop-api"
    [35menvironment[39m: "development"
    [35mrequestId[39m: "bf4150f8-56a6-43dd-9187-dc039edfcfaa"
    [35mmethod[39m: "POST"
    [35mpath[39m: "/api/ai/v1/conversations/cms22j5a3002qikvgnpbd8p21/messages"
    [35muserId[39m: "cms22j0pe0002ikvgba22evva"
    [35mroute[39m: "BUILD_GAP_ANALYSIS"
    [35mmessage[39m: "learner agent platform turn completed"
[2026-07-26 20:25:00.516 +0300] [32mINFO[39m:
    [35mservice[39m: "impactloop-api"
    [35menvironment[39m: "development"
    [35mrequestId[39m: "bf4150f8-56a6-43dd-9187-dc039edfcfaa"
    [35mmethod[39m: "POST"
    [35mpath[39m: "/api/ai/v1/conversations/cms22j5a3002qikvgnpbd8p21/messages"
    [35muserId[39m: "cms22j0pe0002ikvgba22evva"
    [35mprovider[39m: "mock"
    [35mmodel[39m: "mock-general-learning"
    [35mmessage[39m: "general learning turn completed"
[2026-07-26 20:25:00.519 +0300] [32mINFO[39m:
    [35mservice[39m: "impactloop-api"
    [35menvironment[39m: "development"
    [35mrequestId[39m: "bf4150f8-56a6-43dd-9187-dc039edfcfaa"
    [35mmethod[39m: "POST"
    [35mpath[39m: "/api/ai/v1/conversations/cms22j5a3002qikvgnpbd8p21/messages"
    [35muserId[39m: "cms22j0pe0002ikvgba22evva"
    [35moperation[39m: "http.request.complete"
    [35mevent[39m: "finished"
    [35mroute[39m: "/api/ai/v1/conversations/:conversationId/messages"
    [35mstatusCode[39m: 201
    [35mdurationMs[39m: 103
    [35mresponseSize[39m: 1062
    [35mmessage[39m: "HTTP request completed"
[2026-07-26 20:25:00.554 +0300] [32mINFO[39m:
    [35mservice[39m: "impactloop-api"
    [35menvironment[39m: "development"
    [35mrequestId[39m: "d0711cca-7499-4a68-94d0-bc655b4bce4b"
    [35mmethod[39m: "POST"
    [35mpath[39m: "/api/ai/v1/conversations/cms22j5a3002qikvgnpbd8p21/messages"
    [35muserId[39m: "cms22j0pe0002ikvgba22evva"
    [35mmessage[39m: "learner agent understanding diagnostics"
[2026-07-26 20:25:00.586 +0300] [32mINFO[39m:
    [35mservice[39m: "impactloop-api"
    [35menvironment[39m: "development"
    [35mrequestId[39m: "d0711cca-7499-4a68-94d0-bc655b4bce4b"
    [35mmethod[39m: "POST"
    [35mpath[39m: "/api/ai/v1/conversations/cms22j5a3002qikvgnpbd8p21/messages"
    [35muserId[39m: "cms22j0pe0002ikvgba22evva"
    [35mprovider[39m: "system"
    [35mmodel[39m: null
    [35mmessage[39m: "general learning turn completed"
[2026-07-26 20:25:00.591 +0300] [32mINFO[39m:
    [35mservice[39m: "impactloop-api"
    [35menvironment[39m: "development"
    [35mrequestId[39m: "d0711cca-7499-4a68-94d0-bc655b4bce4b"
    [35mmethod[39m: "POST"
    [35mpath[39m: "/api/ai/v1/conversations/cms22j5a3002qikvgnpbd8p21/messages"
    [35muserId[39m: "cms22j0pe0002ikvgba22evva"
    [35moperation[39m: "http.request.complete"
    [35mevent[39m: "finished"
    [35mroute[39m: "/api/ai/v1/conversations/:conversationId/messages"
    [35mstatusCode[39m: 201
    [35mdurationMs[39m: 68
    [35mresponseSize[39m: 876
    [35mmessage[39m: "HTTP request completed"
[2026-07-26 20:25:00.710 +0300] [32mINFO[39m:
    [35mservice[39m: "impactloop-api"
    [35menvironment[39m: "development"
    [35mrequestId[39m: "f8c7d8c1-b096-4be5-b393-8235c57f32b6"
    [35mmethod[39m: "POST"
    [35mpath[39m: "/api/ai/v1/actions/cms22j5eq002uikvgtpsfdj8a/confirm"
    [35muserId[39m: "cms22j0pe0002ikvgba22evva"
    [35moperation[39m: "http.request.complete"
    [35mevent[39m: "finished"
    [35mroute[39m: "/api/ai/v1/actions/:pendingActionId/confirm"
    [35mstatusCode[39m: 201
    [35mdurationMs[39m: 117
    [35mresponseSize[39m: 441
    [35mmessage[39m: "HTTP request completed"
  Γ£ö UNLINK action removes an existing link (403.3935ms)
[2026-07-26 20:25:00.722 +0300] [32mINFO[39m:
    [35mservice[39m: "impactloop-api"
    [35menvironment[39m: "development"
    [35mrequestId[39m: "5ebcd5f3-0dda-4bdf-9ea4-170c8507cb94"
    [35mmethod[39m: "POST"
    [35mpath[39m: "/api/ai/v1/conversations"
    [35muserId[39m: "cms22j1c00005ikvgp3noslwf"
    [35moperation[39m: "http.request.complete"
    [35mevent[39m: "finished"
    [35mroute[39m: "/api/ai/v1/conversations"
    [35mstatusCode[39m: 201
    [35mdurationMs[39m: 5
    [35mresponseSize[39m: 278
    [35mmessage[39m: "HTTP request completed"
[2026-07-26 20:25:00.749 +0300] [32mINFO[39m:
    [35mservice[39m: "impactloop-api"
    [35menvironment[39m: "development"
    [35mrequestId[39m: "a2df9e78-8492-4782-91d4-043a5e0aa3dc"
    [35mmethod[39m: "POST"
    [35mpath[39m: "/api/ai/v1/conversations/cms22j5in002wikvg8cpnszeg/messages"
    [35muserId[39m: "cms22j1c00005ikvgp3noslwf"
    [35mmessage[39m: "learner agent understanding diagnostics"
[2026-07-26 20:25:00.777 +0300] [32mINFO[39m:
    [35mservice[39m: "impactloop-api"
    [35menvironment[39m: "development"
    [35mrequestId[39m: null
    [35mmethod[39m: "POST"
    [35mpath[39m: "/api/ai/v1/conversations/cms22j5in002wikvg8cpnszeg/messages"
    [35muserId[39m: "cms22j1c00005ikvgp3noslwf"
    [35mdurationMs[39m: 28
    [35mmessage[39m: "AI learner agent tool executed"
[2026-07-26 20:25:00.777 +0300] [32mINFO[39m:
    [35mservice[39m: "impactloop-api"
    [35menvironment[39m: "development"
    [35mrequestId[39m: "a2df9e78-8492-4782-91d4-043a5e0aa3dc"
    [35mmethod[39m: "POST"
    [35mpath[39m: "/api/ai/v1/conversations/cms22j5in002wikvg8cpnszeg/messages"
    [35muserId[39m: "cms22j1c00005ikvgp3noslwf"
    [35mroute[39m: "MATERIAL_SEARCH"
    [35mmessage[39m: "learner agent platform turn completed"
[2026-07-26 20:25:00.784 +0300] [32mINFO[39m:
    [35mservice[39m: "impactloop-api"
    [35menvironment[39m: "development"
    [35mrequestId[39m: "a2df9e78-8492-4782-91d4-043a5e0aa3dc"
    [35mmethod[39m: "POST"
    [35mpath[39m: "/api/ai/v1/conversations/cms22j5in002wikvg8cpnszeg/messages"
    [35muserId[39m: "cms22j1c00005ikvgp3noslwf"
    [35mprovider[39m: "system"
    [35mmodel[39m: null
    [35mmessage[39m: "general learning turn completed"
[2026-07-26 20:25:00.788 +0300] [32mINFO[39m:
    [35mservice[39m: "impactloop-api"
    [35menvironment[39m: "development"
    [35mrequestId[39m: "a2df9e78-8492-4782-91d4-043a5e0aa3dc"
    [35mmethod[39m: "POST"
    [35mpath[39m: "/api/ai/v1/conversations/cms22j5in002wikvg8cpnszeg/messages"
    [35muserId[39m: "cms22j1c00005ikvgp3noslwf"
    [35moperation[39m: "http.request.complete"
    [35mevent[39m: "finished"
    [35mroute[39m: "/api/ai/v1/conversations/:conversationId/messages"
    [35mstatusCode[39m: 201
    [35mdurationMs[39m: 64
    [35mresponseSize[39m: 1546
    [35mmessage[39m: "HTTP request completed"
  Γ£û reservation preparation creates no reservation rows (98.292ms)
[2026-07-26 20:25:00.823 +0300] [32mINFO[39m:
    [35mservice[39m: "impactloop-api"
    [35menvironment[39m: "development"
    [35mrequestId[39m: "ecbfd318-77bc-4638-bac0-ca2479a52fb3"
    [35mmethod[39m: "POST"
    [35mpath[39m: "/api/ai/v1/conversations"
    [35muserId[39m: "cms22j0pe0002ikvgba22evva"
    [35moperation[39m: "http.request.complete"
    [35mevent[39m: "finished"
    [35mroute[39m: "/api/ai/v1/conversations"
    [35mstatusCode[39m: 201
    [35mdurationMs[39m: 7
    [35mresponseSize[39m: 278
    [35mmessage[39m: "HTTP request completed"
[2026-07-26 20:25:00.852 +0300] [32mINFO[39m:
    [35mservice[39m: "impactloop-api"
    [35menvironment[39m: "development"
    [35mrequestId[39m: "f65fce97-77a1-4597-9fbc-d6cd62ff7ef6"
    [35mmethod[39m: "POST"
    [35mpath[39m: "/api/ai/v1/conversations/cms22j5lg002zikvgil0ulttf/messages"
    [35muserId[39m: "cms22j0pe0002ikvgba22evva"
    [35mmessage[39m: "learner agent understanding diagnostics"
[2026-07-26 20:25:00.877 +0300] [32mINFO[39m:
    [35mservice[39m: "impactloop-api"
    [35menvironment[39m: "development"
    [35mrequestId[39m: null
    [35mmethod[39m: "POST"
    [35mpath[39m: "/api/ai/v1/conversations/cms22j5lg002zikvgil0ulttf/messages"
    [35muserId[39m: "cms22j0pe0002ikvgba22evva"
    [35mdurationMs[39m: 25
    [35mmessage[39m: "AI learner agent tool executed"
[2026-07-26 20:25:00.877 +0300] [32mINFO[39m:
    [35mservice[39m: "impactloop-api"
    [35menvironment[39m: "development"
    [35mrequestId[39m: "f65fce97-77a1-4597-9fbc-d6cd62ff7ef6"
    [35mmethod[39m: "POST"
    [35mpath[39m: "/api/ai/v1/conversations/cms22j5lg002zikvgil0ulttf/messages"
    [35muserId[39m: "cms22j0pe0002ikvgba22evva"
    [35mroute[39m: "MATERIAL_SEARCH"
    [35mmessage[39m: "learner agent platform turn completed"
[2026-07-26 20:25:00.884 +0300] [32mINFO[39m:
    [35mservice[39m: "impactloop-api"
    [35menvironment[39m: "development"
    [35mrequestId[39m: "f65fce97-77a1-4597-9fbc-d6cd62ff7ef6"
    [35mmethod[39m: "POST"
    [35mpath[39m: "/api/ai/v1/conversations/cms22j5lg002zikvgil0ulttf/messages"
    [35muserId[39m: "cms22j0pe0002ikvgba22evva"
    [35mprovider[39m: "system"
    [35mmodel[39m: null
    [35mmessage[39m: "general learning turn completed"
[2026-07-26 20:25:00.887 +0300] [32mINFO[39m:
    [35mservice[39m: "impactloop-api"
    [35menvironment[39m: "development"
    [35mrequestId[39m: "f65fce97-77a1-4597-9fbc-d6cd62ff7ef6"
    [35mmethod[39m: "POST"
    [35mpath[39m: "/api/ai/v1/conversations/cms22j5lg002zikvgil0ulttf/messages"
    [35muserId[39m: "cms22j0pe0002ikvgba22evva"
    [35moperation[39m: "http.request.complete"
    [35mevent[39m: "finished"
    [35mroute[39m: "/api/ai/v1/conversations/:conversationId/messages"
    [35mstatusCode[39m: 201
    [35mdurationMs[39m: 62
    [35mresponseSize[39m: 1642
    [35mmessage[39m: "HTTP request completed"
[2026-07-26 20:25:00.915 +0300] [32mINFO[39m:
    [35mservice[39m: "impactloop-api"
    [35menvironment[39m: "development"
    [35mrequestId[39m: "f0b64a5c-e5f7-457a-834b-368cd0e4b33e"
    [35mmethod[39m: "POST"
    [35mpath[39m: "/api/ai/v1/conversations/cms22j5lg002zikvgil0ulttf/messages"
    [35muserId[39m: "cms22j0pe0002ikvgba22evva"
    [35mmessage[39m: "learner agent understanding diagnostics"
[2026-07-26 20:25:00.954 +0300] [32mINFO[39m:
    [35mservice[39m: "impactloop-api"
    [35menvironment[39m: "development"
    [35mrequestId[39m: "f0b64a5c-e5f7-457a-834b-368cd0e4b33e"
    [35mmethod[39m: "POST"
    [35mpath[39m: "/api/ai/v1/conversations/cms22j5lg002zikvgil0ulttf/messages"
    [35muserId[39m: "cms22j0pe0002ikvgba22evva"
    [35mprovider[39m: "system"
    [35mmodel[39m: null
    [35mmessage[39m: "general learning turn completed"
[2026-07-26 20:25:00.958 +0300] [32mINFO[39m:
    [35mservice[39m: "impactloop-api"
    [35menvironment[39m: "development"
    [35mrequestId[39m: "f0b64a5c-e5f7-457a-834b-368cd0e4b33e"
    [35mmethod[39m: "POST"
    [35mpath[39m: "/api/ai/v1/conversations/cms22j5lg002zikvgil0ulttf/messages"
    [35muserId[39m: "cms22j0pe0002ikvgba22evva"
    [35moperation[39m: "http.request.complete"
    [35mevent[39m: "finished"
    [35mroute[39m: "/api/ai/v1/conversations/:conversationId/messages"
    [35mstatusCode[39m: 201
    [35mdurationMs[39m: 68
    [35mresponseSize[39m: 521
    [35mmessage[39m: "HTTP request completed"
[2026-07-26 20:25:01.046 +0300] [32mINFO[39m:
    [35mservice[39m: "impactloop-api"
    [35menvironment[39m: "development"
    [35mrequestId[39m: "fe68afac-5478-420f-8779-7849050275a6"
    [35mmethod[39m: "POST"
    [35mpath[39m: "/api/ai/v1/conversations/cms22j5lg002zikvgil0ulttf/messages"
    [35muserId[39m: "cms22j0pe0002ikvgba22evva"
    [35mprovider[39m: "system"
    [35mmodel[39m: null
    [35mmessage[39m: "general learning turn completed"
[2026-07-26 20:25:01.050 +0300] [32mINFO[39m:
    [35mservice[39m: "impactloop-api"
    [35menvironment[39m: "development"
    [35mrequestId[39m: "fe68afac-5478-420f-8779-7849050275a6"
    [35mmethod[39m: "POST"
    [35mpath[39m: "/api/ai/v1/conversations/cms22j5lg002zikvgil0ulttf/messages"
    [35muserId[39m: "cms22j0pe0002ikvgba22evva"
    [35moperation[39m: "http.request.complete"
    [35mevent[39m: "finished"
    [35mroute[39m: "/api/ai/v1/conversations/:conversationId/messages"
    [35mstatusCode[39m: 201
    [35mdurationMs[39m: 84
    [35mresponseSize[39m: 538
    [35mmessage[39m: "HTTP request completed"
[2026-07-26 20:25:01.145 +0300] [32mINFO[39m:
    [35mservice[39m: "impactloop-api"
    [35menvironment[39m: "development"
    [35mrequestId[39m: "ca943eec-df66-4942-be23-844bd3a315eb"
    [35mmethod[39m: "POST"
    [35mpath[39m: "/api/ai/v1/conversations/cms22j5lg002zikvgil0ulttf/messages"
    [35muserId[39m: "cms22j0pe0002ikvgba22evva"
    [35mprovider[39m: "system"
    [35mmodel[39m: null
    [35mmessage[39m: "general learning turn completed"
[2026-07-26 20:25:01.149 +0300] [32mINFO[39m:
    [35mservice[39m: "impactloop-api"
    [35menvironment[39m: "development"
    [35mrequestId[39m: "ca943eec-df66-4942-be23-844bd3a315eb"
    [35mmethod[39m: "POST"
    [35mpath[39m: "/api/ai/v1/conversations/cms22j5lg002zikvgil0ulttf/messages"
    [35muserId[39m: "cms22j0pe0002ikvgba22evva"
    [35moperation[39m: "http.request.complete"
    [35mevent[39m: "finished"
    [35mroute[39m: "/api/ai/v1/conversations/:conversationId/messages"
    [35mstatusCode[39m: 201
    [35mdurationMs[39m: 96
    [35mresponseSize[39m: 940
    [35mmessage[39m: "HTTP request completed"
[2026-07-26 20:25:01.246 +0300] [32mINFO[39m:
    [35mservice[39m: "impactloop-api"
    [35menvironment[39m: "development"
    [35mrequestId[39m: "24980beb-a742-4cb4-a895-fad2f4b94af5"
    [35mmethod[39m: "POST"
    [35mpath[39m: "/api/ai/v1/actions/cms22j5ua0039ikvg1lo59c90/confirm"
    [35muserId[39m: "cms22j0pe0002ikvgba22evva"
    [35moperation[39m: "http.request.complete"
    [35mevent[39m: "finished"
    [35mroute[39m: "/api/ai/v1/actions/:pendingActionId/confirm"
    [35mstatusCode[39m: 201
    [35mdurationMs[39m: 93
    [35mresponseSize[39m: 470
    [35mmessage[39m: "HTTP request completed"
[2026-07-26 20:25:01.258 +0300] [32mINFO[39m:
    [35mservice[39m: "impactloop-api"
    [35menvironment[39m: "development"
    [35mrequestId[39m: "f988019c-a779-49ee-b34d-7e9b080c0de3"
    [35mmethod[39m: "POST"
    [35mpath[39m: "/api/ai/v1/actions/cms22j5ua0039ikvg1lo59c90/confirm"
    [35muserId[39m: "cms22j0pe0002ikvgba22evva"
    [35moperation[39m: "http.request.complete"
    [35mevent[39m: "finished"
    [35mroute[39m: "/api/ai/v1/actions/:pendingActionId/confirm"
    [35mstatusCode[39m: 201
    [35mdurationMs[39m: 7
    [35mresponseSize[39m: 470
    [35mmessage[39m: "HTTP request completed"
  Γ£ö reservation multi-turn continuation accepts numeric quantity reply (449.5356ms)
[2026-07-26 20:25:01.271 +0300] [32mINFO[39m:
    [35mservice[39m: "impactloop-api"
    [35menvironment[39m: "development"
    [35mrequestId[39m: "fb2d81e7-2f45-4b8c-909f-8e87640a6b72"
    [35mmethod[39m: "POST"
    [35mpath[39m: "/api/ai/v1/conversations"
    [35muserId[39m: "cms22j0pe0002ikvgba22evva"
    [35moperation[39m: "http.request.complete"
    [35mevent[39m: "finished"
    [35mroute[39m: "/api/ai/v1/conversations"
    [35mstatusCode[39m: 201
    [35mdurationMs[39m: 6
    [35mresponseSize[39m: 278
    [35mmessage[39m: "HTTP request completed"
[2026-07-26 20:25:01.301 +0300] [32mINFO[39m:
    [35mservice[39m: "impactloop-api"
    [35menvironment[39m: "development"
    [35mrequestId[39m: "90a8d474-e739-4e0c-a7f1-228b701f5ee5"
    [35mmethod[39m: "POST"
    [35mpath[39m: "/api/ai/v1/conversations/cms22j5xw003eikvgl42lr507/messages"
    [35muserId[39m: "cms22j0pe0002ikvgba22evva"
    [35mmessage[39m: "learner agent understanding diagnostics"
[2026-07-26 20:25:01.327 +0300] [32mINFO[39m:
    [35mservice[39m: "impactloop-api"
    [35menvironment[39m: "development"
    [35mrequestId[39m: null
    [35mmethod[39m: "POST"
    [35mpath[39m: "/api/ai/v1/conversations/cms22j5xw003eikvgl42lr507/messages"
    [35muserId[39m: "cms22j0pe0002ikvgba22evva"
    [35mdurationMs[39m: 25
    [35mmessage[39m: "AI learner agent tool executed"
[2026-07-26 20:25:01.327 +0300] [32mINFO[39m:
    [35mservice[39m: "impactloop-api"
    [35menvironment[39m: "development"
    [35mrequestId[39m: "90a8d474-e739-4e0c-a7f1-228b701f5ee5"
    [35mmethod[39m: "POST"
    [35mpath[39m: "/api/ai/v1/conversations/cms22j5xw003eikvgl42lr507/messages"
    [35muserId[39m: "cms22j0pe0002ikvgba22evva"
    [35mroute[39m: "MATERIAL_SEARCH"
    [35mmessage[39m: "learner agent platform turn completed"
[2026-07-26 20:25:01.332 +0300] [32mINFO[39m:
    [35mservice[39m: "impactloop-api"
    [35menvironment[39m: "development"
    [35mrequestId[39m: "90a8d474-e739-4e0c-a7f1-228b701f5ee5"
    [35mmethod[39m: "POST"
    [35mpath[39m: "/api/ai/v1/conversations/cms22j5xw003eikvgl42lr507/messages"
    [35muserId[39m: "cms22j0pe0002ikvgba22evva"
    [35mprovider[39m: "system"
    [35mmodel[39m: null
    [35mmessage[39m: "general learning turn completed"
[2026-07-26 20:25:01.335 +0300] [32mINFO[39m:
    [35mservice[39m: "impactloop-api"
    [35menvironment[39m: "development"
    [35mrequestId[39m: "90a8d474-e739-4e0c-a7f1-228b701f5ee5"
    [35mmethod[39m: "POST"
    [35mpath[39m: "/api/ai/v1/conversations/cms22j5xw003eikvgl42lr507/messages"
    [35muserId[39m: "cms22j0pe0002ikvgba22evva"
    [35moperation[39m: "http.request.complete"
    [35mevent[39m: "finished"
    [35mroute[39m: "/api/ai/v1/conversations/:conversationId/messages"
    [35mstatusCode[39m: 201
    [35mdurationMs[39m: 61
    [35mresponseSize[39m: 1292
    [35mmessage[39m: "HTTP request completed"
[2026-07-26 20:25:01.371 +0300] [32mINFO[39m:
    [35mservice[39m: "impactloop-api"
    [35menvironment[39m: "development"
    [35mrequestId[39m: "aea92c26-709c-4abb-81f4-7d6f1e1004e9"
    [35mmethod[39m: "POST"
    [35mpath[39m: "/api/ai/v1/conversations/cms22j5xw003eikvgl42lr507/messages"
    [35muserId[39m: "cms22j0pe0002ikvgba22evva"
    [35mmessage[39m: "learner agent understanding diagnostics"
[2026-07-26 20:25:01.411 +0300] [32mINFO[39m:
    [35mservice[39m: "impactloop-api"
    [35menvironment[39m: "development"
    [35mrequestId[39m: "aea92c26-709c-4abb-81f4-7d6f1e1004e9"
    [35mmethod[39m: "POST"
    [35mpath[39m: "/api/ai/v1/conversations/cms22j5xw003eikvgl42lr507/messages"
    [35muserId[39m: "cms22j0pe0002ikvgba22evva"
    [35mprovider[39m: "system"
    [35mmodel[39m: null
    [35mmessage[39m: "general learning turn completed"
[2026-07-26 20:25:01.414 +0300] [32mINFO[39m:
    [35mservice[39m: "impactloop-api"
    [35menvironment[39m: "development"
    [35mrequestId[39m: "aea92c26-709c-4abb-81f4-7d6f1e1004e9"
    [35mmethod[39m: "POST"
    [35mpath[39m: "/api/ai/v1/conversations/cms22j5xw003eikvgl42lr507/messages"
    [35muserId[39m: "cms22j0pe0002ikvgba22evva"
    [35moperation[39m: "http.request.complete"
    [35mevent[39m: "finished"
    [35mroute[39m: "/api/ai/v1/conversations/:conversationId/messages"
    [35mstatusCode[39m: 201
    [35mdurationMs[39m: 76
    [35mresponseSize[39m: 521
    [35mmessage[39m: "HTTP request completed"
  Γ£ö reservation draft persists selected material before quantity reply (157.0132ms)
[2026-07-26 20:25:01.428 +0300] [32mINFO[39m:
    [35mservice[39m: "impactloop-api"
    [35menvironment[39m: "development"
    [35mrequestId[39m: "8459eb15-9f42-47b7-8236-722c2582088a"
    [35mmethod[39m: "POST"
    [35mpath[39m: "/api/ai/v1/conversations"
    [35muserId[39m: "cms22j0pe0002ikvgba22evva"
    [35moperation[39m: "http.request.complete"
    [35mevent[39m: "finished"
    [35mroute[39m: "/api/ai/v1/conversations"
    [35mstatusCode[39m: 201
    [35mdurationMs[39m: 6
    [35mresponseSize[39m: 278
    [35mmessage[39m: "HTTP request completed"
[2026-07-26 20:25:01.462 +0300] [32mINFO[39m:
    [35mservice[39m: "impactloop-api"
    [35menvironment[39m: "development"
    [35mrequestId[39m: "e3bd4ea7-8ac6-4d6b-a5a6-a86a8d04bea2"
    [35mmethod[39m: "POST"
    [35mpath[39m: "/api/ai/v1/conversations/cms22j62a003likvgseirs9c2/messages"
    [35muserId[39m: "cms22j0pe0002ikvgba22evva"
    [35mmessage[39m: "learner agent understanding diagnostics"
[2026-07-26 20:25:01.490 +0300] [32mINFO[39m:
    [35mservice[39m: "impactloop-api"
    [35menvironment[39m: "development"
    [35mrequestId[39m: null
    [35mmethod[39m: "POST"
    [35mpath[39m: "/api/ai/v1/conversations/cms22j62a003likvgseirs9c2/messages"
    [35muserId[39m: "cms22j0pe0002ikvgba22evva"
    [35mdurationMs[39m: 28
    [35mmessage[39m: "AI learner agent tool executed"
[2026-07-26 20:25:01.490 +0300] [32mINFO[39m:
    [35mservice[39m: "impactloop-api"
    [35menvironment[39m: "development"
    [35mrequestId[39m: "e3bd4ea7-8ac6-4d6b-a5a6-a86a8d04bea2"
    [35mmethod[39m: "POST"
    [35mpath[39m: "/api/ai/v1/conversations/cms22j62a003likvgseirs9c2/messages"
    [35muserId[39m: "cms22j0pe0002ikvgba22evva"
    [35mroute[39m: "MATERIAL_SEARCH"
    [35mmessage[39m: "learner agent platform turn completed"
[2026-07-26 20:25:01.497 +0300] [32mINFO[39m:
    [35mservice[39m: "impactloop-api"
    [35menvironment[39m: "development"
    [35mrequestId[39m: "e3bd4ea7-8ac6-4d6b-a5a6-a86a8d04bea2"
    [35mmethod[39m: "POST"
    [35mpath[39m: "/api/ai/v1/conversations/cms22j62a003likvgseirs9c2/messages"
    [35muserId[39m: "cms22j0pe0002ikvgba22evva"
    [35mprovider[39m: "system"
    [35mmodel[39m: null
    [35mmessage[39m: "general learning turn completed"
[2026-07-26 20:25:01.500 +0300] [32mINFO[39m:
    [35mservice[39m: "impactloop-api"
    [35menvironment[39m: "development"
    [35mrequestId[39m: "e3bd4ea7-8ac6-4d6b-a5a6-a86a8d04bea2"
    [35mmethod[39m: "POST"
    [35mpath[39m: "/api/ai/v1/conversations/cms22j62a003likvgseirs9c2/messages"
    [35muserId[39m: "cms22j0pe0002ikvgba22evva"
    [35moperation[39m: "http.request.complete"
    [35mevent[39m: "finished"
    [35mroute[39m: "/api/ai/v1/conversations/:conversationId/messages"
    [35mstatusCode[39m: 201
    [35mdurationMs[39m: 69
    [35mresponseSize[39m: 1292
    [35mmessage[39m: "HTTP request completed"
[2026-07-26 20:25:01.528 +0300] [32mINFO[39m:
    [35mservice[39m: "impactloop-api"
    [35menvironment[39m: "development"
    [35mrequestId[39m: "bec4ef8e-7a6d-4393-9e4a-2179acba225b"
    [35mmethod[39m: "POST"
    [35mpath[39m: "/api/ai/v1/conversations/cms22j62a003likvgseirs9c2/messages"
    [35muserId[39m: "cms22j0pe0002ikvgba22evva"
    [35mmessage[39m: "learner agent understanding diagnostics"
[2026-07-26 20:25:01.558 +0300] [32mINFO[39m:
    [35mservice[39m: "impactloop-api"
    [35menvironment[39m: "development"
    [35mrequestId[39m: "bec4ef8e-7a6d-4393-9e4a-2179acba225b"
    [35mmethod[39m: "POST"
    [35mpath[39m: "/api/ai/v1/conversations/cms22j62a003likvgseirs9c2/messages"
    [35muserId[39m: "cms22j0pe0002ikvgba22evva"
    [35mprovider[39m: "system"
    [35mmodel[39m: null
    [35mmessage[39m: "general learning turn completed"
[2026-07-26 20:25:01.561 +0300] [32mINFO[39m:
    [35mservice[39m: "impactloop-api"
    [35menvironment[39m: "development"
    [35mrequestId[39m: "bec4ef8e-7a6d-4393-9e4a-2179acba225b"
    [35mmethod[39m: "POST"
    [35mpath[39m: "/api/ai/v1/conversations/cms22j62a003likvgseirs9c2/messages"
    [35muserId[39m: "cms22j0pe0002ikvgba22evva"
    [35moperation[39m: "http.request.complete"
    [35mevent[39m: "finished"
    [35mroute[39m: "/api/ai/v1/conversations/:conversationId/messages"
    [35mstatusCode[39m: 201
    [35mdurationMs[39m: 58
    [35mresponseSize[39m: 521
    [35mmessage[39m: "HTTP request completed"
[2026-07-26 20:25:01.617 +0300] [32mINFO[39m:
    [35mservice[39m: "impactloop-api"
    [35menvironment[39m: "development"
    [35mrequestId[39m: "ceba7541-8672-413a-be65-debebc45986e"
    [35mmethod[39m: "POST"
    [35mpath[39m: "/api/ai/v1/conversations/cms22j62a003likvgseirs9c2/messages"
    [35muserId[39m: "cms22j0pe0002ikvgba22evva"
    [35mprovider[39m: "system"
    [35mmodel[39m: null
    [35mmessage[39m: "general learning turn completed"
[2026-07-26 20:25:01.620 +0300] [32mINFO[39m:
    [35mservice[39m: "impactloop-api"
    [35menvironment[39m: "development"
    [35mrequestId[39m: "ceba7541-8672-413a-be65-debebc45986e"
    [35mmethod[39m: "POST"
    [35mpath[39m: "/api/ai/v1/conversations/cms22j62a003likvgseirs9c2/messages"
    [35muserId[39m: "cms22j0pe0002ikvgba22evva"
    [35moperation[39m: "http.request.complete"
    [35mevent[39m: "finished"
    [35mroute[39m: "/api/ai/v1/conversations/:conversationId/messages"
    [35mstatusCode[39m: 201
    [35mdurationMs[39m: 57
    [35mresponseSize[39m: 538
    [35mmessage[39m: "HTTP request completed"
  Γ£ö typed quantity 2 continues reservation flow without general learning fallback (203.2111ms)
[2026-07-26 20:25:01.630 +0300] [32mINFO[39m:
    [35mservice[39m: "impactloop-api"
    [35menvironment[39m: "development"
    [35mrequestId[39m: "f6b5384f-e481-46b9-99c4-ef5c79bb1d07"
    [35mmethod[39m: "POST"
    [35mpath[39m: "/api/ai/v1/conversations"
    [35muserId[39m: "cms22j0pe0002ikvgba22evva"
    [35moperation[39m: "http.request.complete"
    [35mevent[39m: "finished"
    [35mroute[39m: "/api/ai/v1/conversations"
    [35mstatusCode[39m: 201
    [35mdurationMs[39m: 5
    [35mresponseSize[39m: 278
    [35mmessage[39m: "HTTP request completed"
[2026-07-26 20:25:01.664 +0300] [32mINFO[39m:
    [35mservice[39m: "impactloop-api"
    [35menvironment[39m: "development"
    [35mrequestId[39m: "65466ed3-b4fe-4188-b05a-97c78ba4c93d"
    [35mmethod[39m: "POST"
    [35mpath[39m: "/api/ai/v1/conversations/cms22j67w003uikvgh8knsyfj/messages"
    [35muserId[39m: "cms22j0pe0002ikvgba22evva"
    [35mmessage[39m: "learner agent understanding diagnostics"
[2026-07-26 20:25:01.719 +0300] [32mINFO[39m:
    [35mservice[39m: "impactloop-api"
    [35menvironment[39m: "development"
    [35mrequestId[39m: null
    [35mmethod[39m: "POST"
    [35mpath[39m: "/api/ai/v1/conversations/cms22j67w003uikvgh8knsyfj/messages"
    [35muserId[39m: "cms22j0pe0002ikvgba22evva"
    [35mdurationMs[39m: 55
    [35mmessage[39m: "AI learner agent tool executed"
[2026-07-26 20:25:01.719 +0300] [32mINFO[39m:
    [35mservice[39m: "impactloop-api"
    [35menvironment[39m: "development"
    [35mrequestId[39m: "65466ed3-b4fe-4188-b05a-97c78ba4c93d"
    [35mmethod[39m: "POST"
    [35mpath[39m: "/api/ai/v1/conversations/cms22j67w003uikvgh8knsyfj/messages"
    [35muserId[39m: "cms22j0pe0002ikvgba22evva"
    [35mroute[39m: "MATERIAL_SEARCH"
    [35mmessage[39m: "learner agent platform turn completed"
[2026-07-26 20:25:01.725 +0300] [32mINFO[39m:
    [35mservice[39m: "impactloop-api"
    [35menvironment[39m: "development"
    [35mrequestId[39m: "65466ed3-b4fe-4188-b05a-97c78ba4c93d"
    [35mmethod[39m: "POST"
    [35mpath[39m: "/api/ai/v1/conversations/cms22j67w003uikvgh8knsyfj/messages"
    [35muserId[39m: "cms22j0pe0002ikvgba22evva"
    [35mprovider[39m: "system"
    [35mmodel[39m: null
    [35mmessage[39m: "general learning turn completed"
[2026-07-26 20:25:01.729 +0300] [32mINFO[39m:
    [35mservice[39m: "impactloop-api"
    [35menvironment[39m: "development"
    [35mrequestId[39m: "65466ed3-b4fe-4188-b05a-97c78ba4c93d"
    [35mmethod[39m: "POST"
    [35mpath[39m: "/api/ai/v1/conversations/cms22j67w003uikvgh8knsyfj/messages"
    [35muserId[39m: "cms22j0pe0002ikvgba22evva"
    [35moperation[39m: "http.request.complete"
    [35mevent[39m: "finished"
    [35mroute[39m: "/api/ai/v1/conversations/:conversationId/messages"
    [35mstatusCode[39m: 201
    [35mdurationMs[39m: 96
    [35mresponseSize[39m: 1292
    [35mmessage[39m: "HTTP request completed"
[2026-07-26 20:25:01.761 +0300] [32mINFO[39m:
    [35mservice[39m: "impactloop-api"
    [35menvironment[39m: "development"
    [35mrequestId[39m: "9cb8a172-d9df-43f0-acd3-7c877799b217"
    [35mmethod[39m: "POST"
    [35mpath[39m: "/api/ai/v1/conversations/cms22j67w003uikvgh8knsyfj/messages"
    [35muserId[39m: "cms22j0pe0002ikvgba22evva"
    [35mmessage[39m: "learner agent understanding diagnostics"
[2026-07-26 20:25:01.799 +0300] [32mINFO[39m:
    [35mservice[39m: "impactloop-api"
    [35menvironment[39m: "development"
    [35mrequestId[39m: "9cb8a172-d9df-43f0-acd3-7c877799b217"
    [35mmethod[39m: "POST"
    [35mpath[39m: "/api/ai/v1/conversations/cms22j67w003uikvgh8knsyfj/messages"
    [35muserId[39m: "cms22j0pe0002ikvgba22evva"
    [35mprovider[39m: "system"
    [35mmodel[39m: null
    [35mmessage[39m: "general learning turn completed"
[2026-07-26 20:25:01.802 +0300] [32mINFO[39m:
    [35mservice[39m: "impactloop-api"
    [35menvironment[39m: "development"
    [35mrequestId[39m: "9cb8a172-d9df-43f0-acd3-7c877799b217"
    [35mmethod[39m: "POST"
    [35mpath[39m: "/api/ai/v1/conversations/cms22j67w003uikvgh8knsyfj/messages"
    [35muserId[39m: "cms22j0pe0002ikvgba22evva"
    [35moperation[39m: "http.request.complete"
    [35mevent[39m: "finished"
    [35mroute[39m: "/api/ai/v1/conversations/:conversationId/messages"
    [35mstatusCode[39m: 201
    [35mdurationMs[39m: 71
    [35mresponseSize[39m: 521
    [35mmessage[39m: "HTTP request completed"
[2026-07-26 20:25:01.856 +0300] [32mINFO[39m:
    [35mservice[39m: "impactloop-api"
    [35menvironment[39m: "development"
    [35mrequestId[39m: "78756e18-de6f-423c-ac37-6c1ff30b1384"
    [35mmethod[39m: "POST"
    [35mpath[39m: "/api/ai/v1/conversations/cms22j67w003uikvgh8knsyfj/messages"
    [35muserId[39m: "cms22j0pe0002ikvgba22evva"
    [35mprovider[39m: "system"
    [35mmodel[39m: null
    [35mmessage[39m: "general learning turn completed"
[2026-07-26 20:25:01.859 +0300] [32mINFO[39m:
    [35mservice[39m: "impactloop-api"
    [35menvironment[39m: "development"
    [35mrequestId[39m: "78756e18-de6f-423c-ac37-6c1ff30b1384"
    [35mmethod[39m: "POST"
    [35mpath[39m: "/api/ai/v1/conversations/cms22j67w003uikvgh8knsyfj/messages"
    [35muserId[39m: "cms22j0pe0002ikvgba22evva"
    [35moperation[39m: "http.request.complete"
    [35mevent[39m: "finished"
    [35mroute[39m: "/api/ai/v1/conversations/:conversationId/messages"
    [35mstatusCode[39m: 201
    [35mdurationMs[39m: 53
    [35mresponseSize[39m: 538
    [35mmessage[39m: "HTTP request completed"
  Γ£ö arabic digit quantity continues reservation flow (237.9639ms)
[2026-07-26 20:25:01.870 +0300] [32mINFO[39m:
    [35mservice[39m: "impactloop-api"
    [35menvironment[39m: "development"
    [35mrequestId[39m: "e77780fa-044d-46d1-b710-21cd1e259cdb"
    [35mmethod[39m: "POST"
    [35mpath[39m: "/api/ai/v1/conversations"
    [35muserId[39m: "cms22j0pe0002ikvgba22evva"
    [35moperation[39m: "http.request.complete"
    [35mevent[39m: "finished"
    [35mroute[39m: "/api/ai/v1/conversations"
    [35mstatusCode[39m: 201
    [35mdurationMs[39m: 6
    [35mresponseSize[39m: 278
    [35mmessage[39m: "HTTP request completed"
[2026-07-26 20:25:01.900 +0300] [32mINFO[39m:
    [35mservice[39m: "impactloop-api"
    [35menvironment[39m: "development"
    [35mrequestId[39m: "6514aa75-1757-423c-aac5-b2ec7d8837d3"
    [35mmethod[39m: "POST"
    [35mpath[39m: "/api/ai/v1/conversations/cms22j6ej0043ikvg3im05ouc/messages"
    [35muserId[39m: "cms22j0pe0002ikvgba22evva"
    [35mmessage[39m: "learner agent understanding diagnostics"
[2026-07-26 20:25:01.920 +0300] [32mINFO[39m:
    [35mservice[39m: "impactloop-api"
    [35menvironment[39m: "development"
    [35mrequestId[39m: null
    [35mmethod[39m: "POST"
    [35mpath[39m: "/api/ai/v1/conversations/cms22j6ej0043ikvg3im05ouc/messages"
    [35muserId[39m: "cms22j0pe0002ikvgba22evva"
    [35mdurationMs[39m: 20
    [35mmessage[39m: "AI learner agent tool executed"
[2026-07-26 20:25:01.920 +0300] [32mINFO[39m:
    [35mservice[39m: "impactloop-api"
    [35menvironment[39m: "development"
    [35mrequestId[39m: "6514aa75-1757-423c-aac5-b2ec7d8837d3"
    [35mmethod[39m: "POST"
    [35mpath[39m: "/api/ai/v1/conversations/cms22j6ej0043ikvg3im05ouc/messages"
    [35muserId[39m: "cms22j0pe0002ikvgba22evva"
    [35mroute[39m: "MATERIAL_SEARCH"
    [35mmessage[39m: "learner agent platform turn completed"
[2026-07-26 20:25:01.924 +0300] [32mINFO[39m:
    [35mservice[39m: "impactloop-api"
    [35menvironment[39m: "development"
    [35mrequestId[39m: "6514aa75-1757-423c-aac5-b2ec7d8837d3"
    [35mmethod[39m: "POST"
    [35mpath[39m: "/api/ai/v1/conversations/cms22j6ej0043ikvg3im05ouc/messages"
    [35muserId[39m: "cms22j0pe0002ikvgba22evva"
    [35mprovider[39m: "system"
    [35mmodel[39m: null
    [35mmessage[39m: "general learning turn completed"
[2026-07-26 20:25:01.927 +0300] [32mINFO[39m:
    [35mservice[39m: "impactloop-api"
    [35menvironment[39m: "development"
    [35mrequestId[39m: "6514aa75-1757-423c-aac5-b2ec7d8837d3"
    [35mmethod[39m: "POST"
    [35mpath[39m: "/api/ai/v1/conversations/cms22j6ej0043ikvg3im05ouc/messages"
    [35muserId[39m: "cms22j0pe0002ikvgba22evva"
    [35moperation[39m: "http.request.complete"
    [35mevent[39m: "finished"
    [35mroute[39m: "/api/ai/v1/conversations/:conversationId/messages"
    [35mstatusCode[39m: 201
    [35mdurationMs[39m: 55
    [35mresponseSize[39m: 1292
    [35mmessage[39m: "HTTP request completed"
[2026-07-26 20:25:01.953 +0300] [32mINFO[39m:
    [35mservice[39m: "impactloop-api"
    [35menvironment[39m: "development"
    [35mrequestId[39m: "7f05ad62-259c-4854-92fb-1a2c741aee8a"
    [35mmethod[39m: "POST"
    [35mpath[39m: "/api/ai/v1/conversations/cms22j6ej0043ikvg3im05ouc/messages"
    [35muserId[39m: "cms22j0pe0002ikvgba22evva"
    [35mmessage[39m: "learner agent understanding diagnostics"
[2026-07-26 20:25:01.986 +0300] [32mINFO[39m:
    [35mservice[39m: "impactloop-api"
    [35menvironment[39m: "development"
    [35mrequestId[39m: "7f05ad62-259c-4854-92fb-1a2c741aee8a"
    [35mmethod[39m: "POST"
    [35mpath[39m: "/api/ai/v1/conversations/cms22j6ej0043ikvg3im05ouc/messages"
    [35muserId[39m: "cms22j0pe0002ikvgba22evva"
    [35mprovider[39m: "system"
    [35mmodel[39m: null
    [35mmessage[39m: "general learning turn completed"
[2026-07-26 20:25:01.990 +0300] [32mINFO[39m:
    [35mservice[39m: "impactloop-api"
    [35menvironment[39m: "development"
    [35mrequestId[39m: "7f05ad62-259c-4854-92fb-1a2c741aee8a"
    [35mmethod[39m: "POST"
    [35mpath[39m: "/api/ai/v1/conversations/cms22j6ej0043ikvg3im05ouc/messages"
    [35muserId[39m: "cms22j0pe0002ikvgba22evva"
    [35moperation[39m: "http.request.complete"
    [35mevent[39m: "finished"
    [35mroute[39m: "/api/ai/v1/conversations/:conversationId/messages"
    [35mstatusCode[39m: 201
    [35mdurationMs[39m: 61
    [35mresponseSize[39m: 521
    [35mmessage[39m: "HTTP request completed"
[2026-07-26 20:25:02.053 +0300] [32mINFO[39m:
    [35mservice[39m: "impactloop-api"
    [35menvironment[39m: "development"
    [35mrequestId[39m: "bb6b8733-cfdc-484e-8f26-9bb9e6e6a4dd"
    [35mmethod[39m: "POST"
    [35mpath[39m: "/api/ai/v1/conversations/cms22j6ej0043ikvg3im05ouc/messages"
    [35muserId[39m: "cms22j0pe0002ikvgba22evva"
    [35mprovider[39m: "system"
    [35mmodel[39m: null
    [35mmessage[39m: "general learning turn completed"
[2026-07-26 20:25:02.057 +0300] [32mINFO[39m:
    [35mservice[39m: "impactloop-api"
    [35menvironment[39m: "development"
    [35mrequestId[39m: "bb6b8733-cfdc-484e-8f26-9bb9e6e6a4dd"
    [35mmethod[39m: "POST"
    [35mpath[39m: "/api/ai/v1/conversations/cms22j6ej0043ikvg3im05ouc/messages"
    [35muserId[39m: "cms22j0pe0002ikvgba22evva"
    [35moperation[39m: "http.request.complete"
    [35mevent[39m: "finished"
    [35mroute[39m: "/api/ai/v1/conversations/:conversationId/messages"
    [35mstatusCode[39m: 201
    [35mdurationMs[39m: 64
    [35mresponseSize[39m: 538
    [35mmessage[39m: "HTTP request completed"
  Γ£ö ╪¿╪»┘è 2 continues reservation flow (198.4389ms)
[2026-07-26 20:25:02.067 +0300] [32mINFO[39m:
    [35mservice[39m: "impactloop-api"
    [35menvironment[39m: "development"
    [35mrequestId[39m: "0b241e21-2f22-476f-b48f-af91a8f7eef8"
    [35mmethod[39m: "POST"
    [35mpath[39m: "/api/ai/v1/conversations"
    [35muserId[39m: "cms22j0pe0002ikvgba22evva"
    [35moperation[39m: "http.request.complete"
    [35mevent[39m: "finished"
    [35mroute[39m: "/api/ai/v1/conversations"
    [35mstatusCode[39m: 201
    [35mdurationMs[39m: 6
    [35mresponseSize[39m: 278
    [35mmessage[39m: "HTTP request completed"
[2026-07-26 20:25:02.116 +0300] [32mINFO[39m:
    [35mservice[39m: "impactloop-api"
    [35menvironment[39m: "development"
    [35mrequestId[39m: "1e1c13f5-e806-479d-a3e4-0b7199bcd17b"
    [35mmethod[39m: "POST"
    [35mpath[39m: "/api/ai/v1/conversations/cms22j6k1004cikvgz25o4znr/messages"
    [35muserId[39m: "cms22j0pe0002ikvgba22evva"
    [35mmessage[39m: "learner agent understanding diagnostics"
[2026-07-26 20:25:02.121 +0300] [32mINFO[39m:
    [35mservice[39m: "impactloop-api"
    [35menvironment[39m: "development"
    [35mrequestId[39m: "1e1c13f5-e806-479d-a3e4-0b7199bcd17b"
    [35mmethod[39m: "POST"
    [35mpath[39m: "/api/ai/v1/conversations/cms22j6k1004cikvgz25o4znr/messages"
    [35muserId[39m: "cms22j0pe0002ikvgba22evva"
    [35mprovider[39m: "system"
    [35mmodel[39m: null
    [35mmessage[39m: "general learning turn completed"
[2026-07-26 20:25:02.125 +0300] [32mINFO[39m:
    [35mservice[39m: "impactloop-api"
    [35menvironment[39m: "development"
    [35mrequestId[39m: "1e1c13f5-e806-479d-a3e4-0b7199bcd17b"
    [35mmethod[39m: "POST"
    [35mpath[39m: "/api/ai/v1/conversations/cms22j6k1004cikvgz25o4znr/messages"
    [35muserId[39m: "cms22j0pe0002ikvgba22evva"
    [35moperation[39m: "http.request.complete"
    [35mevent[39m: "finished"
    [35mroute[39m: "/api/ai/v1/conversations/:conversationId/messages"
    [35mstatusCode[39m: 201
    [35mdurationMs[39m: 55
    [35mresponseSize[39m: 527
    [35mmessage[39m: "HTTP request completed"
  Γ£ö numeric reply without active reservation draft does not start reservation (69.123ms)
[2026-07-26 20:25:02.139 +0300] [32mINFO[39m:
    [35mservice[39m: "impactloop-api"
    [35menvironment[39m: "development"
    [35mrequestId[39m: "540b7e05-b38a-44c8-84c1-251f820fd8ff"
    [35mmethod[39m: "POST"
    [35mpath[39m: "/api/ai/v1/conversations"
    [35muserId[39m: "cms22j1c00005ikvgp3noslwf"
    [35moperation[39m: "http.request.complete"
    [35mevent[39m: "finished"
    [35mroute[39m: "/api/ai/v1/conversations"
    [35mstatusCode[39m: 201
    [35mdurationMs[39m: 6
    [35mresponseSize[39m: 278
    [35mmessage[39m: "HTTP request completed"
[2026-07-26 20:25:02.174 +0300] [32mINFO[39m:
    [35mservice[39m: "impactloop-api"
    [35menvironment[39m: "development"
    [35mrequestId[39m: "c51e9ab8-d677-404c-b628-306a3c5bd177"
    [35mmethod[39m: "POST"
    [35mpath[39m: "/api/ai/v1/conversations/cms22j6m0004fikvgoxlyqtx2/messages"
    [35muserId[39m: "cms22j1c00005ikvgp3noslwf"
    [35mmessage[39m: "learner agent understanding diagnostics"
[2026-07-26 20:25:02.199 +0300] [32mINFO[39m:
    [35mservice[39m: "impactloop-api"
    [35menvironment[39m: "development"
    [35mrequestId[39m: null
    [35mmethod[39m: "POST"
    [35mpath[39m: "/api/ai/v1/conversations/cms22j6m0004fikvgoxlyqtx2/messages"
    [35muserId[39m: "cms22j1c00005ikvgp3noslwf"
    [35mdurationMs[39m: 24
    [35mmessage[39m: "AI learner agent tool executed"
[2026-07-26 20:25:02.199 +0300] [32mINFO[39m:
    [35mservice[39m: "impactloop-api"
    [35menvironment[39m: "development"
    [35mrequestId[39m: "c51e9ab8-d677-404c-b628-306a3c5bd177"
    [35mmethod[39m: "POST"
    [35mpath[39m: "/api/ai/v1/conversations/cms22j6m0004fikvgoxlyqtx2/messages"
    [35muserId[39m: "cms22j1c00005ikvgp3noslwf"
    [35mroute[39m: "MATERIAL_SEARCH"
    [35mmessage[39m: "learner agent platform turn completed"
[2026-07-26 20:25:02.205 +0300] [32mINFO[39m:
    [35mservice[39m: "impactloop-api"
    [35menvironment[39m: "development"
    [35mrequestId[39m: "c51e9ab8-d677-404c-b628-306a3c5bd177"
    [35mmethod[39m: "POST"
    [35mpath[39m: "/api/ai/v1/conversations/cms22j6m0004fikvgoxlyqtx2/messages"
    [35muserId[39m: "cms22j1c00005ikvgp3noslwf"
    [35mprovider[39m: "system"
    [35mmodel[39m: null
    [35mmessage[39m: "general learning turn completed"
[2026-07-26 20:25:02.208 +0300] [32mINFO[39m:
    [35mservice[39m: "impactloop-api"
    [35menvironment[39m: "development"
    [35mrequestId[39m: "c51e9ab8-d677-404c-b628-306a3c5bd177"
    [35mmethod[39m: "POST"
    [35mpath[39m: "/api/ai/v1/conversations/cms22j6m0004fikvgoxlyqtx2/messages"
    [35muserId[39m: "cms22j1c00005ikvgp3noslwf"
    [35moperation[39m: "http.request.complete"
    [35mevent[39m: "finished"
    [35mroute[39m: "/api/ai/v1/conversations/:conversationId/messages"
    [35mstatusCode[39m: 201
    [35mdurationMs[39m: 66
    [35mresponseSize[39m: 1226
    [35mmessage[39m: "HTTP request completed"
[2026-07-26 20:25:02.244 +0300] [32mINFO[39m:
    [35mservice[39m: "impactloop-api"
    [35menvironment[39m: "development"
    [35mrequestId[39m: "1972858e-2c7a-4ea3-ab0a-6d8b69b17b6c"
    [35mmethod[39m: "POST"
    [35mpath[39m: "/api/ai/v1/conversations/cms22j6m0004fikvgoxlyqtx2/messages"
    [35muserId[39m: "cms22j1c00005ikvgp3noslwf"
    [35mmessage[39m: "learner agent understanding diagnostics"
[2026-07-26 20:25:02.306 +0300] [32mINFO[39m:
    [35mservice[39m: "impactloop-api"
    [35menvironment[39m: "development"
    [35mrequestId[39m: "1972858e-2c7a-4ea3-ab0a-6d8b69b17b6c"
    [35mmethod[39m: "POST"
    [35mpath[39m: "/api/ai/v1/conversations/cms22j6m0004fikvgoxlyqtx2/messages"
    [35muserId[39m: "cms22j1c00005ikvgp3noslwf"
    [35mprovider[39m: "system"
    [35mmodel[39m: null
    [35mmessage[39m: "general learning turn completed"
[2026-07-26 20:25:02.309 +0300] [32mINFO[39m:
    [35mservice[39m: "impactloop-api"
    [35menvironment[39m: "development"
    [35mrequestId[39m: "1972858e-2c7a-4ea3-ab0a-6d8b69b17b6c"
    [35mmethod[39m: "POST"
    [35mpath[39m: "/api/ai/v1/conversations/cms22j6m0004fikvgoxlyqtx2/messages"
    [35muserId[39m: "cms22j1c00005ikvgp3noslwf"
    [35moperation[39m: "http.request.complete"
    [35mevent[39m: "finished"
    [35mroute[39m: "/api/ai/v1/conversations/:conversationId/messages"
    [35mstatusCode[39m: 201
    [35mdurationMs[39m: 97
    [35mresponseSize[39m: 940
    [35mmessage[39m: "HTTP request completed"
  Γ£û valid reservation confirmation creates one reservation (188.2423ms)
[2026-07-26 20:25:02.330 +0300] [32mINFO[39m:
    [35mservice[39m: "impactloop-api"
    [35menvironment[39m: "development"
    [35mrequestId[39m: "ef932d12-7947-430c-b171-947560251af7"
    [35mmethod[39m: "POST"
    [35mpath[39m: "/api/ai/v1/conversations"
    [35muserId[39m: "cms22j1c00005ikvgp3noslwf"
    [35moperation[39m: "http.request.complete"
    [35mevent[39m: "finished"
    [35mroute[39m: "/api/ai/v1/conversations"
    [35mstatusCode[39m: 201
    [35mdurationMs[39m: 7
    [35mresponseSize[39m: 278
    [35mmessage[39m: "HTTP request completed"
[2026-07-26 20:25:02.362 +0300] [32mINFO[39m:
    [35mservice[39m: "impactloop-api"
    [35menvironment[39m: "development"
    [35mrequestId[39m: "6b7da913-3149-4797-b325-f0f514bfa6c0"
    [35mmethod[39m: "POST"
    [35mpath[39m: "/api/ai/v1/conversations/cms22j6rb004mikvgqdcwy3es/messages"
    [35muserId[39m: "cms22j1c00005ikvgp3noslwf"
    [35mmessage[39m: "learner agent understanding diagnostics"
[2026-07-26 20:25:02.388 +0300] [32mINFO[39m:
    [35mservice[39m: "impactloop-api"
    [35menvironment[39m: "development"
    [35mrequestId[39m: null
    [35mmethod[39m: "POST"
    [35mpath[39m: "/api/ai/v1/conversations/cms22j6rb004mikvgqdcwy3es/messages"
    [35muserId[39m: "cms22j1c00005ikvgp3noslwf"
    [35mdurationMs[39m: 26
    [35mmessage[39m: "AI learner agent tool executed"
[2026-07-26 20:25:02.389 +0300] [32mINFO[39m:
    [35mservice[39m: "impactloop-api"
    [35menvironment[39m: "development"
    [35mrequestId[39m: "6b7da913-3149-4797-b325-f0f514bfa6c0"
    [35mmethod[39m: "POST"
    [35mpath[39m: "/api/ai/v1/conversations/cms22j6rb004mikvgqdcwy3es/messages"
    [35muserId[39m: "cms22j1c00005ikvgp3noslwf"
    [35mroute[39m: "MATERIAL_SEARCH"
    [35mmessage[39m: "learner agent platform turn completed"
[2026-07-26 20:25:02.397 +0300] [32mINFO[39m:
    [35mservice[39m: "impactloop-api"
    [35menvironment[39m: "development"
    [35mrequestId[39m: "6b7da913-3149-4797-b325-f0f514bfa6c0"
    [35mmethod[39m: "POST"
    [35mpath[39m: "/api/ai/v1/conversations/cms22j6rb004mikvgqdcwy3es/messages"
    [35muserId[39m: "cms22j1c00005ikvgp3noslwf"
    [35mprovider[39m: "system"
    [35mmodel[39m: null
    [35mmessage[39m: "general learning turn completed"
[2026-07-26 20:25:02.400 +0300] [32mINFO[39m:
    [35mservice[39m: "impactloop-api"
    [35menvironment[39m: "development"
    [35mrequestId[39m: "6b7da913-3149-4797-b325-f0f514bfa6c0"
    [35mmethod[39m: "POST"
    [35mpath[39m: "/api/ai/v1/conversations/cms22j6rb004mikvgqdcwy3es/messages"
    [35muserId[39m: "cms22j1c00005ikvgp3noslwf"
    [35moperation[39m: "http.request.complete"
    [35mevent[39m: "finished"
    [35mroute[39m: "/api/ai/v1/conversations/:conversationId/messages"
    [35mstatusCode[39m: 201
    [35mdurationMs[39m: 67
    [35mresponseSize[39m: 1226
    [35mmessage[39m: "HTTP request completed"
[2026-07-26 20:25:02.436 +0300] [32mINFO[39m:
    [35mservice[39m: "impactloop-api"
    [35menvironment[39m: "development"
    [35mrequestId[39m: "89ad27b3-5408-4945-bbaf-d940396fbe41"
    [35mmethod[39m: "POST"
    [35mpath[39m: "/api/ai/v1/conversations/cms22j6rb004mikvgqdcwy3es/messages"
    [35muserId[39m: "cms22j1c00005ikvgp3noslwf"
    [35mmessage[39m: "learner agent understanding diagnostics"
[2026-07-26 20:25:02.493 +0300] [32mINFO[39m:
    [35mservice[39m: "impactloop-api"
    [35menvironment[39m: "development"
    [35mrequestId[39m: "89ad27b3-5408-4945-bbaf-d940396fbe41"
    [35mmethod[39m: "POST"
    [35mpath[39m: "/api/ai/v1/conversations/cms22j6rb004mikvgqdcwy3es/messages"
    [35muserId[39m: "cms22j1c00005ikvgp3noslwf"
    [35mprovider[39m: "system"
    [35mmodel[39m: null
    [35mmessage[39m: "general learning turn completed"
[2026-07-26 20:25:02.497 +0300] [32mINFO[39m:
    [35mservice[39m: "impactloop-api"
    [35menvironment[39m: "development"
    [35mrequestId[39m: "89ad27b3-5408-4945-bbaf-d940396fbe41"
    [35mmethod[39m: "POST"
    [35mpath[39m: "/api/ai/v1/conversations/cms22j6rb004mikvgqdcwy3es/messages"
    [35muserId[39m: "cms22j1c00005ikvgp3noslwf"
    [35moperation[39m: "http.request.complete"
    [35mevent[39m: "finished"
    [35mroute[39m: "/api/ai/v1/conversations/:conversationId/messages"
    [35mstatusCode[39m: 201
    [35mdurationMs[39m: 94
    [35mresponseSize[39m: 940
    [35mmessage[39m: "HTTP request completed"
[2026-07-26 20:25:02.569 +0300] [32mINFO[39m:
    [35mservice[39m: "impactloop-api"
    [35menvironment[39m: "development"
    [35mrequestId[39m: "57ff0b04-b02c-435b-9378-173aebe9691a"
    [35mmethod[39m: "POST"
    [35mpath[39m: "/api/ai/v1/actions/cms22j6vn004qikvgqoo879h9/confirm"
    [35muserId[39m: "cms22j1c00005ikvgp3noslwf"
    [35moperation[39m: "http.request.complete"
    [35mevent[39m: "finished"
    [35mroute[39m: "/api/ai/v1/actions/:pendingActionId/confirm"
    [35mstatusCode[39m: 201
    [35mdurationMs[39m: 69
    [35mresponseSize[39m: 468
    [35mmessage[39m: "HTTP request completed"
  Γ£û reconfirm reservation does not duplicate (259.313ms)
[2026-07-26 20:25:02.588 +0300] [32mINFO[39m:
    [35mservice[39m: "impactloop-api"
    [35menvironment[39m: "development"
    [35mrequestId[39m: "d6f43908-6ee2-4119-b363-f597c8e9eaa1"
    [35mmethod[39m: "POST"
    [35mpath[39m: "/api/ai/v1/conversations"
    [35muserId[39m: "cms22j1c00005ikvgp3noslwf"
    [35moperation[39m: "http.request.complete"
    [35mevent[39m: "finished"
    [35mroute[39m: "/api/ai/v1/conversations"
    [35mstatusCode[39m: 201
    [35mdurationMs[39m: 6
    [35mresponseSize[39m: 278
    [35mmessage[39m: "HTTP request completed"
[2026-07-26 20:25:02.621 +0300] [32mINFO[39m:
    [35mservice[39m: "impactloop-api"
    [35menvironment[39m: "development"
    [35mrequestId[39m: "2cc32c4d-77ae-4bcf-a69e-4164e8de5152"
    [35mmethod[39m: "POST"
    [35mpath[39m: "/api/ai/v1/conversations/cms22j6yh004vikvgfxxr5wci/messages"
    [35muserId[39m: "cms22j1c00005ikvgp3noslwf"
    [35mmessage[39m: "learner agent understanding diagnostics"
[2026-07-26 20:25:02.649 +0300] [32mINFO[39m:
    [35mservice[39m: "impactloop-api"
    [35menvironment[39m: "development"
    [35mrequestId[39m: null
    [35mmethod[39m: "POST"
    [35mpath[39m: "/api/ai/v1/conversations/cms22j6yh004vikvgfxxr5wci/messages"
    [35muserId[39m: "cms22j1c00005ikvgp3noslwf"
    [35mdurationMs[39m: 28
    [35mmessage[39m: "AI learner agent tool executed"
[2026-07-26 20:25:02.650 +0300] [32mINFO[39m:
    [35mservice[39m: "impactloop-api"
    [35menvironment[39m: "development"
    [35mrequestId[39m: "2cc32c4d-77ae-4bcf-a69e-4164e8de5152"
    [35mmethod[39m: "POST"
    [35mpath[39m: "/api/ai/v1/conversations/cms22j6yh004vikvgfxxr5wci/messages"
    [35muserId[39m: "cms22j1c00005ikvgp3noslwf"
    [35mroute[39m: "MATERIAL_SEARCH"
    [35mmessage[39m: "learner agent platform turn completed"
[2026-07-26 20:25:02.656 +0300] [32mINFO[39m:
    [35mservice[39m: "impactloop-api"
    [35menvironment[39m: "development"
    [35mrequestId[39m: "2cc32c4d-77ae-4bcf-a69e-4164e8de5152"
    [35mmethod[39m: "POST"
    [35mpath[39m: "/api/ai/v1/conversations/cms22j6yh004vikvgfxxr5wci/messages"
    [35muserId[39m: "cms22j1c00005ikvgp3noslwf"
    [35mprovider[39m: "system"
    [35mmodel[39m: null
    [35mmessage[39m: "general learning turn completed"
[2026-07-26 20:25:02.660 +0300] [32mINFO[39m:
    [35mservice[39m: "impactloop-api"
    [35menvironment[39m: "development"
    [35mrequestId[39m: "2cc32c4d-77ae-4bcf-a69e-4164e8de5152"
    [35mmethod[39m: "POST"
    [35mpath[39m: "/api/ai/v1/conversations/cms22j6yh004vikvgfxxr5wci/messages"
    [35muserId[39m: "cms22j1c00005ikvgp3noslwf"
    [35moperation[39m: "http.request.complete"
    [35mevent[39m: "finished"
    [35mroute[39m: "/api/ai/v1/conversations/:conversationId/messages"
    [35mstatusCode[39m: 201
    [35mdurationMs[39m: 70
    [35mresponseSize[39m: 1226
    [35mmessage[39m: "HTTP request completed"
[2026-07-26 20:25:02.714 +0300] [32mINFO[39m:
    [35mservice[39m: "impactloop-api"
    [35menvironment[39m: "development"
    [35mrequestId[39m: "5d46f6ac-4823-4e45-83ec-f6d61ee45abc"
    [35mmethod[39m: "POST"
    [35mpath[39m: "/api/ai/v1/conversations/cms22j6yh004vikvgfxxr5wci/messages"
    [35muserId[39m: "cms22j1c00005ikvgp3noslwf"
    [35mmessage[39m: "learner agent understanding diagnostics"
[2026-07-26 20:25:02.766 +0300] [32mINFO[39m:
    [35mservice[39m: "impactloop-api"
    [35menvironment[39m: "development"
    [35mrequestId[39m: "5d46f6ac-4823-4e45-83ec-f6d61ee45abc"
    [35mmethod[39m: "POST"
    [35mpath[39m: "/api/ai/v1/conversations/cms22j6yh004vikvgfxxr5wci/messages"
    [35muserId[39m: "cms22j1c00005ikvgp3noslwf"
    [35mprovider[39m: "system"
    [35mmodel[39m: null
    [35mmessage[39m: "general learning turn completed"
[2026-07-26 20:25:02.769 +0300] [32mINFO[39m:
    [35mservice[39m: "impactloop-api"
    [35menvironment[39m: "development"
    [35mrequestId[39m: "5d46f6ac-4823-4e45-83ec-f6d61ee45abc"
    [35mmethod[39m: "POST"
    [35mpath[39m: "/api/ai/v1/conversations/cms22j6yh004vikvgfxxr5wci/messages"
    [35muserId[39m: "cms22j1c00005ikvgp3noslwf"
    [35moperation[39m: "http.request.complete"
    [35mevent[39m: "finished"
    [35mroute[39m: "/api/ai/v1/conversations/:conversationId/messages"
    [35mstatusCode[39m: 201
    [35mdurationMs[39m: 107
    [35mresponseSize[39m: 940
    [35mmessage[39m: "HTTP request completed"
[2026-07-26 20:25:02.797 +0300] [32mINFO[39m:
    [35mservice[39m: "impactloop-api"
    [35menvironment[39m: "development"
    [35mrequestId[39m: "349f1cac-1d52-4789-97ed-110fa8ac858f"
    [35mmethod[39m: "POST"
    [35mpath[39m: "/api/ai/v1/actions/cms22j738004zikvgsqx7nm9x/confirm"
    [35muserId[39m: "cms22j1c00005ikvgp3noslwf"
    [35moperation[39m: "http.request.complete"
    [35mevent[39m: "finished"
    [35mroute[39m: "/actions/:pendingActionId/confirm"
    [35mstatusCode[39m: 409
    [35mdurationMs[39m: 18
    [35mresponseSize[39m: 146
    [35mmessage[39m: "HTTP request completed"
  Γ£û material unavailable at confirm fails safely (223.6816ms)
[2026-07-26 20:25:02.809 +0300] [32mINFO[39m:
    [35mservice[39m: "impactloop-api"
    [35menvironment[39m: "development"
    [35mrequestId[39m: "13a3a9fb-8bfd-47e6-b47e-8121a73b3fdb"
    [35mmethod[39m: "POST"
    [35mpath[39m: "/api/ai/v1/conversations"
    [35muserId[39m: "cms22j1c00005ikvgp3noslwf"
    [35moperation[39m: "http.request.complete"
    [35mevent[39m: "finished"
    [35mroute[39m: "/api/ai/v1/conversations"
    [35mstatusCode[39m: 201
    [35mdurationMs[39m: 5
    [35mresponseSize[39m: 278
    [35mmessage[39m: "HTTP request completed"
[2026-07-26 20:25:02.834 +0300] [32mINFO[39m:
    [35mservice[39m: "impactloop-api"
    [35menvironment[39m: "development"
    [35mrequestId[39m: "e1a9c376-7615-4e68-bb6f-cff2bd2ef06a"
    [35mmethod[39m: "POST"
    [35mpath[39m: "/api/ai/v1/conversations/cms22j74n0051ikvg6np5d6jo/messages"
    [35muserId[39m: "cms22j1c00005ikvgp3noslwf"
    [35mmessage[39m: "learner agent understanding diagnostics"
[2026-07-26 20:25:02.851 +0300] [32mINFO[39m:
    [35mservice[39m: "impactloop-api"
    [35menvironment[39m: "development"
    [35mrequestId[39m: null
    [35mmethod[39m: "POST"
    [35mpath[39m: "/api/ai/v1/conversations/cms22j74n0051ikvg6np5d6jo/messages"
    [35muserId[39m: "cms22j1c00005ikvgp3noslwf"
    [35mdurationMs[39m: 17
    [35mmessage[39m: "AI learner agent tool executed"
[2026-07-26 20:25:02.851 +0300] [32mINFO[39m:
    [35mservice[39m: "impactloop-api"
    [35menvironment[39m: "development"
    [35mrequestId[39m: "e1a9c376-7615-4e68-bb6f-cff2bd2ef06a"
    [35mmethod[39m: "POST"
    [35mpath[39m: "/api/ai/v1/conversations/cms22j74n0051ikvg6np5d6jo/messages"
    [35muserId[39m: "cms22j1c00005ikvgp3noslwf"
    [35mroute[39m: "MATERIAL_SEARCH"
    [35mmessage[39m: "learner agent platform turn completed"
[2026-07-26 20:25:02.856 +0300] [32mINFO[39m:
    [35mservice[39m: "impactloop-api"
    [35menvironment[39m: "development"
    [35mrequestId[39m: "e1a9c376-7615-4e68-bb6f-cff2bd2ef06a"
    [35mmethod[39m: "POST"
    [35mpath[39m: "/api/ai/v1/conversations/cms22j74n0051ikvg6np5d6jo/messages"
    [35muserId[39m: "cms22j1c00005ikvgp3noslwf"
    [35mprovider[39m: "system"
    [35mmodel[39m: null
    [35mmessage[39m: "general learning turn completed"
[2026-07-26 20:25:02.858 +0300] [32mINFO[39m:
    [35mservice[39m: "impactloop-api"
    [35menvironment[39m: "development"
    [35mrequestId[39m: "e1a9c376-7615-4e68-bb6f-cff2bd2ef06a"
    [35mmethod[39m: "POST"
    [35mpath[39m: "/api/ai/v1/conversations/cms22j74n0051ikvg6np5d6jo/messages"
    [35muserId[39m: "cms22j1c00005ikvgp3noslwf"
    [35moperation[39m: "http.request.complete"
    [35mevent[39m: "finished"
    [35mroute[39m: "/api/ai/v1/conversations/:conversationId/messages"
    [35mstatusCode[39m: 201
    [35mdurationMs[39m: 46
    [35mresponseSize[39m: 908
    [35mmessage[39m: "HTTP request completed"
[2026-07-26 20:25:02.888 +0300] [32mINFO[39m:
    [35mservice[39m: "impactloop-api"
    [35menvironment[39m: "development"
    [35mrequestId[39m: "a7095417-4cae-4aca-9b6f-ce304d49bc98"
    [35mmethod[39m: "POST"
    [35mpath[39m: "/api/ai/v1/conversations/cms22j74n0051ikvg6np5d6jo/messages"
    [35muserId[39m: "cms22j1c00005ikvgp3noslwf"
    [35mmessage[39m: "learner agent understanding diagnostics"
[2026-07-26 20:25:02.934 +0300] [32mINFO[39m:
    [35mservice[39m: "impactloop-api"
    [35menvironment[39m: "development"
    [35mrequestId[39m: "a7095417-4cae-4aca-9b6f-ce304d49bc98"
    [35mmethod[39m: "POST"
    [35mpath[39m: "/api/ai/v1/conversations/cms22j74n0051ikvg6np5d6jo/messages"
    [35muserId[39m: "cms22j1c00005ikvgp3noslwf"
    [35mprovider[39m: "system"
    [35mmodel[39m: null
    [35mmessage[39m: "general learning turn completed"
[2026-07-26 20:25:02.937 +0300] [32mINFO[39m:
    [35mservice[39m: "impactloop-api"
    [35menvironment[39m: "development"
    [35mrequestId[39m: "a7095417-4cae-4aca-9b6f-ce304d49bc98"
    [35mmethod[39m: "POST"
    [35mpath[39m: "/api/ai/v1/conversations/cms22j74n0051ikvg6np5d6jo/messages"
    [35muserId[39m: "cms22j1c00005ikvgp3noslwf"
    [35moperation[39m: "http.request.complete"
    [35mevent[39m: "finished"
    [35mroute[39m: "/api/ai/v1/conversations/:conversationId/messages"
    [35mstatusCode[39m: 201
    [35mdurationMs[39m: 73
    [35mresponseSize[39m: 938
    [35mmessage[39m: "HTTP request completed"
[2026-07-26 20:25:02.959 +0300] [32mINFO[39m:
    [35mservice[39m: "impactloop-api"
    [35menvironment[39m: "development"
    [35mrequestId[39m: "f5471135-7524-454f-a3f5-6f30102d091f"
    [35mmethod[39m: "POST"
    [35mpath[39m: "/api/ai/v1/actions/cms22j7800056ikvgvu646isd/confirm"
    [35muserId[39m: "cms22j1c00005ikvgp3noslwf"
    [35moperation[39m: "http.request.complete"
    [35mevent[39m: "finished"
    [35mroute[39m: "/actions/:pendingActionId/confirm"
    [35mstatusCode[39m: 400
    [35mdurationMs[39m: 19
    [35mresponseSize[39m: 227
    [35mmessage[39m: "HTTP request completed"
  Γ£ö insufficient quantity fails safely (160.5729ms)
[2026-07-26 20:25:02.971 +0300] [32mINFO[39m:
    [35mservice[39m: "impactloop-api"
    [35menvironment[39m: "development"
    [35mrequestId[39m: "4a05ccf6-a542-4984-b5d2-dee09b66ffc0"
    [35mmethod[39m: "POST"
    [35mpath[39m: "/api/ai/v1/conversations"
    [35muserId[39m: "cms22j1c00005ikvgp3noslwf"
    [35moperation[39m: "http.request.complete"
    [35mevent[39m: "finished"
    [35mroute[39m: "/api/ai/v1/conversations"
    [35mstatusCode[39m: 201
    [35mdurationMs[39m: 7
    [35mresponseSize[39m: 278
    [35mmessage[39m: "HTTP request completed"
[2026-07-26 20:25:03.001 +0300] [32mINFO[39m:
    [35mservice[39m: "impactloop-api"
    [35menvironment[39m: "development"
    [35mrequestId[39m: "6e9dcfb8-9c5b-4fd9-8cad-087e5bb3523d"
    [35mmethod[39m: "POST"
    [35mpath[39m: "/api/ai/v1/conversations/cms22j7940058ikvgt2hszv0n/messages"
    [35muserId[39m: "cms22j1c00005ikvgp3noslwf"
    [35mmessage[39m: "learner agent understanding diagnostics"
[2026-07-26 20:25:03.020 +0300] [32mINFO[39m:
    [35mservice[39m: "impactloop-api"
    [35menvironment[39m: "development"
    [35mrequestId[39m: null
    [35mmethod[39m: "POST"
    [35mpath[39m: "/api/ai/v1/conversations/cms22j7940058ikvgt2hszv0n/messages"
    [35muserId[39m: "cms22j1c00005ikvgp3noslwf"
    [35mdurationMs[39m: 19
    [35mmessage[39m: "AI learner agent tool executed"
[2026-07-26 20:25:03.021 +0300] [32mINFO[39m:
    [35mservice[39m: "impactloop-api"
    [35menvironment[39m: "development"
    [35mrequestId[39m: "6e9dcfb8-9c5b-4fd9-8cad-087e5bb3523d"
    [35mmethod[39m: "POST"
    [35mpath[39m: "/api/ai/v1/conversations/cms22j7940058ikvgt2hszv0n/messages"
    [35muserId[39m: "cms22j1c00005ikvgp3noslwf"
    [35mroute[39m: "MATERIAL_SEARCH"
    [35mmessage[39m: "learner agent platform turn completed"
[2026-07-26 20:25:03.025 +0300] [32mINFO[39m:
    [35mservice[39m: "impactloop-api"
    [35menvironment[39m: "development"
    [35mrequestId[39m: "6e9dcfb8-9c5b-4fd9-8cad-087e5bb3523d"
    [35mmethod[39m: "POST"
    [35mpath[39m: "/api/ai/v1/conversations/cms22j7940058ikvgt2hszv0n/messages"
    [35muserId[39m: "cms22j1c00005ikvgp3noslwf"
    [35mprovider[39m: "system"
    [35mmodel[39m: null
    [35mmessage[39m: "general learning turn completed"
[2026-07-26 20:25:03.028 +0300] [32mINFO[39m:
    [35mservice[39m: "impactloop-api"
    [35menvironment[39m: "development"
    [35mrequestId[39m: "6e9dcfb8-9c5b-4fd9-8cad-087e5bb3523d"
    [35mmethod[39m: "POST"
    [35mpath[39m: "/api/ai/v1/conversations/cms22j7940058ikvgt2hszv0n/messages"
    [35muserId[39m: "cms22j1c00005ikvgp3noslwf"
    [35moperation[39m: "http.request.complete"
    [35mevent[39m: "finished"
    [35mroute[39m: "/api/ai/v1/conversations/:conversationId/messages"
    [35mstatusCode[39m: 201
    [35mdurationMs[39m: 54
    [35mresponseSize[39m: 908
    [35mmessage[39m: "HTTP request completed"
[2026-07-26 20:25:03.058 +0300] [32mINFO[39m:
    [35mservice[39m: "impactloop-api"
    [35menvironment[39m: "development"
    [35mrequestId[39m: "77f9acfc-c0b5-4189-b14b-b286f65c6100"
    [35mmethod[39m: "POST"
    [35mpath[39m: "/api/ai/v1/conversations/cms22j7940058ikvgt2hszv0n/messages"
    [35muserId[39m: "cms22j1c00005ikvgp3noslwf"
    [35mmessage[39m: "learner agent understanding diagnostics"
[2026-07-26 20:25:03.118 +0300] [32mINFO[39m:
    [35mservice[39m: "impactloop-api"
    [35menvironment[39m: "development"
    [35mrequestId[39m: "77f9acfc-c0b5-4189-b14b-b286f65c6100"
    [35mmethod[39m: "POST"
    [35mpath[39m: "/api/ai/v1/conversations/cms22j7940058ikvgt2hszv0n/messages"
    [35muserId[39m: "cms22j1c00005ikvgp3noslwf"
    [35mprovider[39m: "system"
    [35mmodel[39m: null
    [35mmessage[39m: "general learning turn completed"
[2026-07-26 20:25:03.121 +0300] [32mINFO[39m:
    [35mservice[39m: "impactloop-api"
    [35menvironment[39m: "development"
    [35mrequestId[39m: "77f9acfc-c0b5-4189-b14b-b286f65c6100"
    [35mmethod[39m: "POST"
    [35mpath[39m: "/api/ai/v1/conversations/cms22j7940058ikvgt2hszv0n/messages"
    [35muserId[39m: "cms22j1c00005ikvgp3noslwf"
    [35moperation[39m: "http.request.complete"
    [35mevent[39m: "finished"
    [35mroute[39m: "/api/ai/v1/conversations/:conversationId/messages"
    [35mstatusCode[39m: 201
    [35mdurationMs[39m: 90
    [35mresponseSize[39m: 938
    [35mmessage[39m: "HTTP request completed"
[2026-07-26 20:25:03.135 +0300] [32mINFO[39m:
    [35mservice[39m: "impactloop-api"
    [35menvironment[39m: "development"
    [35mrequestId[39m: "921440f3-76e1-431e-8167-3e2233f7007e"
    [35mmethod[39m: "POST"
    [35mpath[39m: "/api/ai/v1/actions/cms22j7d4005cikvg85c5gnoj/confirm"
    [35muserId[39m: "cms22j1c00005ikvgp3noslwf"
    [35moperation[39m: "http.request.complete"
    [35mevent[39m: "finished"
    [35mroute[39m: "/actions/:pendingActionId/confirm"
    [35mstatusCode[39m: 400
    [35mdurationMs[39m: 12
    [35mresponseSize[39m: 214
    [35mmessage[39m: "HTTP request completed"
  Γ£ö pickup window too close preserves specific error (175.2736ms)
[2026-07-26 20:25:03.144 +0300] [32mINFO[39m:
    [35mservice[39m: "impactloop-api"
    [35menvironment[39m: "development"
    [35mrequestId[39m: "e3292771-ffc6-458d-ac08-448f0b9a65b2"
    [35mmethod[39m: "POST"
    [35mpath[39m: "/api/ai/v1/conversations"
    [35muserId[39m: "cms22j1c00005ikvgp3noslwf"
    [35moperation[39m: "http.request.complete"
    [35mevent[39m: "finished"
    [35mroute[39m: "/api/ai/v1/conversations"
    [35mstatusCode[39m: 201
    [35mdurationMs[39m: 5
    [35mresponseSize[39m: 278
    [35mmessage[39m: "HTTP request completed"
[2026-07-26 20:25:03.170 +0300] [32mINFO[39m:
    [35mservice[39m: "impactloop-api"
    [35menvironment[39m: "development"
    [35mrequestId[39m: "2c5f61e6-c2d6-46f2-a272-bd72fbcee79c"
    [35mmethod[39m: "POST"
    [35mpath[39m: "/api/ai/v1/conversations/cms22j7dy005eikvgi491q5l0/messages"
    [35muserId[39m: "cms22j1c00005ikvgp3noslwf"
    [35mmessage[39m: "learner agent understanding diagnostics"
[2026-07-26 20:25:03.196 +0300] [32mINFO[39m:
    [35mservice[39m: "impactloop-api"
    [35menvironment[39m: "development"
    [35mrequestId[39m: null
    [35mmethod[39m: "POST"
    [35mpath[39m: "/api/ai/v1/conversations/cms22j7dy005eikvgi491q5l0/messages"
    [35muserId[39m: "cms22j1c00005ikvgp3noslwf"
    [35mdurationMs[39m: 26
    [35mmessage[39m: "AI learner agent tool executed"
[2026-07-26 20:25:03.196 +0300] [32mINFO[39m:
    [35mservice[39m: "impactloop-api"
    [35menvironment[39m: "development"
    [35mrequestId[39m: "2c5f61e6-c2d6-46f2-a272-bd72fbcee79c"
    [35mmethod[39m: "POST"
    [35mpath[39m: "/api/ai/v1/conversations/cms22j7dy005eikvgi491q5l0/messages"
    [35muserId[39m: "cms22j1c00005ikvgp3noslwf"
    [35mroute[39m: "MATERIAL_SEARCH"
    [35mmessage[39m: "learner agent platform turn completed"
[2026-07-26 20:25:03.202 +0300] [32mINFO[39m:
    [35mservice[39m: "impactloop-api"
    [35menvironment[39m: "development"
    [35mrequestId[39m: "2c5f61e6-c2d6-46f2-a272-bd72fbcee79c"
    [35mmethod[39m: "POST"
    [35mpath[39m: "/api/ai/v1/conversations/cms22j7dy005eikvgi491q5l0/messages"
    [35muserId[39m: "cms22j1c00005ikvgp3noslwf"
    [35mprovider[39m: "system"
    [35mmodel[39m: null
    [35mmessage[39m: "general learning turn completed"
[2026-07-26 20:25:03.206 +0300] [32mINFO[39m:
    [35mservice[39m: "impactloop-api"
    [35menvironment[39m: "development"
    [35mrequestId[39m: "2c5f61e6-c2d6-46f2-a272-bd72fbcee79c"
    [35mmethod[39m: "POST"
    [35mpath[39m: "/api/ai/v1/conversations/cms22j7dy005eikvgi491q5l0/messages"
    [35muserId[39m: "cms22j1c00005ikvgp3noslwf"
    [35moperation[39m: "http.request.complete"
    [35mevent[39m: "finished"
    [35mroute[39m: "/api/ai/v1/conversations/:conversationId/messages"
    [35mstatusCode[39m: 201
    [35mdurationMs[39m: 59
    [35mresponseSize[39m: 944
    [35mmessage[39m: "HTTP request completed"
[2026-07-26 20:25:03.233 +0300] [32mINFO[39m:
    [35mservice[39m: "impactloop-api"
    [35menvironment[39m: "development"
    [35mrequestId[39m: "4c5fcae2-bfb4-44b2-b29a-28aca690ba05"
    [35mmethod[39m: "POST"
    [35mpath[39m: "/api/ai/v1/conversations/cms22j7dy005eikvgi491q5l0/messages"
    [35muserId[39m: "cms22j1c00005ikvgp3noslwf"
    [35mmessage[39m: "learner agent understanding diagnostics"
[2026-07-26 20:25:03.279 +0300] [32mINFO[39m:
    [35mservice[39m: "impactloop-api"
    [35menvironment[39m: "development"
    [35mrequestId[39m: "4c5fcae2-bfb4-44b2-b29a-28aca690ba05"
    [35mmethod[39m: "POST"
    [35mpath[39m: "/api/ai/v1/conversations/cms22j7dy005eikvgi491q5l0/messages"
    [35muserId[39m: "cms22j1c00005ikvgp3noslwf"
    [35mprovider[39m: "system"
    [35mmodel[39m: null
    [35mmessage[39m: "general learning turn completed"
[2026-07-26 20:25:03.284 +0300] [32mINFO[39m:
    [35mservice[39m: "impactloop-api"
    [35menvironment[39m: "development"
    [35mrequestId[39m: "4c5fcae2-bfb4-44b2-b29a-28aca690ba05"
    [35mmethod[39m: "POST"
    [35mpath[39m: "/api/ai/v1/conversations/cms22j7dy005eikvgi491q5l0/messages"
    [35muserId[39m: "cms22j1c00005ikvgp3noslwf"
    [35moperation[39m: "http.request.complete"
    [35mevent[39m: "finished"
    [35mroute[39m: "/api/ai/v1/conversations/:conversationId/messages"
    [35mstatusCode[39m: 201
    [35mdurationMs[39m: 75
    [35mresponseSize[39m: 928
    [35mmessage[39m: "HTTP request completed"
[2026-07-26 20:25:03.309 +0300] [32mINFO[39m:
    [35mservice[39m: "impactloop-api"
    [35menvironment[39m: "development"
    [35mrequestId[39m: "3d9e003e-383e-44c8-adbb-596943e22c56"
    [35mmethod[39m: "POST"
    [35mpath[39m: "/api/ai/v1/actions/cms22j7hi005iikvg3rtqzb2u/confirm"
    [35muserId[39m: "cms22j1c00005ikvgp3noslwf"
    [35moperation[39m: "http.request.complete"
    [35mevent[39m: "finished"
    [35mroute[39m: "/actions/:pendingActionId/confirm"
    [35mstatusCode[39m: 409
    [35mdurationMs[39m: 14
    [35mresponseSize[39m: 148
    [35mmessage[39m: "HTTP request completed"
[2026-07-26 20:25:03.325 +0300] [32mINFO[39m:
    [35mservice[39m: "impactloop-api"
    [35menvironment[39m: "development"
    [35mrequestId[39m: "2bddd128-ee84-446d-9d04-c5cc26886662"
    [35mmethod[39m: "POST"
    [35mpath[39m: "/api/ai/v1/actions/cms22j7hi005iikvg3rtqzb2u/confirm"
    [35muserId[39m: "cms22j1c00005ikvgp3noslwf"
    [35moperation[39m: "http.request.complete"
    [35mevent[39m: "finished"
    [35mroute[39m: "/api/ai/v1/actions/:pendingActionId/confirm"
    [35mstatusCode[39m: 201
    [35mdurationMs[39m: 33
    [35mresponseSize[39m: 379
    [35mmessage[39m: "HTTP request completed"
  Γ£ö concurrent confirmation executes exactly one domain write (194.408ms)
[2026-07-26 20:25:03.339 +0300] [32mINFO[39m:
    [35mservice[39m: "impactloop-api"
    [35menvironment[39m: "development"
    [35mrequestId[39m: "9146945c-8a88-4624-9bdc-be8cd2325d6b"
    [35mmethod[39m: "POST"
    [35mpath[39m: "/api/ai/v1/conversations"
    [35muserId[39m: "cms22j1c00005ikvgp3noslwf"
    [35moperation[39m: "http.request.complete"
    [35mevent[39m: "finished"
    [35mroute[39m: "/api/ai/v1/conversations"
    [35mstatusCode[39m: 201
    [35mdurationMs[39m: 5
    [35mresponseSize[39m: 278
    [35mmessage[39m: "HTTP request completed"
[2026-07-26 20:25:03.371 +0300] [32mINFO[39m:
    [35mservice[39m: "impactloop-api"
    [35menvironment[39m: "development"
    [35mrequestId[39m: "8520e00e-6010-45a1-9cc9-b14855a28477"
    [35mmethod[39m: "POST"
    [35mpath[39m: "/api/ai/v1/conversations/cms22j7jd005likvg2hnb4zjc/messages"
    [35muserId[39m: "cms22j1c00005ikvgp3noslwf"
    [35mmessage[39m: "learner agent understanding diagnostics"
[2026-07-26 20:25:03.393 +0300] [32mINFO[39m:
    [35mservice[39m: "impactloop-api"
    [35menvironment[39m: "development"
    [35mrequestId[39m: null
    [35mmethod[39m: "POST"
    [35mpath[39m: "/api/ai/v1/conversations/cms22j7jd005likvg2hnb4zjc/messages"
    [35muserId[39m: "cms22j1c00005ikvgp3noslwf"
    [35mdurationMs[39m: 22
    [35mmessage[39m: "AI learner agent tool executed"
[2026-07-26 20:25:03.394 +0300] [32mINFO[39m:
    [35mservice[39m: "impactloop-api"
    [35menvironment[39m: "development"
    [35mrequestId[39m: "8520e00e-6010-45a1-9cc9-b14855a28477"
    [35mmethod[39m: "POST"
    [35mpath[39m: "/api/ai/v1/conversations/cms22j7jd005likvg2hnb4zjc/messages"
    [35muserId[39m: "cms22j1c00005ikvgp3noslwf"
    [35mroute[39m: "MATERIAL_SEARCH"
    [35mmessage[39m: "learner agent platform turn completed"
[2026-07-26 20:25:03.400 +0300] [32mINFO[39m:
    [35mservice[39m: "impactloop-api"
    [35menvironment[39m: "development"
    [35mrequestId[39m: "8520e00e-6010-45a1-9cc9-b14855a28477"
    [35mmethod[39m: "POST"
    [35mpath[39m: "/api/ai/v1/conversations/cms22j7jd005likvg2hnb4zjc/messages"
    [35muserId[39m: "cms22j1c00005ikvgp3noslwf"
    [35mprovider[39m: "system"
    [35mmodel[39m: null
    [35mmessage[39m: "general learning turn completed"
[2026-07-26 20:25:03.404 +0300] [32mINFO[39m:
    [35mservice[39m: "impactloop-api"
    [35menvironment[39m: "development"
    [35mrequestId[39m: "8520e00e-6010-45a1-9cc9-b14855a28477"
    [35mmethod[39m: "POST"
    [35mpath[39m: "/api/ai/v1/conversations/cms22j7jd005likvg2hnb4zjc/messages"
    [35muserId[39m: "cms22j1c00005ikvgp3noslwf"
    [35moperation[39m: "http.request.complete"
    [35mevent[39m: "finished"
    [35mroute[39m: "/api/ai/v1/conversations/:conversationId/messages"
    [35mstatusCode[39m: 201
    [35mdurationMs[39m: 62
    [35mresponseSize[39m: 944
    [35mmessage[39m: "HTTP request completed"
[2026-07-26 20:25:03.433 +0300] [32mINFO[39m:
    [35mservice[39m: "impactloop-api"
    [35menvironment[39m: "development"
    [35mrequestId[39m: "9d711932-131a-4b2c-8269-ac5192443965"
    [35mmethod[39m: "POST"
    [35mpath[39m: "/api/ai/v1/conversations/cms22j7jd005likvg2hnb4zjc/messages"
    [35muserId[39m: "cms22j1c00005ikvgp3noslwf"
    [35mmessage[39m: "learner agent understanding diagnostics"
[2026-07-26 20:25:03.486 +0300] [32mINFO[39m:
    [35mservice[39m: "impactloop-api"
    [35menvironment[39m: "development"
    [35mrequestId[39m: "9d711932-131a-4b2c-8269-ac5192443965"
    [35mmethod[39m: "POST"
    [35mpath[39m: "/api/ai/v1/conversations/cms22j7jd005likvg2hnb4zjc/messages"
    [35muserId[39m: "cms22j1c00005ikvgp3noslwf"
    [35mprovider[39m: "system"
    [35mmodel[39m: null
    [35mmessage[39m: "general learning turn completed"
[2026-07-26 20:25:03.491 +0300] [32mINFO[39m:
    [35mservice[39m: "impactloop-api"
    [35menvironment[39m: "development"
    [35mrequestId[39m: "9d711932-131a-4b2c-8269-ac5192443965"
    [35mmethod[39m: "POST"
    [35mpath[39m: "/api/ai/v1/conversations/cms22j7jd005likvg2hnb4zjc/messages"
    [35muserId[39m: "cms22j1c00005ikvgp3noslwf"
    [35moperation[39m: "http.request.complete"
    [35mevent[39m: "finished"
    [35mroute[39m: "/api/ai/v1/conversations/:conversationId/messages"
    [35mstatusCode[39m: 201
    [35mdurationMs[39m: 82
    [35mresponseSize[39m: 928
    [35mmessage[39m: "HTTP request completed"
[2026-07-26 20:25:03.521 +0300] [32mINFO[39m:
    [35mservice[39m: "impactloop-api"
    [35menvironment[39m: "development"
    [35mrequestId[39m: "69805968-d95a-4c77-a3ef-88b5d7a02eab"
    [35mmethod[39m: "POST"
    [35mpath[39m: "/api/ai/v1/actions/cms22j7na005pikvgp05wxjzb/confirm"
    [35muserId[39m: "cms22j1c00005ikvgp3noslwf"
    [35moperation[39m: "http.request.complete"
    [35mevent[39m: "finished"
    [35mroute[39m: "/api/ai/v1/actions/:pendingActionId/confirm"
    [35mstatusCode[39m: 201
    [35mdurationMs[39m: 26
    [35mresponseSize[39m: 379
    [35mmessage[39m: "HTTP request completed"
[2026-07-26 20:25:03.534 +0300] [32mINFO[39m:
    [35mservice[39m: "impactloop-api"
    [35menvironment[39m: "development"
    [35mrequestId[39m: "ba223825-2852-48ad-940c-a7ff7ed835df"
    [35mmethod[39m: "GET"
    [35mpath[39m: "/api/ai/v1/conversations/cms22j7jd005likvg2hnb4zjc/messages"
    [35muserId[39m: "cms22j1c00005ikvgp3noslwf"
    [35moperation[39m: "http.request.complete"
    [35mevent[39m: "finished"
    [35mroute[39m: "/api/ai/v1/conversations/:conversationId/messages"
    [35mstatusCode[39m: 200
    [35mdurationMs[39m: 10
    [35mresponseSize[39m: 2869
    [35mmessage[39m: "HTTP request completed"
  Γ£ö confirmation and result blocks persist on reload (206.1301ms)
[2026-07-26 20:25:03.546 +0300] [32mINFO[39m:
    [35mservice[39m: "impactloop-api"
    [35menvironment[39m: "development"
    [35mrequestId[39m: "81fa8609-ff88-4d78-8f29-d161118a1d7e"
    [35mmethod[39m: "POST"
    [35mpath[39m: "/api/ai/v1/conversations"
    [35muserId[39m: "cms22j1c00005ikvgp3noslwf"
    [35moperation[39m: "http.request.complete"
    [35mevent[39m: "finished"
    [35mroute[39m: "/api/ai/v1/conversations"
    [35mstatusCode[39m: 201
    [35mdurationMs[39m: 5
    [35mresponseSize[39m: 278
    [35mmessage[39m: "HTTP request completed"
[2026-07-26 20:25:03.574 +0300] [32mINFO[39m:
    [35mservice[39m: "impactloop-api"
    [35menvironment[39m: "development"
    [35mrequestId[39m: "93b5ca3b-0d5a-410f-9b4a-b63a53f3353c"
    [35mmethod[39m: "POST"
    [35mpath[39m: "/api/ai/v1/conversations/cms22j7p4005rikvg6lxsk457/messages"
    [35muserId[39m: "cms22j1c00005ikvgp3noslwf"
    [35mmessage[39m: "learner agent understanding diagnostics"
[2026-07-26 20:25:03.594 +0300] [32mINFO[39m:
    [35mservice[39m: "impactloop-api"
    [35menvironment[39m: "development"
    [35mrequestId[39m: null
    [35mmethod[39m: "POST"
    [35mpath[39m: "/api/ai/v1/conversations/cms22j7p4005rikvg6lxsk457/messages"
    [35muserId[39m: "cms22j1c00005ikvgp3noslwf"
    [35mdurationMs[39m: 20
    [35mmessage[39m: "AI learner agent tool executed"
[2026-07-26 20:25:03.594 +0300] [32mINFO[39m:
    [35mservice[39m: "impactloop-api"
    [35menvironment[39m: "development"
    [35mrequestId[39m: "93b5ca3b-0d5a-410f-9b4a-b63a53f3353c"
    [35mmethod[39m: "POST"
    [35mpath[39m: "/api/ai/v1/conversations/cms22j7p4005rikvg6lxsk457/messages"
    [35muserId[39m: "cms22j1c00005ikvgp3noslwf"
    [35mroute[39m: "MATERIAL_SEARCH"
    [35mmessage[39m: "learner agent platform turn completed"
[2026-07-26 20:25:03.598 +0300] [32mINFO[39m:
    [35mservice[39m: "impactloop-api"
    [35menvironment[39m: "development"
    [35mrequestId[39m: "93b5ca3b-0d5a-410f-9b4a-b63a53f3353c"
    [35mmethod[39m: "POST"
    [35mpath[39m: "/api/ai/v1/conversations/cms22j7p4005rikvg6lxsk457/messages"
    [35muserId[39m: "cms22j1c00005ikvgp3noslwf"
    [35mprovider[39m: "system"
    [35mmodel[39m: null
    [35mmessage[39m: "general learning turn completed"
[2026-07-26 20:25:03.601 +0300] [32mINFO[39m:
    [35mservice[39m: "impactloop-api"
    [35menvironment[39m: "development"
    [35mrequestId[39m: "93b5ca3b-0d5a-410f-9b4a-b63a53f3353c"
    [35mmethod[39m: "POST"
    [35mpath[39m: "/api/ai/v1/conversations/cms22j7p4005rikvg6lxsk457/messages"
    [35muserId[39m: "cms22j1c00005ikvgp3noslwf"
    [35moperation[39m: "http.request.complete"
    [35mevent[39m: "finished"
    [35mroute[39m: "/api/ai/v1/conversations/:conversationId/messages"
    [35mstatusCode[39m: 201
    [35mdurationMs[39m: 53
    [35mresponseSize[39m: 944
    [35mmessage[39m: "HTTP request completed"
[2026-07-26 20:25:03.656 +0300] [32mINFO[39m:
    [35mservice[39m: "impactloop-api"
    [35menvironment[39m: "development"
    [35mrequestId[39m: "49ea659b-0df7-4e0a-8689-22ca3354daa4"
    [35mmethod[39m: "POST"
    [35mpath[39m: "/api/ai/v1/conversations/cms22j7p4005rikvg6lxsk457/messages"
    [35muserId[39m: "cms22j1c00005ikvgp3noslwf"
    [35mmessage[39m: "learner agent understanding diagnostics"
[2026-07-26 20:25:03.693 +0300] [32mINFO[39m:
    [35mservice[39m: "impactloop-api"
    [35menvironment[39m: "development"
    [35mrequestId[39m: "49ea659b-0df7-4e0a-8689-22ca3354daa4"
    [35mmethod[39m: "POST"
    [35mpath[39m: "/api/ai/v1/conversations/cms22j7p4005rikvg6lxsk457/messages"
    [35muserId[39m: "cms22j1c00005ikvgp3noslwf"
    [35mprovider[39m: "system"
    [35mmodel[39m: null
    [35mmessage[39m: "general learning turn completed"
[2026-07-26 20:25:03.697 +0300] [32mINFO[39m:
    [35mservice[39m: "impactloop-api"
    [35menvironment[39m: "development"
    [35mrequestId[39m: "49ea659b-0df7-4e0a-8689-22ca3354daa4"
    [35mmethod[39m: "POST"
    [35mpath[39m: "/api/ai/v1/conversations/cms22j7p4005rikvg6lxsk457/messages"
    [35muserId[39m: "cms22j1c00005ikvgp3noslwf"
    [35moperation[39m: "http.request.complete"
    [35mevent[39m: "finished"
    [35mroute[39m: "/api/ai/v1/conversations/:conversationId/messages"
    [35mstatusCode[39m: 201
    [35mdurationMs[39m: 93
    [35mresponseSize[39m: 521
    [35mmessage[39m: "HTTP request completed"
[2026-07-26 20:25:03.755 +0300] [32mINFO[39m:
    [35mservice[39m: "impactloop-api"
    [35menvironment[39m: "development"
    [35mrequestId[39m: "ffa4ff29-1954-4c5c-a7f4-6b677d09a61f"
    [35mmethod[39m: "POST"
    [35mpath[39m: "/api/ai/v1/conversations/cms22j7p4005rikvg6lxsk457/messages"
    [35muserId[39m: "cms22j1c00005ikvgp3noslwf"
    [35mprovider[39m: "system"
    [35mmodel[39m: null
    [35mmessage[39m: "general learning turn completed"
[2026-07-26 20:25:03.758 +0300] [32mINFO[39m:
    [35mservice[39m: "impactloop-api"
    [35menvironment[39m: "development"
    [35mrequestId[39m: "ffa4ff29-1954-4c5c-a7f4-6b677d09a61f"
    [35mmethod[39m: "POST"
    [35mpath[39m: "/api/ai/v1/conversations/cms22j7p4005rikvg6lxsk457/messages"
    [35muserId[39m: "cms22j1c00005ikvgp3noslwf"
    [35moperation[39m: "http.request.complete"
    [35mevent[39m: "finished"
    [35mroute[39m: "/api/ai/v1/conversations/:conversationId/messages"
    [35mstatusCode[39m: 201
    [35mdurationMs[39m: 57
    [35mresponseSize[39m: 538
    [35mmessage[39m: "HTTP request completed"
[2026-07-26 20:25:03.811 +0300] [32mINFO[39m:
    [35mservice[39m: "impactloop-api"
    [35menvironment[39m: "development"
    [35mrequestId[39m: "e8e14681-4682-4df0-b23a-474cfeac632b"
    [35mmethod[39m: "POST"
    [35mpath[39m: "/api/ai/v1/conversations/cms22j7p4005rikvg6lxsk457/messages"
    [35muserId[39m: "cms22j1c00005ikvgp3noslwf"
    [35mprovider[39m: "system"
    [35mmodel[39m: null
    [35mmessage[39m: "general learning turn completed"
[2026-07-26 20:25:03.814 +0300] [32mINFO[39m:
    [35mservice[39m: "impactloop-api"
    [35menvironment[39m: "development"
    [35mrequestId[39m: "e8e14681-4682-4df0-b23a-474cfeac632b"
    [35mmethod[39m: "POST"
    [35mpath[39m: "/api/ai/v1/conversations/cms22j7p4005rikvg6lxsk457/messages"
    [35muserId[39m: "cms22j1c00005ikvgp3noslwf"
    [35moperation[39m: "http.request.complete"
    [35mevent[39m: "finished"
    [35mroute[39m: "/api/ai/v1/conversations/:conversationId/messages"
    [35mstatusCode[39m: 201
    [35mdurationMs[39m: 53
    [35mresponseSize[39m: 560
    [35mmessage[39m: "HTTP request completed"
[2026-07-26 20:25:03.866 +0300] [32mINFO[39m:
    [35mservice[39m: "impactloop-api"
    [35menvironment[39m: "development"
    [35mrequestId[39m: "caf56a93-6bbd-4969-bea4-68d7c6864b82"
    [35mmethod[39m: "POST"
    [35mpath[39m: "/api/ai/v1/conversations/cms22j7p4005rikvg6lxsk457/messages"
    [35muserId[39m: "cms22j1c00005ikvgp3noslwf"
    [35mprovider[39m: "system"
    [35mmodel[39m: null
    [35mmessage[39m: "general learning turn completed"
[2026-07-26 20:25:03.869 +0300] [32mINFO[39m:
    [35mservice[39m: "impactloop-api"
    [35menvironment[39m: "development"
    [35mrequestId[39m: "caf56a93-6bbd-4969-bea4-68d7c6864b82"
    [35mmethod[39m: "POST"
    [35mpath[39m: "/api/ai/v1/conversations/cms22j7p4005rikvg6lxsk457/messages"
    [35muserId[39m: "cms22j1c00005ikvgp3noslwf"
    [35moperation[39m: "http.request.complete"
    [35mevent[39m: "finished"
    [35mroute[39m: "/api/ai/v1/conversations/:conversationId/messages"
    [35mstatusCode[39m: 201
    [35mdurationMs[39m: 52
    [35mresponseSize[39m: 591
    [35mmessage[39m: "HTTP request completed"
[2026-07-26 20:25:03.943 +0300] [32mINFO[39m:
    [35mservice[39m: "impactloop-api"
    [35menvironment[39m: "development"
    [35mrequestId[39m: "0688d5ee-3eab-4af8-95fd-59fa78305a87"
    [35mmethod[39m: "POST"
    [35mpath[39m: "/api/ai/v1/conversations/cms22j7p4005rikvg6lxsk457/messages"
    [35muserId[39m: "cms22j1c00005ikvgp3noslwf"
    [35mprovider[39m: "system"
    [35mmodel[39m: null
    [35mmessage[39m: "general learning turn completed"
[2026-07-26 20:25:03.946 +0300] [32mINFO[39m:
    [35mservice[39m: "impactloop-api"
    [35menvironment[39m: "development"
    [35mrequestId[39m: "0688d5ee-3eab-4af8-95fd-59fa78305a87"
    [35mmethod[39m: "POST"
    [35mpath[39m: "/api/ai/v1/conversations/cms22j7p4005rikvg6lxsk457/messages"
    [35muserId[39m: "cms22j1c00005ikvgp3noslwf"
    [35moperation[39m: "http.request.complete"
    [35mevent[39m: "finished"
    [35mroute[39m: "/api/ai/v1/conversations/:conversationId/messages"
    [35mstatusCode[39m: 201
    [35mdurationMs[39m: 74
    [35mresponseSize[39m: 934
    [35mmessage[39m: "HTTP request completed"
[2026-07-26 20:25:04.001 +0300] [32mINFO[39m:
    [35mservice[39m: "impactloop-api"
    [35menvironment[39m: "development"
    [35mrequestId[39m: "0bc4a577-831f-4cb1-bbf5-66822831d869"
    [35mmethod[39m: "POST"
    [35mpath[39m: "/api/ai/v1/actions/cms22j8000067ikvgqokpbubb/confirm"
    [35muserId[39m: "cms22j1c00005ikvgp3noslwf"
    [35moperation[39m: "http.request.complete"
    [35mevent[39m: "finished"
    [35mroute[39m: "/api/ai/v1/actions/:pendingActionId/confirm"
    [35mstatusCode[39m: 201
    [35mdurationMs[39m: 51
    [35mresponseSize[39m: 467
    [35mmessage[39m: "HTTP request completed"
[2026-07-26 20:25:04.047 +0300] [32mINFO[39m:
    [35mservice[39m: "impactloop-api"
    [35menvironment[39m: "development"
    [35mrequestId[39m: "546e9c1c-ef72-42db-9bbe-d9e48fdf0f3c"
    [35mmethod[39m: "POST"
    [35mpath[39m: "/api/ai/v1/conversations/cms22j7p4005rikvg6lxsk457/messages"
    [35muserId[39m: "cms22j1c00005ikvgp3noslwf"
    [35mmessage[39m: "learner agent understanding diagnostics"
[2026-07-26 20:25:04.053 +0300] [32mINFO[39m:
    [35mservice[39m: "impactloop-api"
    [35menvironment[39m: "development"
    [35mrequestId[39m: "546e9c1c-ef72-42db-9bbe-d9e48fdf0f3c"
    [35mmethod[39m: "POST"
    [35mpath[39m: "/api/ai/v1/conversations/cms22j7p4005rikvg6lxsk457/messages"
    [35muserId[39m: "cms22j1c00005ikvgp3noslwf"
    [35mprovider[39m: "mock"
    [35mmodel[39m: "mock-general-learning"
    [35mmessage[39m: "general learning turn completed"
[2026-07-26 20:25:04.056 +0300] [32mINFO[39m:
    [35mservice[39m: "impactloop-api"
    [35menvironment[39m: "development"
    [35mrequestId[39m: "546e9c1c-ef72-42db-9bbe-d9e48fdf0f3c"
    [35mmethod[39m: "POST"
    [35mpath[39m: "/api/ai/v1/conversations/cms22j7p4005rikvg6lxsk457/messages"
    [35muserId[39m: "cms22j1c00005ikvgp3noslwf"
    [35moperation[39m: "http.request.complete"
    [35mevent[39m: "finished"
    [35mroute[39m: "/api/ai/v1/conversations/:conversationId/messages"
    [35mstatusCode[39m: 201
    [35mdurationMs[39m: 49
    [35mresponseSize[39m: 598
    [35mmessage[39m: "HTTP request completed"
  Γ£ö reservation multi-turn continuation accepts pickup time before date (520.1323ms)
Γ£û ai actions http closure (14258.2375ms)
Γû╢ semantic router v2 integration
  Γ£ö action requests require confirmation before mutation (0.39ms)
Γ£ö semantic router v2 integration (0.7151ms)
Γä╣ tests 28
Γä╣ suites 2
Γä╣ pass 22
Γä╣ fail 6
Γä╣ cancelled 0
Γä╣ skipped 0
Γä╣ todo 0
Γä╣ duration_ms 27222.6742

Γ£û failing tests:

test at src\modules\ai\agent\ai-actions.http-closure.test.ts:1:20650
Γ£û LINK_MATERIAL_TO_BUILD_COMPONENT links once after confirm (108.4621ms)
  AssertionError [ERR_ASSERTION]: expected action_confirmation
      at confirmationBlock (C:\Users\JC\Desktop\Software-projects\apps\backend\src\modules\ai\agent\ai-actions.http-closure.test.ts:244:10)
      at TestContext.<anonymous> (C:\Users\JC\Desktop\Software-projects\apps\backend\src\modules\ai\agent\ai-actions.http-closure.test.ts:741:26)
      at process.processTicksAndRejections (node:internal/process/task_queues:103:5)
      at async Test.run (node:internal/test_runner/test:1110:7)
      at async Suite.processPendingSubtests (node:internal/test_runner/test:785:7) {
    generatedMessage: false,
    code: 'ERR_ASSERTION',
    actual: undefined,
    expected: true,
    operator: '==',
    diff: 'simple'
  }

test at src\modules\ai\agent\ai-actions.http-closure.test.ts:1:21890
Γ£û incompatible link returns typed failure without link write (102.5159ms)
  AssertionError [ERR_ASSERTION]: expected action_confirmation
      at confirmationBlock (C:\Users\JC\Desktop\Software-projects\apps\backend\src\modules\ai\agent\ai-actions.http-closure.test.ts:244:10)
      at TestContext.<anonymous> (C:\Users\JC\Desktop\Software-projects\apps\backend\src\modules\ai\agent\ai-actions.http-closure.test.ts:785:26)
      at process.processTicksAndRejections (node:internal/process/task_queues:103:5)
      at async Test.run (node:internal/test_runner/test:1110:7)
      at async Suite.processPendingSubtests (node:internal/test_runner/test:785:7) {
    generatedMessage: false,
    code: 'ERR_ASSERTION',
    actual: undefined,
    expected: true,
    operator: '==',
    diff: 'simple'
  }

test at src\modules\ai\agent\ai-actions.http-closure.test.ts:1:24586
Γ£û reservation preparation creates no reservation rows (98.292ms)
  PrismaClientValidationError: 
  Invalid `prisma.reservation.count()` invocation in
  C:\Users\JC\Desktop\Software-projects\apps\backend\src\modules\ai\agent\ai-actions.http-closure.test.ts:865:45
  
    862   `╪º╪╣╪▒╪╢┘ä┘è ┘à┘ê╪º╪» ${SEED_TOKEN}`,
    863   clientId('reserve-search'),
    864 );
  ΓåÆ 865 const before = await prisma.reservation.count({
          select: {
            _count: {
              select: {
                _all: true
              }
            }
          },
          where: {
            learnerId: "cms22j1c00005ikvgp3noslwf",
            ~~~~~~~~~
        ?   AND?: ReservationWhereInput | ReservationWhereInput[],
        ?   OR?: ReservationWhereInput[],
        ?   NOT?: ReservationWhereInput | ReservationWhereInput[],
        ?   id?: StringFilter | String,
        ?   materialId?: StringFilter | String,
        ?   requesterId?: StringFilter | String,
        ?   ownerId?: StringFilter | String,
        ?   quantityRequested?: DecimalFilter | Decimal,
        ?   message?: StringNullableFilter | String | Null,
        ?   fulfillmentMethod?: EnumReservationFulfillmentMethodFilter | ReservationFulfillmentMethod,
        ?   learnerPreferredPickupWindows?: JsonNullableFilter,
        ?   learnerPreferredDeliveryWindows?: JsonNullableFilter,
        ?   deliveryAddressText?: StringNullableFilter | String | Null,
        ?   safeDropoffAllowed?: BoolNullableFilter | Boolean | Null,
        ?   deliveryNote?: StringNullableFilter | String | Null,
        ?   status?: EnumReservationStatusFilter | ReservationStatus,
        ?   pickupWindowStart?: DateTimeNullableFilter | DateTime | Null,
        ?   pickupWindowEnd?: DateTimeNullableFilter | DateTime | Null,
        ?   supplierProposedPickupWindowStart?: DateTimeNullableFilter | DateTime | Null,
        ?   supplierProposedPickupWindowEnd?: DateTimeNullableFilter | DateTime | Null,
        ?   learnerProposedPickupWindowStart?: DateTimeNullableFilter | DateTime | Null,
        ?   learnerProposedPickupWindowEnd?: DateTimeNullableFilter | DateTime | Null,
        ?   pendingRescheduleRequestedBy?: EnumRescheduleRequestedByNullableFilter | RescheduleRequestedBy | Null,
        ?   pendingRescheduleReason?: StringNullableFilter | String | Null,
        ?   pendingRescheduleNote?: StringNullableFilter | String | Null,
        ?   supplierPickupWindowStart?: DateTimeNullableFilter | DateTime | Null,
        ?   supplierPickupWindowEnd?: DateTimeNullableFilter | DateTime | Null,
        ?   confirmedDeliveryWindowStart?: DateTimeNullableFilter | DateTime | Null,
        ?   confirmedDeliveryWindowEnd?: DateTimeNullableFilter | DateTime | Null,
        ?   earliestDeliveryStart?: DateTimeNullableFilter | DateTime | Null,
        ?   schedulingConflictReason?: StringNullableFilter | String | Null,
        ?   supplierNote?: StringNullableFilter | String | Null,
        ?   rejectionReason?: StringNullableFilter | String | Null,
        ?   acceptedAt?: DateTimeNullableFilter | DateTime | Null,
        ?   rejectedAt?: DateTimeNullableFilter | DateTime | Null,
        ?   cancelledAt?: DateTimeNullableFilter | DateTime | Null,
        ?   completedAt?: DateTimeNullableFilter | DateTime | Null,
        ?   selfPickupCodeHash?: StringNullableFilter | String | Null,
        ?   selfPickupCodeGeneratedAt?: DateTimeNullableFilter | DateTime | Null,
        ?   createdAt?: DateTimeFilter | DateTime,
        ?   updatedAt?: DateTimeFilter | DateTime,
        ?   unitPriceAtReservation?: DecimalNullableFilter | Decimal | Null,
        ?   materialSubtotal?: DecimalNullableFilter | Decimal | Null,
        ?   deliveryFee?: DecimalNullableFilter | Decimal | Null,
        ?   totalAmount?: DecimalNullableFilter | Decimal | Null,
        ?   pricingCurrency?: StringNullableFilter | String | Null,
        ?   deliveryZone?: EnumDeliveryZoneNullableFilter | DeliveryZone | Null,
        ?   dropoffCity?: StringNullableFilter | String | Null,
        ?   dropoffArea?: StringNullableFilter | String | Null,
        ?   deliveryGroupId?: StringNullableFilter | String | Null,
        ?   material?: MaterialScalarRelationFilter | MaterialWhereInput,
        ?   requester?: UserScalarRelationFilter | UserWhereInput,
        ?   owner?: UserScalarRelationFilter | UserWhereInput,
        ?   reusedMaterial?: MaterialNullableScalarRelationFilter | MaterialWhereInput | Null,
        ?   deliveries?: DeliveryListRelationFilter,
        ?   reviews?: ReviewListRelationFilter,
        ?   statusHistory?: ReservationStatusHistoryListRelationFilter,
        ?   messages?: ReservationMessageListRelationFilter,
        ?   noShowReports?: NoShowReportListRelationFilter,
        ?   linkedFromProjectBuildItems?: ProjectBuildItemListRelationFilter,
        ?   deliveryGroup?: DeliveryGroupNullableScalarRelationFilter | DeliveryGroupWhereInput | Null
          }
        })
  
  Unknown argument `learnerId`. Available options are marked with ?.
      at ar (C:\Users\JC\Desktop\Software-projects\apps\backend\src\generated\prisma\runtime\client.js:14:1374)
      at zr.handleRequestError (C:\Users\JC\Desktop\Software-projects\apps\backend\src\generated\prisma\runtime\client.js:69:7929)
      at zr.handleAndLogRequestError (C:\Users\JC\Desktop\Software-projects\apps\backend\src\generated\prisma\runtime\client.js:69:7581)
      at zr.request (C:\Users\JC\Desktop\Software-projects\apps\backend\src\generated\prisma\runtime\client.js:69:7288)
      at process.processTicksAndRejections (node:internal/process/task_queues:103:5)
      at async a (C:\Users\JC\Desktop\Software-projects\apps\backend\src\generated\prisma\runtime\client.js:79:6862)
      at async TestContext.<anonymous> (C:\Users\JC\Desktop\Software-projects\apps\backend\src\modules\ai\agent\ai-actions.http-closure.test.ts:865:20)
      at async Test.run (node:internal/test_runner/test:1110:7)
      at async Suite.processPendingSubtests (node:internal/test_runner/test:785:7)

test at src\modules\ai\agent\ai-actions.http-closure.test.ts:1:31738
Γ£û valid reservation confirmation creates one reservation (188.2423ms)
  PrismaClientValidationError: 
  Invalid `prisma.reservation.count()` invocation in
  C:\Users\JC\Desktop\Software-projects\apps\backend\src\modules\ai\agent\ai-actions.http-closure.test.ts:1121:45
  
    1118 );
    1119 assert.equal(prepared.response.status, 201);
    1120 const confirmation = confirmationBlock(parseBlocks(prepared.json));
  ΓåÆ 1121 const before = await prisma.reservation.count({
           select: {
             _count: {
               select: {
                 _all: true
               }
             }
           },
           where: {
             learnerId: "cms22j1c00005ikvgp3noslwf",
             ~~~~~~~~~
         ?   AND?: ReservationWhereInput | ReservationWhereInput[],
         ?   OR?: ReservationWhereInput[],
         ?   NOT?: ReservationWhereInput | ReservationWhereInput[],
         ?   id?: StringFilter | String,
         ?   materialId?: StringFilter | String,
         ?   requesterId?: StringFilter | String,
         ?   ownerId?: StringFilter | String,
         ?   quantityRequested?: DecimalFilter | Decimal,
         ?   message?: StringNullableFilter | String | Null,
         ?   fulfillmentMethod?: EnumReservationFulfillmentMethodFilter | ReservationFulfillmentMethod,
         ?   learnerPreferredPickupWindows?: JsonNullableFilter,
         ?   learnerPreferredDeliveryWindows?: JsonNullableFilter,
         ?   deliveryAddressText?: StringNullableFilter | String | Null,
         ?   safeDropoffAllowed?: BoolNullableFilter | Boolean | Null,
         ?   deliveryNote?: StringNullableFilter | String | Null,
         ?   status?: EnumReservationStatusFilter | ReservationStatus,
         ?   pickupWindowStart?: DateTimeNullableFilter | DateTime | Null,
         ?   pickupWindowEnd?: DateTimeNullableFilter | DateTime | Null,
         ?   supplierProposedPickupWindowStart?: DateTimeNullableFilter | DateTime | Null,
         ?   supplierProposedPickupWindowEnd?: DateTimeNullableFilter | DateTime | Null,
         ?   learnerProposedPickupWindowStart?: DateTimeNullableFilter | DateTime | Null,
         ?   learnerProposedPickupWindowEnd?: DateTimeNullableFilter | DateTime | Null,
         ?   pendingRescheduleRequestedBy?: EnumRescheduleRequestedByNullableFilter | RescheduleRequestedBy | Null,
         ?   pendingRescheduleReason?: StringNullableFilter | String | Null,
         ?   pendingRescheduleNote?: StringNullableFilter | String | Null,
         ?   supplierPickupWindowStart?: DateTimeNullableFilter | DateTime | Null,
         ?   supplierPickupWindowEnd?: DateTimeNullableFilter | DateTime | Null,
         ?   confirmedDeliveryWindowStart?: DateTimeNullableFilter | DateTime | Null,
         ?   confirmedDeliveryWindowEnd?: DateTimeNullableFilter | DateTime | Null,
         ?   earliestDeliveryStart?: DateTimeNullableFilter | DateTime | Null,
         ?   schedulingConflictReason?: StringNullableFilter | String | Null,
         ?   supplierNote?: StringNullableFilter | String | Null,
         ?   rejectionReason?: StringNullableFilter | String | Null,
         ?   acceptedAt?: DateTimeNullableFilter | DateTime | Null,
         ?   rejectedAt?: DateTimeNullableFilter | DateTime | Null,
         ?   cancelledAt?: DateTimeNullableFilter | DateTime | Null,
         ?   completedAt?: DateTimeNullableFilter | DateTime | Null,
         ?   selfPickupCodeHash?: StringNullableFilter | String | Null,
         ?   selfPickupCodeGeneratedAt?: DateTimeNullableFilter | DateTime | Null,
         ?   createdAt?: DateTimeFilter | DateTime,
         ?   updatedAt?: DateTimeFilter | DateTime,
         ?   unitPriceAtReservation?: DecimalNullableFilter | Decimal | Null,
         ?   materialSubtotal?: DecimalNullableFilter | Decimal | Null,
         ?   deliveryFee?: DecimalNullableFilter | Decimal | Null,
         ?   totalAmount?: DecimalNullableFilter | Decimal | Null,
         ?   pricingCurrency?: StringNullableFilter | String | Null,
         ?   deliveryZone?: EnumDeliveryZoneNullableFilter | DeliveryZone | Null,
         ?   dropoffCity?: StringNullableFilter | String | Null,
         ?   dropoffArea?: StringNullableFilter | String | Null,
         ?   deliveryGroupId?: StringNullableFilter | String | Null,
         ?   material?: MaterialScalarRelationFilter | MaterialWhereInput,
         ?   requester?: UserScalarRelationFilter | UserWhereInput,
         ?   owner?: UserScalarRelationFilter | UserWhereInput,
         ?   reusedMaterial?: MaterialNullableScalarRelationFilter | MaterialWhereInput | Null,
         ?   deliveries?: DeliveryListRelationFilter,
         ?   reviews?: ReviewListRelationFilter,
         ?   statusHistory?: ReservationStatusHistoryListRelationFilter,
         ?   messages?: ReservationMessageListRelationFilter,
         ?   noShowReports?: NoShowReportListRelationFilter,
         ?   linkedFromProjectBuildItems?: ProjectBuildItemListRelationFilter,
         ?   deliveryGroup?: DeliveryGroupNullableScalarRelationFilter | DeliveryGroupWhereInput | Null
           }
         })
  
  Unknown argument `learnerId`. Available options are marked with ?.
      at ar (C:\Users\JC\Desktop\Software-projects\apps\backend\src\generated\prisma\runtime\client.js:14:1374)
      at zr.handleRequestError (C:\Users\JC\Desktop\Software-projects\apps\backend\src\generated\prisma\runtime\client.js:69:7929)
      at zr.handleAndLogRequestError (C:\Users\JC\Desktop\Software-projects\apps\backend\src\generated\prisma\runtime\client.js:69:7581)
      at zr.request (C:\Users\JC\Desktop\Software-projects\apps\backend\src\generated\prisma\runtime\client.js:69:7288)
      at process.processTicksAndRejections (node:internal/process/task_queues:103:5)
      at async a (C:\Users\JC\Desktop\Software-projects\apps\backend\src\generated\prisma\runtime\client.js:79:6862)
      at async TestContext.<anonymous> (C:\Users\JC\Desktop\Software-projects\apps\backend\src\modules\ai\agent\ai-actions.http-closure.test.ts:1121:20)
      at async Test.run (node:internal/test_runner/test:1110:7)
      at async Suite.processPendingSubtests (node:internal/test_runner/test:785:7)

test at src\modules\ai\agent\ai-actions.http-closure.test.ts:1:32813
Γ£û reconfirm reservation does not duplicate (259.313ms)
  PrismaClientValidationError: 
  Invalid `prisma.reservation.count()` invocation in
  C:\Users\JC\Desktop\Software-projects\apps\backend\src\modules\ai\agent\ai-actions.http-closure.test.ts:1158:54
  
    1155   confirmation.pendingActionId as string,
    1156   'confirm-reservation-a',
    1157 );
  ΓåÆ 1158 const countAfterFirst = await prisma.reservation.count({
           select: {
             _count: {
               select: {
                 _all: true
               }
             }
           },
           where: {
             learnerId: "cms22j1c00005ikvgp3noslwf",
             ~~~~~~~~~
         ?   AND?: ReservationWhereInput | ReservationWhereInput[],
         ?   OR?: ReservationWhereInput[],
         ?   NOT?: ReservationWhereInput | ReservationWhereInput[],
         ?   id?: StringFilter | String,
         ?   materialId?: StringFilter | String,
         ?   requesterId?: StringFilter | String,
         ?   ownerId?: StringFilter | String,
         ?   quantityRequested?: DecimalFilter | Decimal,
         ?   message?: StringNullableFilter | String | Null,
         ?   fulfillmentMethod?: EnumReservationFulfillmentMethodFilter | ReservationFulfillmentMethod,
         ?   learnerPreferredPickupWindows?: JsonNullableFilter,
         ?   learnerPreferredDeliveryWindows?: JsonNullableFilter,
         ?   deliveryAddressText?: StringNullableFilter | String | Null,
         ?   safeDropoffAllowed?: BoolNullableFilter | Boolean | Null,
         ?   deliveryNote?: StringNullableFilter | String | Null,
         ?   status?: EnumReservationStatusFilter | ReservationStatus,
         ?   pickupWindowStart?: DateTimeNullableFilter | DateTime | Null,
         ?   pickupWindowEnd?: DateTimeNullableFilter | DateTime | Null,
         ?   supplierProposedPickupWindowStart?: DateTimeNullableFilter | DateTime | Null,
         ?   supplierProposedPickupWindowEnd?: DateTimeNullableFilter | DateTime | Null,
         ?   learnerProposedPickupWindowStart?: DateTimeNullableFilter | DateTime | Null,
         ?   learnerProposedPickupWindowEnd?: DateTimeNullableFilter | DateTime | Null,
         ?   pendingRescheduleRequestedBy?: EnumRescheduleRequestedByNullableFilter | RescheduleRequestedBy | Null,
         ?   pendingRescheduleReason?: StringNullableFilter | String | Null,
         ?   pendingRescheduleNote?: StringNullableFilter | String | Null,
         ?   supplierPickupWindowStart?: DateTimeNullableFilter | DateTime | Null,
         ?   supplierPickupWindowEnd?: DateTimeNullableFilter | DateTime | Null,
         ?   confirmedDeliveryWindowStart?: DateTimeNullableFilter | DateTime | Null,
         ?   confirmedDeliveryWindowEnd?: DateTimeNullableFilter | DateTime | Null,
         ?   earliestDeliveryStart?: DateTimeNullableFilter | DateTime | Null,
         ?   schedulingConflictReason?: StringNullableFilter | String | Null,
         ?   supplierNote?: StringNullableFilter | String | Null,
         ?   rejectionReason?: StringNullableFilter | String | Null,
         ?   acceptedAt?: DateTimeNullableFilter | DateTime | Null,
         ?   rejectedAt?: DateTimeNullableFilter | DateTime | Null,
         ?   cancelledAt?: DateTimeNullableFilter | DateTime | Null,
         ?   completedAt?: DateTimeNullableFilter | DateTime | Null,
         ?   selfPickupCodeHash?: StringNullableFilter | String | Null,
         ?   selfPickupCodeGeneratedAt?: DateTimeNullableFilter | DateTime | Null,
         ?   createdAt?: DateTimeFilter | DateTime,
         ?   updatedAt?: DateTimeFilter | DateTime,
         ?   unitPriceAtReservation?: DecimalNullableFilter | Decimal | Null,
         ?   materialSubtotal?: DecimalNullableFilter | Decimal | Null,
         ?   deliveryFee?: DecimalNullableFilter | Decimal | Null,
         ?   totalAmount?: DecimalNullableFilter | Decimal | Null,
         ?   pricingCurrency?: StringNullableFilter | String | Null,
         ?   deliveryZone?: EnumDeliveryZoneNullableFilter | DeliveryZone | Null,
         ?   dropoffCity?: StringNullableFilter | String | Null,
         ?   dropoffArea?: StringNullableFilter | String | Null,
         ?   deliveryGroupId?: StringNullableFilter | String | Null,
         ?   material?: MaterialScalarRelationFilter | MaterialWhereInput,
         ?   requester?: UserScalarRelationFilter | UserWhereInput,
         ?   owner?: UserScalarRelationFilter | UserWhereInput,
         ?   reusedMaterial?: MaterialNullableScalarRelationFilter | MaterialWhereInput | Null,
         ?   deliveries?: DeliveryListRelationFilter,
         ?   reviews?: ReviewListRelationFilter,
         ?   statusHistory?: ReservationStatusHistoryListRelationFilter,
         ?   messages?: ReservationMessageListRelationFilter,
         ?   noShowReports?: NoShowReportListRelationFilter,
         ?   linkedFromProjectBuildItems?: ProjectBuildItemListRelationFilter,
         ?   deliveryGroup?: DeliveryGroupNullableScalarRelationFilter | DeliveryGroupWhereInput | Null
           }
         })
  
  Unknown argument `learnerId`. Available options are marked with ?.
      at ar (C:\Users\JC\Desktop\Software-projects\apps\backend\src\generated\prisma\runtime\client.js:14:1374)
      at zr.handleRequestError (C:\Users\JC\Desktop\Software-projects\apps\backend\src\generated\prisma\runtime\client.js:69:7929)
      at zr.handleAndLogRequestError (C:\Users\JC\Desktop\Software-projects\apps\backend\src\generated\prisma\runtime\client.js:69:7581)
      at zr.request (C:\Users\JC\Desktop\Software-projects\apps\backend\src\generated\prisma\runtime\client.js:69:7288)
      at process.processTicksAndRejections (node:internal/process/task_queues:103:5)
      at async a (C:\Users\JC\Desktop\Software-projects\apps\backend\src\generated\prisma\runtime\client.js:79:6862)
      at async TestContext.<anonymous> (C:\Users\JC\Desktop\Software-projects\apps\backend\src\modules\ai\agent\ai-actions.http-closure.test.ts:1158:29)
      at async Test.run (node:internal/test_runner/test:1110:7)
      at async Suite.processPendingSubtests (node:internal/test_runner/test:785:7)

test at src\modules\ai\agent\ai-actions.http-closure.test.ts:1:33889
Γ£û material unavailable at confirm fails safely (223.6816ms)
  AssertionError [ERR_ASSERTION]: Expected values to be strictly equal:
  + actual - expected
  
  + 'CONFLICT'
  - 'MATERIAL_NOT_AVAILABLE'
  
      at TestContext.<anonymous> (C:\Users\JC\Desktop\Software-projects\apps\backend\src\modules\ai\agent\ai-actions.http-closure.test.ts:1205:12)
      at process.processTicksAndRejections (node:internal/process/task_queues:103:5)
      at async Test.run (node:internal/test_runner/test:1110:7)
      at async Suite.processPendingSubtests (node:internal/test_runner/test:785:7) {
    generatedMessage: true,
    code: 'ERR_ASSERTION',
    actual: 'CONFLICT',
    expected: 'MATERIAL_NOT_AVAILABLE',
    operator: 'strictEqual',
    diff: 'simple'
  }
